02-06 08:35:16.702     0     0 I input   : HDA ATI HDMI HDMI/DP,pcm=10 as /devices/pci0000:00/0000:00:03.1/0000:0a:00.0/0000:0b:00.0/0000:0c:00.1/sound/card0/input12
02-06 08:35:16.702     0     0 I input   : HDA ATI HDMI HDMI/DP,pcm=11 as /devices/pci0000:00/0000:00:03.1/0000:0a:00.0/0000:0b:00.0/0000:0c:00.1/sound/card0/input13
02-06 08:35:16.713     0     0 I snd_hda_codec_realtek hdaudioC1D0: autoconfig for ALC1220: line_outs=3 (0x1b/0x15/0x16/0x0/0x0) type:line
02-06 08:35:16.713     0     0 I snd_hda_codec_realtek hdaudioC1D0: speaker_outs=0 (0x0/0x0/0x0/0x0/0x0)
02-06 08:35:16.713     0     0 I snd_hda_codec_realtek hdaudioC1D0: hp_outs=1 (0x14/0x0/0x0/0x0/0x0)
02-06 08:35:16.713     0     0 I snd_hda_codec_realtek hdaudioC1D0: mono: mono_out=0x0
02-06 08:35:16.713     0     0 I snd_hda_codec_realtek hdaudioC1D0: dig-out=0x1e/0x0
02-06 08:35:16.713     0     0 I snd_hda_codec_realtek hdaudioC1D0: inputs:
02-06 08:35:16.713     0     0 I snd_hda_codec_realtek hdaudioC1D0: Front Mic=0x19
02-06 08:35:16.713     0     0 I snd_hda_codec_realtek hdaudioC1D0: Rear Mic=0x18
02-06 08:35:16.713     0     0 I snd_hda_codec_realtek hdaudioC1D0: Line=0x1a
02-06 08:35:16.741     0     0 I         : [drm] Found VCN firmware Version ENC: 1.20 DEC: 5 VEP: 0 Revision: 1
02-06 08:35:16.741     0     0 I amdgpu 0000: 0c:00.0: amdgpu: Will use PSP to load VCN firmware
02-06 08:35:16.758     0     0 I input   : HD-Audio Generic Front Mic as /devices/pci0000:00/0000:00:08.1/0000:0e:00.4/sound/card1/input14
02-06 08:35:16.758     0     0 I input   : HD-Audio Generic Rear Mic as /devices/pci0000:00/0000:00:08.1/0000:0e:00.4/sound/card1/input15
02-06 08:35:16.758     0     0 I input   : HD-Audio Generic Line as /devices/pci0000:00/0000:00:08.1/0000:0e:00.4/sound/card1/input16
02-06 08:35:16.758     0     0 I input   : HD-Audio Generic Line Out Front as /devices/pci0000:00/0000:00:08.1/0000:0e:00.4/sound/card1/input17
02-06 08:35:16.758     0     0 I input   : HD-Audio Generic Line Out Surround as /devices/pci0000:00/0000:00:08.1/0000:0e:00.4/sound/card1/input18
02-06 08:35:16.758     0     0 I input   : HD-Audio Generic Line Out CLFE as /devices/pci0000:00/0000:00:08.1/0000:0e:00.4/sound/card1/input19
02-06 08:35:16.758     0     0 I input   : HD-Audio Generic Front Headphone as /devices/pci0000:00/0000:00:08.1/0000:0e:00.4/sound/card1/input20
02-06 08:35:16.793     0     0 I         : [drm] reserve 0x900000 from 0x81fd000000 for PSP TMR
02-06 08:35:16.794     0     0 I intel_rapl_common: Found RAPL domain package
02-06 08:35:16.794     0     0 I intel_rapl_common: Found RAPL domain core
02-06 08:35:16.827     0     0 I iwlwifi 0000: 04:00.0: Detected RF HR B3, rfid=0x10a100
02-06 08:35:16.835     0     0 I amdgpu 0000: 0c:00.0: amdgpu: RAS: optional ras ta ucode is not available
02-06 08:35:16.841     0     0 I amdgpu 0000: 0c:00.0: amdgpu: RAP: optional rap ta ucode is not available
02-06 08:35:16.841     0     0 I amdgpu 0000: 0c:00.0: amdgpu: SECUREDISPLAY: securedisplay ta ucode is not available
02-06 08:35:16.841     0     0 I amdgpu 0000: 0c:00.0: amdgpu: use vbios provided pptable
02-06 08:35:16.841     0     0 I amdgpu 0000: 0c:00.0: amdgpu: smc_dpm_info table revision(format.content): 4.5
02-06 08:35:16.876     0     0 I amdgpu 0000: 0c:00.0: amdgpu: SMU is initialized successfully!
02-06 08:35:16.876     0     0 I         : [drm] Display Core initialized with v3.2.207!
02-06 08:35:16.891     0     0 I iwlwifi 0000: 04:00.0: base HW address: 90:78:41:cb:58:4f
02-06 08:35:16.905     0     0 I snd_hda_intel 0000: 0c:00.1: bound 0000:0c:00.0 (ops amdgpu_dm_audio_component_bind_ops [amdgpu])
02-06 08:35:16.933     0     0 I         : [drm] kiq ring mec 2 pipe 1 q 0
02-06 08:35:16.935     0     0 I         : [drm] VCN decode and encode initialized successfully(under DPG Mode).
02-06 08:35:16.935     0     0 I         : [drm] JPEG decode initialized successfully.
02-06 08:35:16.936     0     0 I         : kfd kfd: amdgpu: Allocated 3969056 bytes on gart
02-06 08:35:16.936     0     0 I amdgpu  : sdma_bitmap: ffff
02-06 08:35:16.987     0     0 I         : memmap_init_zone_device initialised 2097152 pages in 17ms
02-06 08:35:16.987     0     0 I amdgpu  : HMM registered 8176MB device memory
02-06 08:35:16.987     0     0 W amdgpu  : SRAT table not found
02-06 08:35:16.987     0     0 I amdgpu  : Virtual CRAT table created for GPU
02-06 08:35:16.988     0     0 I amdgpu  : Topology: Add dGPU node [0x731f:0x1002]
02-06 08:35:16.988     0     0 I         : kfd kfd: amdgpu: added device 1002:731f
02-06 08:35:16.988     0     0 I amdgpu 0000: 0c:00.0: amdgpu: SE 2, SH per SE 2, CU per SH 10, active_cu_number 40
02-06 08:35:16.988     0     0 I amdgpu 0000: 0c:00.0: amdgpu: ring gfx_0.0.0 uses VM inv eng 0 on hub 0
02-06 08:35:16.988     0     0 I amdgpu 0000: 0c:00.0: amdgpu: ring comp_1.0.0 uses VM inv eng 1 on hub 0
02-06 08:35:16.988     0     0 I amdgpu 0000: 0c:00.0: amdgpu: ring comp_1.1.0 uses VM inv eng 4 on hub 0
02-06 08:35:16.988     0     0 I amdgpu 0000: 0c:00.0: amdgpu: ring comp_1.2.0 uses VM inv eng 5 on hub 0
02-06 08:35:16.988     0     0 I amdgpu 0000: 0c:00.0: amdgpu: ring comp_1.3.0 uses VM inv eng 6 on hub 0
02-06 08:35:16.988     0     0 I amdgpu 0000: 0c:00.0: amdgpu: ring comp_1.0.1 uses VM inv eng 7 on hub 0
02-06 08:35:16.988     0     0 I amdgpu 0000: 0c:00.0: amdgpu: ring comp_1.1.1 uses VM inv eng 8 on hub 0
02-06 08:35:16.988     0     0 I amdgpu 0000: 0c:00.0: amdgpu: ring comp_1.2.1 uses VM inv eng 9 on hub 0
02-06 08:35:16.988     0     0 I amdgpu 0000: 0c:00.0: amdgpu: ring comp_1.3.1 uses VM inv eng 10 on hub 0
02-06 08:35:16.988     0     0 I amdgpu 0000: 0c:00.0: amdgpu: ring kiq_2.1.0 uses VM inv eng 11 on hub 0
02-06 08:35:16.988     0     0 I amdgpu 0000: 0c:00.0: amdgpu: ring sdma0 uses VM inv eng 12 on hub 0
02-06 08:35:16.988     0     0 I amdgpu 0000: 0c:00.0: amdgpu: ring sdma1 uses VM inv eng 13 on hub 0
02-06 08:35:16.988     0     0 I amdgpu 0000: 0c:00.0: amdgpu: ring vcn_dec uses VM inv eng 0 on hub 1
02-06 08:35:16.988     0     0 I amdgpu 0000: 0c:00.0: amdgpu: ring vcn_enc0 uses VM inv eng 1 on hub 1
02-06 08:35:16.988     0     0 I amdgpu 0000: 0c:00.0: amdgpu: ring vcn_enc1 uses VM inv eng 4 on hub 1
02-06 08:35:16.988     0     0 I amdgpu 0000: 0c:00.0: amdgpu: ring jpeg_dec uses VM inv eng 5 on hub 1
02-06 08:35:16.989     0     0 I amdgpu 0000: 0c:00.0: amdgpu: Using BACO for runtime pm
02-06 08:35:16.989     0     0 I         : [drm] Initialized amdgpu 3.49.0 20150101 for 0000:0c:00.0 on minor 0
02-06 08:35:16.992     0     0 I fbcon   : amdgpudrmfb (fb0) is primary device
02-06 08:35:16.992     0     0 I         : [drm] DSC precompute is not needed.
02-06 08:35:17.123     0     0 I Console : switching to colour frame buffer device 240x67
02-06 08:35:17.142     0     0 I amdgpu 0000: 0c:00.0: [drm] fb0: amdgpudrmfb frame buffer device
02-06 08:35:17.842     0     0 I elogind[2036]: New seat seat0.
02-06 08:35:17.843     0     0 I elogind[2036]: Watching system buttons on /dev/input/event1 (Power Button)
02-06 08:35:17.843     0     0 I elogind[2036]: Watching system buttons on /dev/input/event0 (Power Button)
02-06 08:35:17.843     0     0 I elogind[2036]: Watching system buttons on /dev/input/event3 (HP USB Slim Keyboard)
02-06 08:35:17.843     0     0 I elogind[2036]: Watching system buttons on /dev/input/event4 (HP USB Slim Keyboard Consumer Control)
02-06 08:35:17.843     0     0 I elogind[2036]: Watching system buttons on /dev/input/event5 (HP USB Slim Keyboard System Control)
02-06 08:35:17.977     0     0 I         : RTL8226 2.5Gbps PHY r8169-0-600:00: attached PHY driver (mii_bus:phy_addr=r8169-0-600:00, irq=MAC)
02-06 08:35:18.184     0     0 I r8169 0000: 06:00.0 eth1: Link is Down
02-06 08:35:18.232     0     0 I NET     : Registered PF_QIPCRTR protocol family
02-06 08:35:19.116     0     0 I Bluetooth: BNEP (Ethernet Emulation) ver 1.3
02-06 08:35:19.116     0     0 I Bluetooth: BNEP filters: protocol multicast
02-06 08:35:19.116     0     0 I Bluetooth: BNEP socket layer initialized
02-06 08:35:19.117     0     0 I Bluetooth: MGMT ver 1.22
02-06 08:35:19.122     0     0 I NET     : Registered PF_ALG protocol family
02-06 08:35:19.606     0     0 I bridge  : filtering via arp/ip/ip6tables is no longer available by default. Update your scripts to load br_netfilter if you need this.
02-06 08:35:19.610     0     0 I         : Bridge firewalling registered
02-06 08:35:19.937     0     0 I elogind[2036]: New session c1 of user sddm.
02-06 08:35:26.928     0     0 I elogind[2036]: New session 1 of user art.
02-06 08:35:26.936     0     0 I elogind[2036]: Removed session c1.
02-06 08:35:27.600     0     0 I fuse    : init (API version 7.37)
02-06 08:35:36.963     0     0 I usb 5-2 : USB disconnect, device number 2
02-06 08:35:37.361     0     0 I usb 5-2 : new high-speed USB device number 3 using xhci_hcd
02-06 08:35:37.504     0     0 I usb 5-2 : New USB device found, idVendor=04e8, idProduct=6863, bcdDevice= 4.00
02-06 08:35:37.504     0     0 I usb 5-2 : New USB device strings: Mfr=1, Product=2, SerialNumber=3
02-06 08:35:37.504     0     0 I usb 5-2 : Product: SAMSUNG_Android
02-06 08:35:37.504     0     0 I usb 5-2 : Manufacturer: SAMSUNG
02-06 08:35:37.504     0     0 I usb 5-2 : SerialNumber: RF8M63WAPNK
02-06 08:35:37.585     0     0 I usbcore : registered new interface driver cdc_ether
02-06 08:35:37.592     0     0 I rndis_host 5-2: 1.0 usb0: register 'rndis_host' at usb-0000:0e:00.3-2, RNDIS device, 02:2a:11:79:1d:78
02-06 08:35:37.592     0     0 I usbcore : registered new interface driver rndis_host
02-06 08:35:40.075     0     0 I Bluetooth: RFCOMM TTY layer initialized
02-06 08:35:40.075     0     0 I Bluetooth: RFCOMM socket layer initialized
02-06 08:35:40.075     0     0 I Bluetooth: RFCOMM ver 1.11
02-06 08:59:29.875     0     0 I elogind[2036]: Suspending system...
02-06 08:59:29.875     0     0 I PM      : suspend entry (deep)
02-06 08:59:29.879     0     0 I Filesystems sync: 0.004 seconds
02-06 08:59:29.912     0     0 I         : Freezing user space processes ... (elapsed 0.015 seconds) done.
02-06 08:59:29.927     0     0 I         : OOM killer disabled.
02-06 08:59:29.927     0     0 I         : Freezing remaining freezable tasks ... (elapsed 0.001 seconds) done.
02-06 08:59:29.929     0     0 I printk  : Suspending console(s) (use no_console_suspend to debug)
02-06 08:59:29.984     0     0 I sd 8    : 0:0:0: [sda] Synchronizing SCSI cache
02-06 08:59:29.985     0     0 I sd 8    : 0:0:0: [sda] Stopping disk
02-06 08:59:30.320     0     0 I amdgpu 0000: 0c:00.0: amdgpu: free PSP TMR buffer
02-06 08:59:31.230     0     0 I amdgpu 0000: 0c:00.0: amdgpu: MODE1 reset
02-06 08:59:31.230     0     0 I amdgpu 0000: 0c:00.0: amdgpu: GPU mode1 reset
02-06 08:59:31.230     0     0 I amdgpu 0000: 0c:00.0: amdgpu: GPU psp mode1 reset
02-06 08:59:31.737     0     0 I         : [drm] psp mode1 reset succeed
02-06 08:59:31.750     0     0 I amdgpu 0000: 0c:00.0: Refused to change power state from D0 to D3hot
02-06 08:59:31.750     0     0 I ACPI    : PM: Preparing to enter system sleep state S3
02-06 08:59:32.138     0     0 I ACPI    : PM: Saving platform NVS memory
02-06 08:59:32.138     0     0 I         : Disabling non-boot CPUs ...
02-06 08:59:32.140     0     0 I smpboot : CPU 1 is now offline
02-06 08:59:32.143     0     0 I smpboot : CPU 2 is now offline
02-06 08:59:32.145     0     0 I smpboot : CPU 3 is now offline
02-06 08:59:32.147     0     0 I smpboot : CPU 4 is now offline
02-06 08:59:32.150     0     0 I smpboot : CPU 5 is now offline
02-06 08:59:32.152     0     0 I smpboot : CPU 6 is now offline
02-06 08:59:32.153     0     0 I Spectre V2: Update user space SMT mitigation: STIBP off
02-06 08:59:32.154     0     0 I smpboot : CPU 7 is now offline
02-06 08:59:32.157     0     0 I smpboot : CPU 8 is now offline
02-06 08:59:32.159     0     0 I smpboot : CPU 9 is now offline
02-06 08:59:32.161     0     0 I smpboot : CPU 10 is now offline
02-06 08:59:32.163     0     0 I smpboot : CPU 11 is now offline
02-06 08:59:32.163     0     0 I ACPI    : PM: Low-level resume complete
02-06 08:59:32.163     0     0 I ACPI    : PM: Restoring platform NVS memory
02-06 08:59:32.163     0     0 I         : LVT offset 0 assigned for vector 0x400
02-06 08:59:32.164     0     0 I         : Enabling non-boot CPUs ...
02-06 08:59:32.164     0     0 I         : x86: Booting SMP configuration:
02-06 08:59:32.164     0     0 I smpboot : Booting Node 0 Processor 1 APIC 0x2
02-06 08:59:32.164     0     0 I microcode: CPU1: patch_level=0x08701021
02-06 08:59:32.167     0     0 I ACPI    : \_PR_.C002: Found 2 idle states
02-06 08:59:32.168     0     0 I         : CPU1 is up
02-06 08:59:32.168     0     0 I smpboot : Booting Node 0 Processor 2 APIC 0x4
02-06 08:59:32.168     0     0 I microcode: CPU2: patch_level=0x08701021
02-06 08:59:32.171     0     0 I ACPI    : \_PR_.C004: Found 2 idle states
02-06 08:59:32.171     0     0 I         : CPU2 is up
02-06 08:59:32.171     0     0 I smpboot : Booting Node 0 Processor 3 APIC 0x8
02-06 08:59:32.172     0     0 I microcode: CPU3: patch_level=0x08701021
02-06 08:59:32.174     0     0 I ACPI    : \_PR_.C006: Found 2 idle states
02-06 08:59:32.175     0     0 I         : CPU3 is up
02-06 08:59:32.175     0     0 I smpboot : Booting Node 0 Processor 4 APIC 0xa
02-06 08:59:32.175     0     0 I microcode: CPU4: patch_level=0x08701021
02-06 08:59:32.178     0     0 I ACPI    : \_PR_.C008: Found 2 idle states
02-06 08:59:32.178     0     0 I         : CPU4 is up
02-06 08:59:32.178     0     0 I smpboot : Booting Node 0 Processor 5 APIC 0xc
02-06 08:59:32.179     0     0 I microcode: CPU5: patch_level=0x08701021
02-06 08:59:32.181     0     0 I ACPI    : \_PR_.C00A: Found 2 idle states
02-06 08:59:32.182     0     0 I         : CPU5 is up
02-06 08:59:32.182     0     0 I smpboot : Booting Node 0 Processor 6 APIC 0x1
02-06 08:59:32.182     0     0 I microcode: CPU6: patch_level=0x08701021
02-06 08:59:32.185     0     0 I ACPI    : \_PR_.C001: Found 2 idle states
02-06 08:59:32.188     0     0 I Spectre V2: Update user space SMT mitigation: STIBP always-on
02-06 08:59:32.188     0     0 I         : CPU6 is up
02-06 08:59:32.188     0     0 I smpboot : Booting Node 0 Processor 7 APIC 0x3
02-06 08:59:32.188     0     0 I microcode: CPU7: patch_level=0x08701021
02-06 08:59:32.191     0     0 I ACPI    : \_PR_.C003: Found 2 idle states
02-06 08:59:32.193     0     0 I         : CPU7 is up
02-06 08:59:32.193     0     0 I smpboot : Booting Node 0 Processor 8 APIC 0x5
02-06 08:59:32.193     0     0 I microcode: CPU8: patch_level=0x08701021
02-06 08:59:32.195     0     0 I ACPI    : \_PR_.C005: Found 2 idle states
02-06 08:59:32.199     0     0 I         : CPU8 is up
02-06 08:59:32.199     0     0 I smpboot : Booting Node 0 Processor 9 APIC 0x9
02-06 08:59:32.199     0     0 I microcode: CPU9: patch_level=0x08701021
02-06 08:59:32.202     0     0 I ACPI    : \_PR_.C007: Found 2 idle states
02-06 08:59:32.205     0     0 I         : CPU9 is up
02-06 08:59:32.205     0     0 I smpboot : Booting Node 0 Processor 10 APIC 0xb
02-06 08:59:32.206     0     0 I microcode: CPU10: patch_level=0x08701021
02-06 08:59:32.208     0     0 I ACPI    : \_PR_.C009: Found 2 idle states
02-06 08:59:32.210     0     0 I         : CPU10 is up
02-06 08:59:32.210     0     0 I smpboot : Booting Node 0 Processor 11 APIC 0xd
02-06 08:59:32.210     0     0 I microcode: CPU11: patch_level=0x08701021
02-06 08:59:32.213     0     0 I ACPI    : \_PR_.C00B: Found 2 idle states
02-06 08:59:32.216     0     0 I         : CPU11 is up
02-06 08:59:32.217     0     0 I ACPI    : PM: Waking up from system sleep state S3
02-06 08:59:32.270     0     0 I sd 8    : 0:0:0: [sda] Starting disk
02-06 08:59:32.271     0     0 I nvme0   : Shutdown timeout set to 8 seconds
02-06 08:59:32.300     0     0 I nvme0   : 32/0/0 default/read/poll queues
02-06 08:59:32.581     0     0 I ata5    : SATA link down (SStatus 0 SControl 300)
02-06 08:59:32.581     0     0 I ata3    : SATA link down (SStatus 0 SControl 300)
02-06 08:59:32.581     0     0 I ata10   : SATA link down (SStatus 0 SControl 300)
02-06 08:59:32.581     0     0 I ata4    : SATA link down (SStatus 0 SControl 300)
02-06 08:59:32.581     0     0 I ata6    : SATA link down (SStatus 0 SControl 300)
02-06 08:59:32.738     0     0 I ata9    : SATA link up 3.0 Gbps (SStatus 123 SControl 300)
02-06 08:59:32.749     0     0 I ata9.00 : configured for UDMA/133
02-06 08:59:33.744     0     0 I         : [drm] PCIE GART of 512M enabled (table at 0x0000008000200000).
02-06 08:59:33.744     0     0 I         : [drm] PSP is resuming...
02-06 08:59:33.793     0     0 I         : [drm] reserve 0x900000 from 0x81fd000000 for PSP TMR
02-06 08:59:33.836     0     0 I amdgpu 0000: 0c:00.0: amdgpu: RAS: optional ras ta ucode is not available
02-06 08:59:33.841     0     0 I amdgpu 0000: 0c:00.0: amdgpu: RAP: optional rap ta ucode is not available
02-06 08:59:33.841     0     0 I amdgpu 0000: 0c:00.0: amdgpu: SECUREDISPLAY: securedisplay ta ucode is not available
02-06 08:59:33.841     0     0 I amdgpu 0000: 0c:00.0: amdgpu: SMU is resuming...
02-06 08:59:33.841     0     0 I amdgpu 0000: 0c:00.0: amdgpu: use vbios provided pptable
02-06 08:59:33.841     0     0 I amdgpu 0000: 0c:00.0: amdgpu: smc_dpm_info table revision(format.content): 4.5
02-06 08:59:33.877     0     0 I amdgpu 0000: 0c:00.0: amdgpu: SMU is resumed successfully!
02-06 08:59:34.018     0     0 I         : [drm] kiq ring mec 2 pipe 1 q 0
02-06 08:59:34.020     0     0 I         : [drm] VCN decode and encode initialized successfully(under DPG Mode).
02-06 08:59:34.021     0     0 I         : [drm] JPEG decode initialized successfully.
02-06 08:59:34.021     0     0 I amdgpu 0000: 0c:00.0: amdgpu: ring gfx_0.0.0 uses VM inv eng 0 on hub 0
02-06 08:59:34.021     0     0 I amdgpu 0000: 0c:00.0: amdgpu: ring comp_1.0.0 uses VM inv eng 1 on hub 0
02-06 08:59:34.021     0     0 I amdgpu 0000: 0c:00.0: amdgpu: ring comp_1.1.0 uses VM inv eng 4 on hub 0
02-06 08:59:34.021     0     0 I amdgpu 0000: 0c:00.0: amdgpu: ring comp_1.2.0 uses VM inv eng 5 on hub 0
02-06 08:59:34.021     0     0 I amdgpu 0000: 0c:00.0: amdgpu: ring comp_1.3.0 uses VM inv eng 6 on hub 0
02-06 08:59:34.021     0     0 I amdgpu 0000: 0c:00.0: amdgpu: ring comp_1.0.1 uses VM inv eng 7 on hub 0
02-06 08:59:34.021     0     0 I amdgpu 0000: 0c:00.0: amdgpu: ring comp_1.1.1 uses VM inv eng 8 on hub 0
02-06 08:59:34.021     0     0 I amdgpu 0000: 0c:00.0: amdgpu: ring comp_1.2.1 uses VM inv eng 9 on hub 0
02-06 08:59:34.021     0     0 I amdgpu 0000: 0c:00.0: amdgpu: ring comp_1.3.1 uses VM inv eng 10 on hub 0
02-06 08:59:34.021     0     0 I amdgpu 0000: 0c:00.0: amdgpu: ring kiq_2.1.0 uses VM inv eng 11 on hub 0
02-06 08:59:34.021     0     0 I amdgpu 0000: 0c:00.0: amdgpu: ring sdma0 uses VM inv eng 12 on hub 0
02-06 08:59:34.021     0     0 I amdgpu 0000: 0c:00.0: amdgpu: ring sdma1 uses VM inv eng 13 on hub 0
02-06 08:59:34.021     0     0 I amdgpu 0000: 0c:00.0: amdgpu: ring vcn_dec uses VM inv eng 0 on hub 1
02-06 08:59:34.021     0     0 I amdgpu 0000: 0c:00.0: amdgpu: ring vcn_enc0 uses VM inv eng 1 on hub 1
02-06 08:59:34.021     0     0 I amdgpu 0000: 0c:00.0: amdgpu: ring vcn_enc1 uses VM inv eng 4 on hub 1
02-06 08:59:34.021     0     0 I amdgpu 0000: 0c:00.0: amdgpu: ring jpeg_dec uses VM inv eng 5 on hub 1
02-06 08:59:34.021     0     0 E amdgpu 0000: 0c:00.0: amdgpu: Failed to set manual fan control mode
02-06 08:59:34.026     0     0 I         : OOM killer enabled.
02-06 08:59:34.026     0     0 I         : Restarting tasks ... done.
02-06 08:59:34.031     0     0 I random  : crng reseeded on system resumption
02-06 08:59:34.031     0     0 W thermal_zone1: failed to read out thermal zone (-61)
02-06 08:59:34.035     0     0 I PM      : suspend exit
02-06 08:59:34.036     0     0 I elogind[2036]: System resumed.
02-06 08:59:34.118     0     0 I         : RTL8226 2.5Gbps PHY r8169-0-600:00: attached PHY driver (mii_bus:phy_addr=r8169-0-600:00, irq=MAC)
02-06 08:59:34.292     0     0 I r8169 0000: 06:00.0 eth1: Link is Down
02-06 08:59:41.538     0     0 I sdb     : sdb1 sdb2
02-06 09:00:09.569     0     0 I usb 5-2 : USB disconnect, device number 3
02-06 09:00:09.570     0     0 I rndis_host 5-2: 1.0 usb0: unregister 'rndis_host' usb-0000:0e:00.3-2, RNDIS device
02-06 09:00:10.418     0     0 I usb 5-2 : new high-speed USB device number 4 using xhci_hcd
02-06 09:00:10.569     0     0 I usb 5-2 : New USB device found, idVendor=04e8, idProduct=6860, bcdDevice= 4.00
02-06 09:00:10.569     0     0 I usb 5-2 : New USB device strings: Mfr=1, Product=2, SerialNumber=3
02-06 09:00:10.569     0     0 I usb 5-2 : Product: SAMSUNG_Android
02-06 09:00:10.569     0     0 I usb 5-2 : Manufacturer: SAMSUNG
02-06 09:00:10.569     0     0 I usb 5-2 : SerialNumber: RF8M63WAPNK
02-06 09:00:10.957     0     0 I usb 5-2 : USB disconnect, device number 4
02-06 09:00:11.318     0     0 I usb 5-2 : new high-speed USB device number 5 using xhci_hcd
02-06 09:00:11.468     0     0 I usb 5-2 : New USB device found, idVendor=04e8, idProduct=6863, bcdDevice= 4.00
02-06 09:00:11.468     0     0 I usb 5-2 : New USB device strings: Mfr=1, Product=2, SerialNumber=3
02-06 09:00:11.468     0     0 I usb 5-2 : Product: SAMSUNG_Android
02-06 09:00:11.468     0     0 I usb 5-2 : Manufacturer: SAMSUNG
02-06 09:00:11.468     0     0 I usb 5-2 : SerialNumber: RF8M63WAPNK
02-06 09:00:11.507     0     0 I rndis_host 5-2: 1.0 usb0: register 'rndis_host' at usb-0000:0e:00.3-2, RNDIS device, 02:2a:11:79:1d:78
02-06 09:05:37.273     0     0 I loop    : module loaded
02-06 09:05:37.273     0     0 I loop0   : detected capacity change from 0 to 3734832
02-06 09:05:37.282     0     0 I EXT4-fs (loop0): mounted filesystem without journal. Quota mode: none.
02-06 09:05:37.289     0     0 I EXT4-fs (loop0): re-mounted. Quota mode: none.
02-06 09:05:37.292     0     0 I loop1   : detected capacity change from 0 to 887416
02-06 09:05:37.301     0     0 I EXT4-fs (loop1): mounted filesystem without journal. Quota mode: none.
02-06 09:05:37.308     0     0 I EXT4-fs (loop1): re-mounted. Quota mode: none.
02-06 09:05:37.398     0     0 I waydroid0: port 1(vethOZcYN6) entered blocking state
02-06 09:05:37.398     0     0 I waydroid0: port 1(vethOZcYN6) entered disabled state
02-06 09:05:37.398     0     0 I         : device vethOZcYN6 entered promiscuous mode
02-06 09:05:37.398     0     0 I waydroid0: port 1(vethOZcYN6) entered blocking state
02-06 09:05:37.398     0     0 I waydroid0: port 1(vethOZcYN6) entered forwarding state
02-06 09:05:37.399     0     0 I waydroid0: port 1(vethOZcYN6) entered disabled state
02-06 09:05:37.399     0     0 I eth0    : renamed from veth3jM9JA
02-06 09:05:37.429     0     0 I IPv6    : ADDRCONF(NETDEV_CHANGE): vethOZcYN6: link becomes ready
02-06 09:05:37.429     0     0 I waydroid0: port 1(vethOZcYN6) entered blocking state
02-06 09:05:37.429     0     0 I waydroid0: port 1(vethOZcYN6) entered forwarding state
02-06 09:05:37.429     0     0 I IPv6    : ADDRCONF(NETDEV_CHANGE): waydroid0: link becomes ready
02-06 09:05:37.469     0     0 I init    : init first stage started!
02-06 09:05:37.469     0     0 I init    : Unable to open /lib/modules, skipping module loading.
02-06 09:05:37.469     0     0 I init    : Skipped setting INIT_AVB_VERSION (not in recovery mode)
02-06 09:05:37.475     0     0 I init    : init second stage started!
02-06 09:05:37.481     0     0 I init    : Using Android DT directory /proc/device-tree/firmware/android/
02-06 09:05:37.482     0     0 W init    : Couldn't load property file '/vendor_extra/build.prop': open() failed: No such file or directory: No such file or directory
02-06 09:05:37.483     0     0 W init    : Couldn't load property file '/factory/factory.prop': open() failed: No such file or directory: No such file or directory
02-06 09:05:37.483     0     0 I init    : Setting product property ro.product.brand to 'waydroid' (from ro.product.product.brand)
02-06 09:05:37.483     0     0 I init    : Setting product property ro.product.device to 'waydroid_x86_64' (from ro.product.product.device)
02-06 09:05:37.483     0     0 I init    : Setting product property ro.product.manufacturer to 'Waydroid' (from ro.product.product.manufacturer)
02-06 09:05:37.483     0     0 I init    : Setting product property ro.product.model to 'WayDroid x86_64 Device' (from ro.product.product.model)
02-06 09:05:37.483     0     0 I init    : Setting product property ro.product.name to 'lineage_waydroid_x86_64' (from ro.product.product.name)
02-06 09:05:37.483     0     0 I init    : Setting property 'ro.build.fingerprint' to 'waydroid/lineage_waydroid_x86_64/waydroid_x86_64:11/RQ3A.211001.001/18:userdebug/test-keys'
02-06 09:05:37.497     0     0 W         : new mount options do not match the existing superblock, will be ignored
02-06 09:05:37.497     0     0 E cgroup  : Unknown subsys name 'schedtune'
--------- beginning of system
02-06 09:05:37.537    29    29 I vold    : Vold 3.0 (the awakening) firing up
02-06 09:05:37.537    29    29 D vold    : Detected support for: ext4 ntfs
02-06 09:05:37.538    29    29 E vold    : Failed to open device-mapper: No such file or directory
02-06 09:05:37.538    29    29 E vold    : DM_LIST_DEVICES failed: Bad file descriptor
02-06 09:05:37.538    29    29 E vold    : Failed to get dm devices
02-06 09:05:37.538    29    29 E vold    : Failed to opendir: No such file or directory
02-06 09:05:37.541     0     0 I ueventd : ueventd started!
02-06 09:05:37.541     0     0 I selinux : SELinux: Loaded file_contexts
02-06 09:05:37.541     0     0 I selinux :  
02-06 09:05:37.541     0     0 I ueventd : Parsing file /system/etc/ueventd.rc...
02-06 09:05:37.541     0     0 I ueventd : Parsing file /vendor/ueventd.rc...
02-06 09:05:37.541     0     0 I ueventd : Unable to read config file '/vendor/ueventd.rc': open() failed: No such file or directory
02-06 09:05:37.541     0     0 I ueventd : Parsing file /odm/ueventd.rc...
02-06 09:05:37.541     0     0 I ueventd : Unable to read config file '/odm/ueventd.rc': open() failed: No such file or directory
02-06 09:05:37.541     0     0 I ueventd : Parsing file /ueventd.unknown.rc...
02-06 09:05:37.541     0     0 I ueventd : Unable to read config file '/ueventd.unknown.rc': open() failed: No such file or directory
02-06 09:05:37.543    29    29 D vold    : VoldNativeService::start() completed OK
02-06 09:05:37.548     0     0 I apexd   : This device does not support updatable APEX. Exiting
02-06 09:05:37.680     0     0 E cgroup  : Unknown subsys name 'bfqio'
02-06 09:05:37.686     0     0 I logd.auditd: start
02-06 09:05:37.689     0     0 I binder_linux: 11681:11681 transaction failed 29189/-22, size 0-0 line 2987
02-06 09:05:38.560    29    29 I Checkpoint: cp_prepareCheckpoint called
02-06 09:05:38.584    29    29 D vold    : fscrypt_init_user0
02-06 09:05:38.584    29    29 D vold    : fscrypt_prepare_user_storage for volume null, user 0, serial 0, flags 1
02-06 09:05:38.584    29    29 D vold    : Preparing: /data/system/users/0
02-06 09:05:38.584    29    29 D vold    : Preparing: /data/misc/profiles/cur/0
02-06 09:05:38.584    29    29 D vold    : Preparing: /data/system_de/0
02-06 09:05:38.584    29    29 D vold    : Preparing: /data/misc_de/0
02-06 09:05:38.584    29    29 D vold    : Preparing: /data/vendor_de/0
02-06 09:05:38.584    29    29 D vold    : Preparing: /data/user_de/0
02-06 09:05:38.584    29    29 D vold    : /system/bin/vold_prepare_subdirs
02-06 09:05:38.584    29    29 D vold    :     prepare
02-06 09:05:38.584    29    29 D vold    :     
02-06 09:05:38.584    29    29 D vold    :     0
02-06 09:05:38.584    29    29 D vold    :     1
02-06 09:05:38.589    29    29 D vold    : fscrypt_unlock_user_key 0 serial=0 token_present=0
02-06 09:05:38.728    94    94 I gsid    : no DSU: No such file or directory
02-06 09:05:38.732     0     0 I apexd   : This device does not support updatable APEX. Exiting
02-06 09:05:38.732     0     0 I apexd   : Marking APEXd as activated
02-06 09:05:38.748     0     0 D vdc     : Waited 0ms for vold
02-06 09:05:38.760     0     0 I apexd   : This device does not support updatable APEX. Exiting
02-06 09:05:38.760     0     0 I apexd   : Marking APEXd as ready
02-06 09:05:38.814     0     0 I logd.daemon: reinit
02-06 09:05:38.847   138   138 I installd: installd firing up
02-06 09:05:38.848   144   155 I storaged: storaged: Start
02-06 09:05:38.868   146   146 I wificond: wificond is starting up...
02-06 09:05:38.868   146   146 I HidlServiceManagement: Registered android.system.wifi.keystore@1.0::IKeystore/default
02-06 09:05:38.933     0     0 I         : IPsec XFRM device driver
02-06 09:05:38.976     0     0 I         : Guest personality initialized and is inactive
02-06 09:05:38.976     0     0 I         : VMCI host device registered (name=vmci, major=10, minor=118)
02-06 09:05:38.976     0     0 I         : Initialized host personality
02-06 09:05:38.984     0     0 I NET     : Registered PF_VSOCK protocol family
02-06 09:05:39.226    62    62 D Zygote32Timing: PostZygoteInitGC took to complete: 6ms
02-06 09:05:39.226    62    62 D Zygote32Timing: ZygoteInit took to complete: 10ms
02-06 09:05:39.230    61    61 D Zygote64Timing: BeginPreload took to complete: 10ms
02-06 09:05:39.291   233   246 D BootAnimation: BootAnimationShownTiming start time: 31500482ms
02-06 09:05:39.578    61    61 D Zygote64Timing: PreloadClasses took to complete: 348ms
02-06 09:05:39.581    61    61 D Zygote64Timing: CacheNonBootClasspathClassLoaders took to complete: 3ms
02-06 09:05:39.592    61    61 D Zygote64Timing: PreloadResources took to complete: 11ms
02-06 09:05:39.603    61    61 D Zygote64Timing: ZygotePreload took to complete: 383ms
02-06 09:05:39.618    61    61 D Zygote64Timing: PostZygoteInitGC took to complete: 15ms
02-06 09:05:39.618    61    61 D Zygote64Timing: ZygoteInit took to complete: 403ms
02-06 09:05:39.737   262   262 I chatty  : uid=1000 system_server expire 158 lines
02-06 09:05:39.883   262   286 I chatty  : uid=1000 system_server expire 85 lines
02-06 09:05:39.931   262   293 I chatty  : uid=1000(system) batterystats-wo expire 9 lines
02-06 09:05:39.979   262   287 I chatty  : uid=1000(system) android.bg expire 1 line
02-06 09:05:39.986   262   282 I chatty  : uid=1000(system) android.display expire 2 lines
02-06 09:05:39.987   262   262 I chatty  : uid=1000 system_server expire 253 lines
02-06 09:05:40.118   262   305 I chatty  : uid=1000 system_server expire 7 lines
02-06 09:05:40.155   262   262 I chatty  : uid=1000 system_server expire 216 lines
02-06 09:05:40.156   262   290 I chatty  : uid=1000(system) ActivityManager expire 1 line
02-06 09:05:40.159   262   277 I chatty  : uid=1000(system) Binder:262_2 expire 2 lines
02-06 09:05:40.230   262   307 I chatty  : uid=1000 system_server expire 6 lines
02-06 09:05:40.237   262   313 I chatty  : uid=1000 system_server expire 4 lines
02-06 09:05:40.237   262   314 I chatty  : uid=1000 system_server expire 4 lines
02-06 09:05:40.239   262   287 I chatty  : uid=1000(system) android.bg expire 1 line
02-06 09:05:40.242    62    62 D ZygoteInitTiming_lazy: BeginPreload took to complete: 5ms
02-06 09:05:40.305   262   282 I chatty  : uid=1000(system) android.display expire 1 line
02-06 09:05:40.323   262   320 I chatty  : uid=1000 system_server expire 6 lines
02-06 09:05:40.334   262   327 I chatty  : uid=1000(system) StorageManagerS expire 4 lines
02-06 09:05:40.335   262   328 I chatty  : uid=1000 system_server expire 4 lines
02-06 09:05:40.360   262   324 I chatty  : uid=1000(system) NetworkWatchlis expire 1 line
02-06 09:05:40.421   262   262 I chatty  : uid=1000 system_server expire 242 lines
02-06 09:05:40.453   262   354 I chatty  : uid=1000 system_server expire 4 lines
02-06 09:05:40.456   262   339 I chatty  : uid=1000(system) ConnectivitySer expire 1 line
02-06 09:05:40.459   262   358 I chatty  : uid=1000 system_server expire 7 lines
02-06 09:05:40.471   262   280 I chatty  : uid=1000(system) android.ui expire 1 line
02-06 09:05:40.482   262   262 I chatty  : uid=1000 system_server expire 251 lines
02-06 09:05:40.483   262   370 I chatty  : uid=1000 system_server expire 4 lines
02-06 09:05:40.486   262   262 I chatty  : uid=1000 system_server expire 243 lines
02-06 09:05:40.491   262   339 I chatty  : uid=1000(system) ConnectivitySer expire 2 lines
02-06 09:05:40.496   146   146 E wificond: Failed to get wiphy index
02-06 09:05:40.498   262   326 I chatty  : uid=1000(system) Binder:262_3 expire 1 line
02-06 09:05:40.502   262   296 I chatty  : uid=1000(system) PowerManagerSer expire 2 lines
02-06 09:05:40.515   262   287 I chatty  : uid=1000(system) android.bg expire 4 lines
02-06 09:05:40.520   262   298 I chatty  : uid=1000(system) PackageManager expire 3 lines
02-06 09:05:40.521   262   262 I chatty  : uid=1000 system_server expire 190 lines
02-06 09:05:40.523   262   286 I chatty  : uid=1000 system_server expire 9 lines
02-06 09:05:40.523   262   386 I chatty  : uid=1000 system_server expire 5 lines
02-06 09:05:40.523   262   387 I chatty  : uid=1000 system_server expire 4 lines
02-06 09:05:40.523   262   354 I chatty  : uid=1000 system_server expire 10 lines
02-06 09:05:40.523   262   370 I chatty  : uid=1000 system_server expire 7 lines
02-06 09:05:40.523   262   328 I chatty  : uid=1000 system_server expire 7 lines
02-06 09:05:40.523   262   307 I chatty  : uid=1000 system_server expire 5 lines
02-06 09:05:40.523   262   358 I chatty  : uid=1000 system_server expire 4 lines
02-06 09:05:40.523   262   314 I chatty  : uid=1000 system_server expire 4 lines
02-06 09:05:40.523   262   305 I chatty  : uid=1000 system_server expire 5 lines
02-06 09:05:40.523   262   320 I chatty  : uid=1000 system_server expire 8 lines
02-06 09:05:40.524   262   286 I chatty  : uid=1000 system_server expire 3 lines
02-06 09:05:40.524   262   358 I chatty  : uid=1000 system_server expire 4 lines
02-06 09:05:40.524   262   262 I chatty  : uid=1000 system_server expire 199 lines
02-06 09:05:40.524   262   307 I chatty  : uid=1000 system_server expire 7 lines
02-06 09:05:40.524   262   328 I chatty  : uid=1000 system_server expire 5 lines
02-06 09:05:40.524   262   314 I chatty  : uid=1000 system_server expire 8 lines
02-06 09:05:40.524   262   386 I chatty  : uid=1000 system_server expire 3 lines
02-06 09:05:40.524   262   305 I chatty  : uid=1000 system_server expire 7 lines
02-06 09:05:40.524   262   370 I chatty  : uid=1000 system_server expire 5 lines
02-06 09:05:40.524   262   354 I chatty  : uid=1000 system_server expire 2 lines
02-06 09:05:40.524   262   387 I chatty  : uid=1000 system_server expire 4 lines
02-06 09:05:40.556    62    62 D ZygoteInitTiming_lazy: PreloadClasses took to complete: 314ms
02-06 09:05:40.560    62    62 D ZygoteInitTiming_lazy: CacheNonBootClasspathClassLoaders took to complete: 4ms
02-06 09:05:40.569   262   281 I chatty  : uid=1000(system) android.io expire 3 lines
02-06 09:05:40.575    62    62 D ZygoteInitTiming_lazy: PreloadResources took to complete: 15ms
02-06 09:05:40.591   262   327 I chatty  : uid=1000(system) StorageManagerS expire 1 line
02-06 09:05:40.591   262   289 I chatty  : uid=1000(system) ActivityManager expire 1 line
02-06 09:05:40.593   262   262 I SystemServerTiming: OnBootPhase_550_com.android.server.biometrics.AuthService
02-06 09:05:40.593   262   262 D SystemServerTiming: OnBootPhase_550_com.android.server.biometrics.AuthService took to complete: 0ms
02-06 09:05:40.593   262   262 I SystemServerTiming: OnBootPhase_550_com.android.server.blob.BlobStoreManagerService
02-06 09:05:40.593   262   348 D BluetoothManagerService: Trying to bind to profile: 1, while Bluetooth was disabled
02-06 09:05:40.593   262   262 D SystemServerTiming: OnBootPhase_550_com.android.server.blob.BlobStoreManagerService took to complete: 0ms
02-06 09:05:40.593   262   262 I SystemServerTiming: OnBootPhase_550_com.android.server.pm.ShortcutService$Lifecycle
02-06 09:05:40.593   262   262 D SystemServerTiming: OnBootPhase_550_com.android.server.pm.ShortcutService$Lifecycle took to complete: 0ms
02-06 09:05:40.593   262   262 I SystemServerTiming: OnBootPhase_550_com.android.server.pm.LauncherAppsService
02-06 09:05:40.593   262   262 D SystemServerTiming: OnBootPhase_550_com.android.server.pm.LauncherAppsService took to complete: 0ms
02-06 09:05:40.593   262   262 I SystemServerTiming: OnBootPhase_550_com.android.server.pm.CrossProfileAppsService
02-06 09:05:40.593   262   262 D SystemServerTiming: OnBootPhase_550_com.android.server.pm.CrossProfileAppsService took to complete: 0ms
02-06 09:05:40.593   262   262 I SystemServerTiming: OnBootPhase_550_com.android.server.people.PeopleService
02-06 09:05:40.593   262   262 D SystemServerTiming: OnBootPhase_550_com.android.server.people.PeopleService took to complete: 0ms
02-06 09:05:40.593   262   262 I SystemServerTiming: OnBootPhase_550_com.android.server.media.projection.MediaProjectionManagerService
02-06 09:05:40.593   262   262 D SystemServerTiming: OnBootPhase_550_com.android.server.media.projection.MediaProjectionManagerService took to complete: 0ms
02-06 09:05:40.593   262   262 I SystemServerTiming: OnBootPhase_550_com.android.server.slice.SliceManagerService$Lifecycle
02-06 09:05:40.593   262   262 D SystemServerTiming: OnBootPhase_550_com.android.server.slice.SliceManagerService$Lifecycle took to complete: 0ms
02-06 09:05:40.593   262   262 I SystemServerTiming: OnBootPhase_550_com.android.server.camera.CameraServiceProxy
02-06 09:05:40.593   262   262 D SystemServerTiming: OnBootPhase_550_com.android.server.camera.CameraServiceProxy took to complete: 0ms
02-06 09:05:40.593   262   262 I SystemServerTiming: OnBootPhase_550_com.android.server.stats.StatsCompanion$Lifecycle
02-06 09:05:40.593   262   262 D SystemServerTiming: OnBootPhase_550_com.android.server.stats.StatsCompanion$Lifecycle took to complete: 0ms
02-06 09:05:40.593   262   262 I SystemServerTiming: OnBootPhase_550_com.android.server.stats.pull.StatsPullAtomService
02-06 09:05:40.593   262   262 D SystemServerTiming: OnBootPhase_550_com.android.server.stats.pull.StatsPullAtomService took to complete: 0ms
02-06 09:05:40.593   262   262 I SystemServerTiming: OnBootPhase_550_com.android.server.incident.IncidentCompanionService
02-06 09:05:40.593   262   262 D SystemServerTiming: OnBootPhase_550_com.android.server.incident.IncidentCompanionService took to complete: 0ms
02-06 09:05:40.593   262   262 I SystemServerTiming: OnBootPhase_550_com.android.server.MmsServiceBroker
02-06 09:05:40.593   262   262 D SystemServerTiming: OnBootPhase_550_com.android.server.MmsServiceBroker took to complete: 0ms
02-06 09:05:40.593   262   262 I SystemServerTiming: OnBootPhase_550_com.android.server.autofill.AutofillManagerService
02-06 09:05:40.593   262   262 D SystemServerTiming: OnBootPhase_550_com.android.server.autofill.AutofillManagerService took to complete: 0ms
02-06 09:05:40.593   262   262 I SystemServerTiming: OnBootPhase_550_com.android.server.clipboard.ClipboardService
02-06 09:05:40.593   262   262 D SystemServerTiming: OnBootPhase_550_com.android.server.clipboard.ClipboardService took to complete: 0ms
02-06 09:05:40.593   262   262 I SystemServerTiming: OnBootPhase_550_com.android.server.appbinding.AppBindingService$Lifecycle
02-06 09:05:40.593   262   262 I AppBindingService: Updating constants with: null
02-06 09:05:40.593   262   262 D SystemServerTiming: OnBootPhase_550_com.android.server.appbinding.AppBindingService$Lifecycle took to complete: 0ms
02-06 09:05:40.593   262   262 I SystemServerTiming: OnBootPhase_550_org.lineageos.platform.internal.ProfileManagerService
02-06 09:05:40.650   262   313 D SystemServerTimingAsync: SecondaryZygotePreload took to complete: 377ms
02-06 09:05:40.650   262   289 I ActivityManager: Start proc 415:com.android.systemui/u0a135 for service {com.android.systemui/com.android.systemui.ImageWallpaper}
02-06 09:05:40.650   262   313 D SystemServerInitThreadPool: Finished executing SecondaryZygotePreload
02-06 09:05:40.650   262   313 D SystemServerTimingAsync: InitThreadPoolExec:SecondaryZygotePreload took to complete: 413ms
02-06 09:05:40.650   262   289 W ActivityManager: Slow operation: 59ms so far, now at startProcess: starting to update pids map
02-06 09:05:40.650   262   289 W ActivityManager: Slow operation: 59ms so far, now at startProcess: done updating pids map
02-06 09:05:40.653   262   262 W SystemServiceManager: Service org.lineageos.platform.internal.ProfileManagerService took 59 ms in onBootPhase
02-06 09:05:40.653   262   262 D SystemServerTiming: OnBootPhase_550_org.lineageos.platform.internal.ProfileManagerService took to complete: 59ms
02-06 09:05:40.653   262   262 I SystemServerTiming: OnBootPhase_550_org.lineageos.platform.internal.LineageHardwareService
02-06 09:05:40.653   262   262 D SystemServerTiming: OnBootPhase_550_org.lineageos.platform.internal.LineageHardwareService took to complete: 0ms
02-06 09:05:40.653   262   262 I SystemServerTiming: OnBootPhase_550_org.lineageos.platform.internal.PerformanceManagerService
02-06 09:05:40.653   262   262 D SystemServerTiming: OnBootPhase_550_org.lineageos.platform.internal.PerformanceManagerService took to complete: 0ms
02-06 09:05:40.653   262   262 I SystemServerTiming: OnBootPhase_550_org.lineageos.platform.internal.display.LiveDisplayService
02-06 09:05:40.653   262   262 D SystemServerTiming: OnBootPhase_550_org.lineageos.platform.internal.display.LiveDisplayService took to complete: 0ms
02-06 09:05:40.653   262   262 I SystemServerTiming: OnBootPhase_550_org.lineageos.platform.internal.LineageAudioService
02-06 09:05:40.653   262   262 D SystemServerTiming: OnBootPhase_550_org.lineageos.platform.internal.LineageAudioService took to complete: 0ms
02-06 09:05:40.653   262   262 I SystemServerTiming: OnBootPhase_550_org.lineageos.platform.internal.LineageSettingsService
02-06 09:05:40.653   262   262 D SystemServerTiming: OnBootPhase_550_org.lineageos.platform.internal.LineageSettingsService took to complete: 0ms
02-06 09:05:40.653   262   262 I SystemServerTiming: OnBootPhase_550_org.lineageos.platform.internal.LineageGlobalActionsService
02-06 09:05:40.653   262   262 D SystemServerTiming: OnBootPhase_550_org.lineageos.platform.internal.LineageGlobalActionsService took to complete: 0ms
02-06 09:05:40.653   262   262 I SystemServerTiming: OnBootPhase_550_org.lineageos.platform.internal.WayDroidService
02-06 09:05:40.653   262   262 D SystemServerTiming: OnBootPhase_550_org.lineageos.platform.internal.WayDroidService took to complete: 0ms
02-06 09:05:40.653   262   262 I SystemServerTiming: OnBootPhase_550_com.android.server.policy.PermissionPolicyService
02-06 09:05:40.661   262   262 I PackageManager: Permission ownership changed. Updating all permissions.
02-06 09:05:40.664   262   262 D SystemServerTiming: OnBootPhase_550_com.android.server.policy.PermissionPolicyService took to complete: 11ms
02-06 09:05:40.664   262   262 I SystemServerTiming: OnBootPhase_550_com.android.server.pm.StagingManager$Lifecycle
02-06 09:05:40.664   262   262 D SystemServerTiming: OnBootPhase_550_com.android.server.pm.StagingManager$Lifecycle took to complete: 0ms
02-06 09:05:40.664   262   262 D SystemServerTiming: OnBootPhase_550 took to complete: 122ms
02-06 09:05:40.664   262   262 D SystemServerTiming: StartActivityManagerReadyPhase took to complete: 122ms
02-06 09:05:40.664   262   262 I SystemServerTiming: StartObservingNativeCrashes
02-06 09:05:40.664   262   262 D SystemServerTiming: StartObservingNativeCrashes took to complete: 0ms
02-06 09:05:40.664   262   262 I SystemServerTiming: StartSystemUI
02-06 09:05:40.664   262   354 I SystemServerTimingAsync: InitThreadPoolExec:WebViewFactoryPreparation
02-06 09:05:40.664   262   354 D SystemServerInitThreadPool: Started executing WebViewFactoryPreparation
02-06 09:05:40.664   262   354 I SystemServer: WebViewFactoryPreparation
02-06 09:05:40.664   262   354 I SystemServerTimingAsync: WebViewFactoryPreparation
02-06 09:05:40.664   262   262 D SystemServerTiming: StartSystemUI took to complete: 0ms
02-06 09:05:40.664   262   262 I SystemServerTiming: MakeNetworkManagementServiceReady
02-06 09:05:40.665   262   339 D ConnectivityService: NetReassign [no changes]
02-06 09:05:40.665   262   354 D SystemServerTimingAsync: WebViewFactoryPreparation took to complete: 1ms
02-06 09:05:40.665   262   354 D SystemServerInitThreadPool: Finished executing WebViewFactoryPreparation
02-06 09:05:40.665   262   354 D SystemServerTimingAsync: InitThreadPoolExec:WebViewFactoryPreparation took to complete: 1ms
02-06 09:05:40.665   262   262 D SystemServerTiming: MakeNetworkManagementServiceReady took to complete: 1ms
02-06 09:05:40.665   262   262 I SystemServerTiming: MakeIpSecServiceReady
02-06 09:05:40.665   262   262 D IpSecService: IpSecService is ready
02-06 09:05:40.665   262   262 D SystemServerTiming: MakeIpSecServiceReady took to complete: 0ms
02-06 09:05:40.665   262   262 I SystemServerTiming: MakeNetworkStatsServiceReady
02-06 09:05:40.669   262   332 W NetworkPolicy: setRestrictBackgroundUL: already false
02-06 09:05:40.691   262   289 I ActivityManager: Start proc 520:WebViewLoader-x86/1037 [android.webkit.WebViewLibraryLoader$RelroFileCreator] for null
02-06 09:05:40.696   262   288 I DropBoxManagerService: add tag=system_server_wtf isTagEnabled=true flags=0x2
02-06 09:05:40.696   262   289 I ActivityManager: Start proc 526:WebViewLoader-x86_64/1037 [android.webkit.WebViewLibraryLoader$RelroFileCreator] for null
02-06 09:05:40.696   262   262 D SystemServerTiming: MakeNetworkStatsServiceReady took to complete: 31ms
02-06 09:05:40.696   262   262 I SystemServerTiming: MakeConnectivityServiceReady
02-06 09:05:40.700   262   288 W DropBoxManagerService: Dropping: system_server_wtf (2455 > 0 bytes)
02-06 09:05:40.701   262   326 W StorageManagerService: No primary storage defined yet; hacking together a stub
02-06 09:05:40.734   262   288 I DropBoxManagerService: add tag=system_server_wtf isTagEnabled=true flags=0x2
02-06 09:05:40.735   262   262 D SystemServerTiming: MakeConnectivityServiceReady took to complete: 39ms
02-06 09:05:40.735   262   262 I SystemServerTiming: MakeNetworkPolicyServiceReady
02-06 09:05:40.735   262   331 W NetworkStats: problem registering for global alert: java.lang.IllegalStateException: android.os.ServiceSpecificException: No such file or directory (code 2)
02-06 09:05:40.735   262   339 D ConnectivityService: NetReassign [no changes]
02-06 09:05:40.735   262   339 D ConnectivityService: NetReassign [no changes]
02-06 09:05:40.739   262   288 W DropBoxManagerService: Dropping: system_server_wtf (2378 > 0 bytes)
02-06 09:05:40.739   262   339 D ConnectivityService: NetReassign [no changes]
02-06 09:05:40.745   262   262 D SystemServerTiming: MakeNetworkPolicyServiceReady took to complete: 10ms
02-06 09:05:40.745   262   262 I SystemServerTiming: PhaseThirdPartyAppsCanStart
02-06 09:05:40.745   262   262 I SystemServiceManager: Starting phase 600
02-06 09:05:40.745   262   262 I SystemServerTiming: OnBootPhase_600
02-06 09:05:40.745   262   262 I SystemServerTiming: OnBootPhase_600_com.android.server.security.FileIntegrityService
02-06 09:05:40.745   262   262 D SystemServerTiming: OnBootPhase_600_com.android.server.security.FileIntegrityService took to complete: 0ms
02-06 09:05:40.745   262   262 I SystemServerTiming: OnBootPhase_600_com.android.server.pm.Installer
02-06 09:05:40.745   262   262 D SystemServerTiming: OnBootPhase_600_com.android.server.pm.Installer took to complete: 0ms
02-06 09:05:40.745   262   262 I SystemServerTiming: OnBootPhase_600_com.android.server.os.DeviceIdentifiersPolicyService
02-06 09:05:40.745   262   262 D SystemServerTiming: OnBootPhase_600_com.android.server.os.DeviceIdentifiersPolicyService took to complete: 0ms
02-06 09:05:40.745   262   262 I SystemServerTiming: OnBootPhase_600_com.android.server.uri.UriGrantsManagerService$Lifecycle
02-06 09:05:40.745   262   262 D SystemServerTiming: OnBootPhase_600_com.android.server.uri.UriGrantsManagerService$Lifecycle took to complete: 0ms
02-06 09:05:40.745   262   262 I SystemServerTiming: OnBootPhase_600_com.android.server.wm.ActivityTaskManagerService$Lifecycle
02-06 09:05:40.745   262   262 D SystemServerTiming: OnBootPhase_600_com.android.server.wm.ActivityTaskManagerService$Lifecycle took to complete: 0ms
02-06 09:05:40.745   262   262 I SystemServerTiming: OnBootPhase_600_com.android.server.am.ActivityManagerService$Lifecycle
02-06 09:05:40.745   262   262 I ExplicitHealthCheckController: Explicit health checks enabled.
02-06 09:05:40.745   262   262 I PackageWatchdog: Syncing state, reason: health check state enabled
02-06 09:05:40.745   262   262 I PackageWatchdog: Not pruning observers, elapsed time: 0ms
02-06 09:05:40.745   262   262 I PackageWatchdog: Cancelling state sync, nothing to sync
02-06 09:05:40.745   262   287 I PackageWatchdog: Saving observer state to file
02-06 09:05:40.745   262   262 D SystemServerTiming: OnBootPhase_600_com.android.server.am.ActivityManagerService$Lifecycle took to complete: 0ms
02-06 09:05:40.745   262   262 I SystemServerTiming: OnBootPhase_600_com.android.server.pm.DataLoaderManagerService
02-06 09:05:40.745   262   262 D SystemServerTiming: OnBootPhase_600_com.android.server.pm.DataLoaderManagerService took to complete: 0ms
02-06 09:05:40.745   262   262 I SystemServerTiming: OnBootPhase_600_com.android.server.power.PowerManagerService
02-06 09:05:40.745   262   262 D SystemServerTiming: OnBootPhase_600_com.android.server.power.PowerManagerService took to complete: 0ms
02-06 09:05:40.745   262   262 I SystemServerTiming: OnBootPhase_600_com.android.server.power.ThermalManagerService
