02-06 09:05:47.624   262   288 I SystemServerTimingAsync: ssm.onUnlockedUser-0_com.android.server.security.FileIntegrityService
02-06 09:05:47.624   262   288 D SystemServerTimingAsync: ssm.onUnlockedUser-0_com.android.server.security.FileIntegrityService took to complete: 0ms
02-06 09:05:47.624   262   288 I SystemServerTimingAsync: ssm.onUnlockedUser-0_com.android.server.pm.Installer
02-06 09:05:47.624   262   288 D SystemServerTimingAsync: ssm.onUnlockedUser-0_com.android.server.pm.Installer took to complete: 0ms
02-06 09:05:47.624   262   279 I AppWidgetServiceImpl: Processing of handleUserUnlocked u0 took 11 ms
02-06 09:05:47.624   262   288 I SystemServerTimingAsync: ssm.onUnlockedUser-0_com.android.server.os.DeviceIdentifiersPolicyService
02-06 09:05:47.624   262   288 D SystemServerTimingAsync: ssm.onUnlockedUser-0_com.android.server.os.DeviceIdentifiersPolicyService took to complete: 0ms
02-06 09:05:47.624   262   288 I SystemServerTimingAsync: ssm.onUnlockedUser-0_com.android.server.uri.UriGrantsManagerService$Lifecycle
02-06 09:05:47.624   262   288 D SystemServerTimingAsync: ssm.onUnlockedUser-0_com.android.server.uri.UriGrantsManagerService$Lifecycle took to complete: 0ms
02-06 09:05:47.624   262   288 I SystemServerTimingAsync: ssm.onUnlockedUser-0_com.android.server.wm.ActivityTaskManagerService$Lifecycle
02-06 09:05:47.624   262   288 D SystemServerTimingAsync: ssm.onUnlockedUser-0_com.android.server.wm.ActivityTaskManagerService$Lifecycle took to complete: 0ms
02-06 09:05:47.624   262   288 I SystemServerTimingAsync: ssm.onUnlockedUser-0_com.android.server.am.ActivityManagerService$Lifecycle
02-06 09:05:47.624   262   288 D SystemServerTimingAsync: ssm.onUnlockedUser-0_com.android.server.am.ActivityManagerService$Lifecycle took to complete: 0ms
02-06 09:05:47.624   262   288 I SystemServerTimingAsync: ssm.onUnlockedUser-0_com.android.server.pm.DataLoaderManagerService
02-06 09:05:47.624   262   288 D SystemServerTimingAsync: ssm.onUnlockedUser-0_com.android.server.pm.DataLoaderManagerService took to complete: 0ms
02-06 09:05:47.624   262   288 I SystemServerTimingAsync: ssm.onUnlockedUser-0_com.android.server.power.PowerManagerService
02-06 09:05:47.624   262   288 D SystemServerTimingAsync: ssm.onUnlockedUser-0_com.android.server.power.PowerManagerService took to complete: 0ms
02-06 09:05:47.624   262   288 I SystemServerTimingAsync: ssm.onUnlockedUser-0_com.android.server.power.ThermalManagerService
02-06 09:05:47.624   262   288 D SystemServerTimingAsync: ssm.onUnlockedUser-0_com.android.server.power.ThermalManagerService took to complete: 0ms
02-06 09:05:47.624   262   288 I SystemServerTimingAsync: ssm.onUnlockedUser-0_com.android.server.recoverysystem.RecoverySystemService$Lifecycle
02-06 09:05:47.624   262   288 D SystemServerTimingAsync: ssm.onUnlockedUser-0_com.android.server.recoverysystem.RecoverySystemService$Lifecycle took to complete: 0ms
02-06 09:05:47.624   262   288 I SystemServerTimingAsync: ssm.onUnlockedUser-0_com.android.server.lights.LightsService
02-06 09:05:47.624   262   288 D SystemServerTimingAsync: ssm.onUnlockedUser-0_com.android.server.lights.LightsService took to complete: 0ms
02-06 09:05:47.624   262   288 I SystemServerTimingAsync: ssm.onUnlockedUser-0_com.android.server.display.DisplayManagerService
02-06 09:05:47.624   262   288 D SystemServerTimingAsync: ssm.onUnlockedUser-0_com.android.server.display.DisplayManagerService took to complete: 0ms
02-06 09:05:47.624   262   288 I SystemServerTimingAsync: ssm.onUnlockedUser-0_com.android.server.pm.UserManagerService$LifeCycle
02-06 09:05:47.624   262   288 D SystemServerTimingAsync: ssm.onUnlockedUser-0_com.android.server.pm.UserManagerService$LifeCycle took to complete: 0ms
02-06 09:05:47.624   262   288 I SystemServerTimingAsync: ssm.onUnlockedUser-0_com.android.server.om.OverlayManagerService
02-06 09:05:47.624   262   288 D SystemServerTimingAsync: ssm.onUnlockedUser-0_com.android.server.om.OverlayManagerService took to complete: 0ms
02-06 09:05:47.624   262   288 I SystemServerTimingAsync: ssm.onUnlockedUser-0_com.android.server.SensorPrivacyService
02-06 09:05:47.624   262   288 D SystemServerTimingAsync: ssm.onUnlockedUser-0_com.android.server.SensorPrivacyService took to complete: 0ms
02-06 09:05:47.624   262   288 I SystemServerTimingAsync: ssm.onUnlockedUser-0_com.android.server.SystemConfigService
02-06 09:05:47.624   262   288 D SystemServerTimingAsync: ssm.onUnlockedUser-0_com.android.server.SystemConfigService took to complete: 0ms
02-06 09:05:47.624   262   288 I SystemServerTimingAsync: ssm.onUnlockedUser-0_com.android.server.BatteryService
02-06 09:05:47.624   262   288 D SystemServerTimingAsync: ssm.onUnlockedUser-0_com.android.server.BatteryService took to complete: 0ms
02-06 09:05:47.624   262   288 I SystemServerTimingAsync: ssm.onUnlockedUser-0_com.android.server.usage.UsageStatsService
02-06 09:05:47.624   262   288 D SystemServerTimingAsync: ssm.onUnlockedUser-0_com.android.server.usage.UsageStatsService took to complete: 0ms
02-06 09:05:47.624   262   288 I SystemServerTimingAsync: ssm.onUnlockedUser-0_com.android.server.webkit.WebViewUpdateService
02-06 09:05:47.624   262   288 D SystemServerTimingAsync: ssm.onUnlockedUser-0_com.android.server.webkit.WebViewUpdateService took to complete: 0ms
02-06 09:05:47.624   262   288 I SystemServerTimingAsync: ssm.onUnlockedUser-0_com.android.server.CachedDeviceStateService
02-06 09:05:47.624   262   288 D SystemServerTimingAsync: ssm.onUnlockedUser-0_com.android.server.CachedDeviceStateService took to complete: 0ms
02-06 09:05:47.624   262   288 I SystemServerTimingAsync: ssm.onUnlockedUser-0_com.android.server.BinderCallsStatsService$LifeCycle
02-06 09:05:47.624   262   288 D SystemServerTimingAsync: ssm.onUnlockedUser-0_com.android.server.BinderCallsStatsService$LifeCycle took to complete: 0ms
02-06 09:05:47.624   262   288 I SystemServerTimingAsync: ssm.onUnlockedUser-0_com.android.server.LooperStatsService$Lifecycle
02-06 09:05:47.624   262   288 D SystemServerTimingAsync: ssm.onUnlockedUser-0_com.android.server.LooperStatsService$Lifecycle took to complete: 0ms
02-06 09:05:47.624   262   288 I SystemServerTimingAsync: ssm.onUnlockedUser-0_com.android.server.rollback.RollbackManagerService
02-06 09:05:47.624   262   288 D SystemServerTimingAsync: ssm.onUnlockedUser-0_com.android.server.rollback.RollbackManagerService took to complete: 0ms
02-06 09:05:47.624   262   288 I SystemServerTimingAsync: ssm.onUnlockedUser-0_com.android.server.os.BugreportManagerService
02-06 09:05:47.624   262   288 D SystemServerTimingAsync: ssm.onUnlockedUser-0_com.android.server.os.BugreportManagerService took to complete: 0ms
02-06 09:05:47.624   262   288 I SystemServerTimingAsync: ssm.onUnlockedUser-0_com.android.server.gpu.GpuService
02-06 09:05:47.624   262   288 D SystemServerTimingAsync: ssm.onUnlockedUser-0_com.android.server.gpu.GpuService took to complete: 0ms
02-06 09:05:47.624   262   288 I SystemServerTimingAsync: ssm.onUnlockedUser-0_com.android.server.security.KeyChainSystemService
02-06 09:05:47.624   262   288 D SystemServerTimingAsync: ssm.onUnlockedUser-0_com.android.server.security.KeyChainSystemService took to complete: 0ms
02-06 09:05:47.624   262   288 I SystemServerTimingAsync: ssm.onUnlockedUser-0_com.android.server.telecom.TelecomLoaderService
02-06 09:05:47.624   262   288 D SystemServerTimingAsync: ssm.onUnlockedUser-0_com.android.server.telecom.TelecomLoaderService took to complete: 0ms
02-06 09:05:47.624   262   288 I SystemServerTimingAsync: ssm.onUnlockedUser-0_com.android.server.accounts.AccountManagerService$Lifecycle
02-06 09:05:47.624   262   288 D SystemServerTimingAsync: ssm.onUnlockedUser-0_com.android.server.accounts.AccountManagerService$Lifecycle took to complete: 0ms
02-06 09:05:47.624   262   288 I SystemServerTimingAsync: ssm.onUnlockedUser-0_com.android.server.content.ContentService$Lifecycle
02-06 09:05:47.624   262   288 D SystemServerTimingAsync: ssm.onUnlockedUser-0_com.android.server.content.ContentService$Lifecycle took to complete: 0ms
02-06 09:05:47.624   262   288 I SystemServerTimingAsync: ssm.onUnlockedUser-0_com.android.server.DropBoxManagerService
02-06 09:05:47.624   262   288 D SystemServerTimingAsync: ssm.onUnlockedUser-0_com.android.server.DropBoxManagerService took to complete: 0ms
02-06 09:05:47.624   262   288 I SystemServerTimingAsync: ssm.onUnlockedUser-0_com.android.server.AlarmManagerService
02-06 09:05:47.624   262   288 D SystemServerTimingAsync: ssm.onUnlockedUser-0_com.android.server.AlarmManagerService took to complete: 0ms
02-06 09:05:47.624   262   288 I SystemServerTimingAsync: ssm.onUnlockedUser-0_com.android.server.BluetoothService
02-06 09:05:47.624   262   288 D SystemServerTimingAsync: ssm.onUnlockedUser-0_com.android.server.BluetoothService took to complete: 0ms
02-06 09:05:47.624   262   288 I SystemServerTimingAsync: ssm.onUnlockedUser-0_com.android.server.connectivity.IpConnectivityMetrics
02-06 09:05:47.624   262   288 D SystemServerTimingAsync: ssm.onUnlockedUser-0_com.android.server.connectivity.IpConnectivityMetrics took to complete: 0ms
02-06 09:05:47.624   262   288 I SystemServerTimingAsync: ssm.onUnlockedUser-0_com.android.server.net.watchlist.NetworkWatchlistService$Lifecycle
02-06 09:05:47.624   262   288 D SystemServerTimingAsync: ssm.onUnlockedUser-0_com.android.server.net.watchlist.NetworkWatchlistService$Lifecycle took to complete: 0ms
02-06 09:05:47.624   262   288 I SystemServerTimingAsync: ssm.onUnlockedUser-0_com.android.server.PinnerService
02-06 09:05:47.624   262   288 D SystemServerTimingAsync: ssm.onUnlockedUser-0_com.android.server.PinnerService took to complete: 0ms
02-06 09:05:47.624   262   288 I SystemServerTimingAsync: ssm.onUnlockedUser-0_com.google.android.startop.iorap.IorapForwardingService
02-06 09:05:47.624   262   288 D SystemServerTimingAsync: ssm.onUnlockedUser-0_com.google.android.startop.iorap.IorapForwardingService took to complete: 0ms
02-06 09:05:47.624   262   288 I SystemServerTimingAsync: ssm.onUnlockedUser-0_com.android.server.integrity.AppIntegrityManagerService
02-06 09:05:47.624   262   288 D SystemServerTimingAsync: ssm.onUnlockedUser-0_com.android.server.integrity.AppIntegrityManagerService took to complete: 0ms
02-06 09:05:47.624   262   288 I SystemServerTimingAsync: ssm.onUnlockedUser-0_com.android.server.inputmethod.InputMethodManagerService$Lifecycle
02-06 09:05:47.624   262   288 D SystemServerTimingAsync: ssm.onUnlockedUser-0_com.android.server.inputmethod.InputMethodManagerService$Lifecycle took to complete: 0ms
02-06 09:05:47.624   262   288 I SystemServerTimingAsync: ssm.onUnlockedUser-0_com.android.server.accessibility.AccessibilityManagerService$Lifecycle
02-06 09:05:47.624   262   288 D SystemServerTimingAsync: ssm.onUnlockedUser-0_com.android.server.accessibility.AccessibilityManagerService$Lifecycle took to complete: 0ms
02-06 09:05:47.624   262   288 I SystemServerTimingAsync: ssm.onUnlockedUser-0_com.android.server.StorageManagerService$Lifecycle
02-06 09:05:47.624   262   288 D SystemServerTimingAsync: ssm.onUnlockedUser-0_com.android.server.StorageManagerService$Lifecycle took to complete: 0ms
02-06 09:05:47.624   262   288 I SystemServerTimingAsync: ssm.onUnlockedUser-0_com.android.server.usage.StorageStatsService$Lifecycle
02-06 09:05:47.624   262   288 D SystemServerTimingAsync: ssm.onUnlockedUser-0_com.android.server.usage.StorageStatsService$Lifecycle took to complete: 0ms
02-06 09:05:47.624   262   288 I SystemServerTimingAsync: ssm.onUnlockedUser-0_com.android.server.UiModeManagerService
02-06 09:05:47.624   262   288 D SystemServerTimingAsync: ssm.onUnlockedUser-0_com.android.server.UiModeManagerService took to complete: 0ms
02-06 09:05:47.624   262   288 I SystemServerTimingAsync: ssm.onUnlockedUser-0_com.android.server.locksettings.LockSettingsService$Lifecycle
02-06 09:05:47.624   262   288 D SystemServerTimingAsync: ssm.onUnlockedUser-0_com.android.server.locksettings.LockSettingsService$Lifecycle took to complete: 0ms
02-06 09:05:47.625   262   288 I SystemServerTimingAsync: ssm.onUnlockedUser-0_com.android.server.testharness.TestHarnessModeService
02-06 09:05:47.625   262   288 D SystemServerTimingAsync: ssm.onUnlockedUser-0_com.android.server.testharness.TestHarnessModeService took to complete: 0ms
02-06 09:05:47.625   262   288 I SystemServerTimingAsync: ssm.onUnlockedUser-0_com.android.server.DeviceIdleController
02-06 09:05:47.625   262   288 D SystemServerTimingAsync: ssm.onUnlockedUser-0_com.android.server.DeviceIdleController took to complete: 0ms
02-06 09:05:47.625   262   288 I SystemServerTimingAsync: ssm.onUnlockedUser-0_com.android.server.devicepolicy.DevicePolicyManagerService$Lifecycle
02-06 09:05:47.625   262   288 D SystemServerTimingAsync: ssm.onUnlockedUser-0_com.android.server.devicepolicy.DevicePolicyManagerService$Lifecycle took to complete: 0ms
02-06 09:05:47.625   262   288 I SystemServerTimingAsync: ssm.onUnlockedUser-0_com.android.server.textservices.TextServicesManagerService$Lifecycle
02-06 09:05:47.625   262   288 D SystemServerTimingAsync: ssm.onUnlockedUser-0_com.android.server.textservices.TextServicesManagerService$Lifecycle took to complete: 0ms
02-06 09:05:47.625   262   288 I SystemServerTimingAsync: ssm.onUnlockedUser-0_com.android.server.textclassifier.TextClassificationManagerService$Lifecycle
02-06 09:05:47.625   262   288 D SystemServerTimingAsync: ssm.onUnlockedUser-0_com.android.server.textclassifier.TextClassificationManagerService$Lifecycle took to complete: 0ms
02-06 09:05:47.625   262   288 I SystemServerTimingAsync: ssm.onUnlockedUser-0_com.android.server.NetworkScoreService$Lifecycle
02-06 09:05:47.625   262   288 D SystemServerTimingAsync: ssm.onUnlockedUser-0_com.android.server.NetworkScoreService$Lifecycle took to complete: 0ms
02-06 09:05:47.625   262   288 I SystemServerTimingAsync: ssm.onUnlockedUser-0_com.android.server.wifi.WifiService
02-06 09:05:47.625   262   288 D SystemServerTimingAsync: ssm.onUnlockedUser-0_com.android.server.wifi.WifiService took to complete: 0ms
02-06 09:05:47.625   262   288 I SystemServerTimingAsync: ssm.onUnlockedUser-0_com.android.server.wifi.scanner.WifiScanningService
02-06 09:05:47.625   262   288 D SystemServerTimingAsync: ssm.onUnlockedUser-0_com.android.server.wifi.scanner.WifiScanningService took to complete: 0ms
02-06 09:05:47.625   262   288 I SystemServerTimingAsync: ssm.onUnlockedUser-0_com.android.server.ethernet.EthernetService
02-06 09:05:47.625   262   288 D SystemServerTimingAsync: ssm.onUnlockedUser-0_com.android.server.ethernet.EthernetService took to complete: 0ms
02-06 09:05:47.625   262   288 I SystemServerTimingAsync: ssm.onUnlockedUser-0_com.android.server.notification.NotificationManagerService
02-06 09:05:47.625   262   288 D SystemServerTimingAsync: ssm.onUnlockedUser-0_com.android.server.notification.NotificationManagerService took to complete: 0ms
02-06 09:05:47.625   262   288 I SystemServerTimingAsync: ssm.onUnlockedUser-0_com.android.server.storage.DeviceStorageMonitorService
02-06 09:05:47.625   262   288 D SystemServerTimingAsync: ssm.onUnlockedUser-0_com.android.server.storage.DeviceStorageMonitorService took to complete: 0ms
02-06 09:05:47.625   262   288 I SystemServerTimingAsync: ssm.onUnlockedUser-0_com.android.server.location.LocationManagerService$Lifecycle
02-06 09:05:47.625   262   288 D SystemServerTimingAsync: ssm.onUnlockedUser-0_com.android.server.location.LocationManagerService$Lifecycle took to complete: 0ms
02-06 09:05:47.625   262   288 I SystemServerTimingAsync: ssm.onUnlockedUser-0_com.android.server.timedetector.TimeDetectorService$Lifecycle
02-06 09:05:47.625   262   288 D SystemServerTimingAsync: ssm.onUnlockedUser-0_com.android.server.timedetector.TimeDetectorService$Lifecycle took to complete: 0ms
02-06 09:05:47.625   262   288 I SystemServerTimingAsync: ssm.onUnlockedUser-0_com.android.server.timezonedetector.TimeZoneDetectorService$Lifecycle
02-06 09:05:47.625   262   288 D SystemServerTimingAsync: ssm.onUnlockedUser-0_com.android.server.timezonedetector.TimeZoneDetectorService$Lifecycle took to complete: 0ms
02-06 09:05:47.625   262   288 I SystemServerTimingAsync: ssm.onUnlockedUser-0_com.android.server.search.SearchManagerService$Lifecycle
02-06 09:05:47.625   262   288 D SystemServerTimingAsync: ssm.onUnlockedUser-0_com.android.server.search.SearchManagerService$Lifecycle took to complete: 0ms
02-06 09:05:47.625   262   288 I SystemServerTimingAsync: ssm.onUnlockedUser-0_com.android.server.wallpaper.WallpaperManagerService$Lifecycle
02-06 09:05:47.625   262   288 D SystemServerTimingAsync: ssm.onUnlockedUser-0_com.android.server.wallpaper.WallpaperManagerService$Lifecycle took to complete: 0ms
02-06 09:05:47.625   262   288 I SystemServerTimingAsync: ssm.onUnlockedUser-0_com.android.server.audio.AudioService$Lifecycle
02-06 09:05:47.625   262   288 D SystemServerTimingAsync: ssm.onUnlockedUser-0_com.android.server.audio.AudioService$Lifecycle took to complete: 0ms
02-06 09:05:47.625   262   288 I SystemServerTimingAsync: ssm.onUnlockedUser-0_com.android.server.soundtrigger_middleware.SoundTriggerMiddlewareService$Lifecycle
02-06 09:05:47.625   262   288 D SystemServerTimingAsync: ssm.onUnlockedUser-0_com.android.server.soundtrigger_middleware.SoundTriggerMiddlewareService$Lifecycle took to complete: 0ms
02-06 09:05:47.625   262   288 I SystemServerTimingAsync: ssm.onUnlockedUser-0_com.android.server.DockObserver
02-06 09:05:47.625   262   288 D SystemServerTimingAsync: ssm.onUnlockedUser-0_com.android.server.DockObserver took to complete: 0ms
02-06 09:05:47.625   262   288 I SystemServerTimingAsync: ssm.onUnlockedUser-0_com.android.server.adb.AdbService$Lifecycle
02-06 09:05:47.625   262   288 D SystemServerTimingAsync: ssm.onUnlockedUser-0_com.android.server.adb.AdbService$Lifecycle took to complete: 0ms
02-06 09:05:47.625   262   288 I SystemServerTimingAsync: ssm.onUnlockedUser-0_com.android.server.usb.UsbService$Lifecycle
02-06 09:05:47.625   262   288 D SystemServerTimingAsync: ssm.onUnlockedUser-0_com.android.server.usb.UsbService$Lifecycle took to complete: 0ms
02-06 09:05:47.625   262   288 I SystemServerTimingAsync: ssm.onUnlockedUser-0_com.android.server.twilight.TwilightService
02-06 09:05:47.625   262   288 D SystemServerTimingAsync: ssm.onUnlockedUser-0_com.android.server.twilight.TwilightService took to complete: 0ms
02-06 09:05:47.625   262   288 I SystemServerTimingAsync: ssm.onUnlockedUser-0_com.android.server.display.color.ColorDisplayService
02-06 09:05:47.625   262   288 D SystemServerTimingAsync: ssm.onUnlockedUser-0_com.android.server.display.color.ColorDisplayService took to complete: 0ms
02-06 09:05:47.625   262   288 I SystemServerTimingAsync: ssm.onUnlockedUser-0_com.android.server.job.JobSchedulerService
02-06 09:05:47.625   262   288 D SystemServerTimingAsync: ssm.onUnlockedUser-0_com.android.server.job.JobSchedulerService took to complete: 0ms
02-06 09:05:47.625   262   288 I SystemServerTimingAsync: ssm.onUnlockedUser-0_com.android.server.soundtrigger.SoundTriggerService
02-06 09:05:47.625   262   288 D SystemServerTimingAsync: ssm.onUnlockedUser-0_com.android.server.soundtrigger.SoundTriggerService took to complete: 0ms
02-06 09:05:47.625   262   288 I SystemServerTimingAsync: ssm.onUnlockedUser-0_com.android.server.trust.TrustManagerService
02-06 09:05:47.625   262   288 D SystemServerTimingAsync: ssm.onUnlockedUser-0_com.android.server.trust.TrustManagerService took to complete: 0ms
02-06 09:05:47.625   262   288 I SystemServerTimingAsync: ssm.onUnlockedUser-0_com.android.server.backup.BackupManagerService$Lifecycle
02-06 09:05:47.625   262   288 D SystemServerTimingAsync: ssm.onUnlockedUser-0_com.android.server.backup.BackupManagerService$Lifecycle took to complete: 0ms
02-06 09:05:47.625   262   288 I SystemServerTimingAsync: ssm.onUnlockedUser-0_com.android.server.appwidget.AppWidgetService
02-06 09:05:47.625   262   288 D SystemServerTimingAsync: ssm.onUnlockedUser-0_com.android.server.appwidget.AppWidgetService took to complete: 0ms
02-06 09:05:47.625   262   288 I SystemServerTimingAsync: ssm.onUnlockedUser-0_com.android.server.role.RoleManagerService
02-06 09:05:47.625   262   288 D SystemServerTimingAsync: ssm.onUnlockedUser-0_com.android.server.role.RoleManagerService took to complete: 0ms
02-06 09:05:47.625   262   288 I SystemServerTimingAsync: ssm.onUnlockedUser-0_com.android.server.voiceinteraction.VoiceInteractionManagerService
02-06 09:05:47.625   262   288 D SystemServerTimingAsync: ssm.onUnlockedUser-0_com.android.server.voiceinteraction.VoiceInteractionManagerService took to complete: 0ms
02-06 09:05:47.625   262   288 I SystemServerTimingAsync: ssm.onUnlockedUser-0_com.android.server.GestureLauncherService
02-06 09:05:47.625   262   288 D SystemServerTimingAsync: ssm.onUnlockedUser-0_com.android.server.GestureLauncherService took to complete: 0ms
02-06 09:05:47.625   262   288 I SystemServerTimingAsync: ssm.onUnlockedUser-0_com.android.server.SensorNotificationService
02-06 09:05:47.625   262   288 D SystemServerTimingAsync: ssm.onUnlockedUser-0_com.android.server.SensorNotificationService took to complete: 0ms
02-06 09:05:47.625   262   288 I SystemServerTimingAsync: ssm.onUnlockedUser-0_com.android.server.emergency.EmergencyAffordanceService
02-06 09:05:47.625   262   288 D SystemServerTimingAsync: ssm.onUnlockedUser-0_com.android.server.emergency.EmergencyAffordanceService took to complete: 0ms
02-06 09:05:47.625   262   288 I SystemServerTimingAsync: ssm.onUnlockedUser-0_com.android.server.dreams.DreamManagerService
02-06 09:05:47.625   262   288 D SystemServerTimingAsync: ssm.onUnlockedUser-0_com.android.server.dreams.DreamManagerService took to complete: 0ms
02-06 09:05:47.625   262   288 I SystemServerTimingAsync: ssm.onUnlockedUser-0_com.android.server.print.PrintManagerService
02-06 09:05:47.625   262   288 D SystemServerTimingAsync: ssm.onUnlockedUser-0_com.android.server.print.PrintManagerService took to complete: 0ms
02-06 09:05:47.625   262   288 I SystemServerTimingAsync: ssm.onUnlockedUser-0_com.android.server.companion.CompanionDeviceManagerService
02-06 09:05:47.625   262   288 D SystemServerTimingAsync: ssm.onUnlockedUser-0_com.android.server.companion.CompanionDeviceManagerService took to complete: 0ms
02-06 09:05:47.625   262   288 I SystemServerTimingAsync: ssm.onUnlockedUser-0_com.android.server.restrictions.RestrictionsManagerService
02-06 09:05:47.625   262   288 D SystemServerTimingAsync: ssm.onUnlockedUser-0_com.android.server.restrictions.RestrictionsManagerService took to complete: 0ms
02-06 09:05:47.625   262   288 I SystemServerTimingAsync: ssm.onUnlockedUser-0_com.android.server.media.MediaSessionService
02-06 09:05:47.625   262   288 D SystemServerTimingAsync: ssm.onUnlockedUser-0_com.android.server.media.MediaSessionService took to complete: 0ms
02-06 09:05:47.625   262   288 I SystemServerTimingAsync: ssm.onUnlockedUser-0_com.android.server.media.MediaResourceMonitorService
02-06 09:05:47.625   262   288 D SystemServerTimingAsync: ssm.onUnlockedUser-0_com.android.server.media.MediaResourceMonitorService took to complete: 0ms
02-06 09:05:47.625   262   288 I SystemServerTimingAsync: ssm.onUnlockedUser-0_com.android.server.biometrics.BiometricService
02-06 09:05:47.625   262   288 D SystemServerTimingAsync: ssm.onUnlockedUser-0_com.android.server.biometrics.BiometricService took to complete: 0ms
02-06 09:05:47.625   262   288 I SystemServerTimingAsync: ssm.onUnlockedUser-0_com.android.server.biometrics.AuthService
02-06 09:05:47.625   262   288 D SystemServerTimingAsync: ssm.onUnlockedUser-0_com.android.server.biometrics.AuthService took to complete: 0ms
02-06 09:05:47.625   262   288 I SystemServerTimingAsync: ssm.onUnlockedUser-0_com.android.server.blob.BlobStoreManagerService
02-06 09:05:47.625   262   288 D SystemServerTimingAsync: ssm.onUnlockedUser-0_com.android.server.blob.BlobStoreManagerService took to complete: 0ms
02-06 09:05:47.625   262   288 I SystemServerTimingAsync: ssm.onUnlockedUser-0_com.android.server.pm.ShortcutService$Lifecycle
02-06 09:05:47.625   262   288 D SystemServerTimingAsync: ssm.onUnlockedUser-0_com.android.server.pm.ShortcutService$Lifecycle took to complete: 0ms
02-06 09:05:47.625   262   288 I SystemServerTimingAsync: ssm.onUnlockedUser-0_com.android.server.pm.LauncherAppsService
02-06 09:05:47.625   262   288 D SystemServerTimingAsync: ssm.onUnlockedUser-0_com.android.server.pm.LauncherAppsService took to complete: 0ms
02-06 09:05:47.625   262   288 I SystemServerTimingAsync: ssm.onUnlockedUser-0_com.android.server.pm.CrossProfileAppsService
02-06 09:05:47.625   262   288 D SystemServerTimingAsync: ssm.onUnlockedUser-0_com.android.server.pm.CrossProfileAppsService took to complete: 0ms
02-06 09:05:47.625   262   288 I SystemServerTimingAsync: ssm.onUnlockedUser-0_com.android.server.people.PeopleService
02-06 09:05:47.626   262   262 V ConditionProviders: enabling condition provider for 0: ComponentInfo{com.google.android.gms/com.google.android.location.settings.DrivingConditionProvider}
02-06 09:05:47.626   262   262 V ConditionProviders: binding: Intent { act=android.service.notification.ConditionProviderService cmp=com.google.android.gms/com.google.android.location.settings.DrivingConditionProvider (has extras) }
02-06 09:05:47.628   262   262 V NotificationListeners: enabling notification listener for 0: ComponentInfo{com.android.launcher3/com.android.launcher3.notification.NotificationListener}
02-06 09:05:47.628   262   262 V NotificationListeners: binding: Intent { act=android.service.notification.NotificationListenerService cmp=com.android.launcher3/.notification.NotificationListener (has extras) }
02-06 09:05:47.631   262   262 D CompatibilityChangeReporter: Compat change id reported: 135634846; UID 10157; state: DISABLED
02-06 09:05:47.641     0     0 I init    : processing action (sys.boot_completed=1) from (/system/etc/init/hw/init.rc:986)
02-06 09:05:47.641     0     0 I init    : starting service 'exec 13 (/bin/rm -rf /data/per_boot)'...
02-06 09:05:47.642     0     0 I init    : SVC_EXEC service 'exec 13 (/bin/rm -rf /data/per_boot)' pid 906 (uid 1000 gid 1000+0 context default) started; waiting...
02-06 09:05:47.654   262   288 D SystemServerTimingAsync: ssm.onUnlockedUser-0_com.android.server.people.PeopleService took to complete: 29ms
02-06 09:05:47.654   262   288 I SystemServerTimingAsync: ssm.onUnlockedUser-0_com.android.server.media.projection.MediaProjectionManagerService
02-06 09:05:47.654   262   288 D SystemServerTimingAsync: ssm.onUnlockedUser-0_com.android.server.media.projection.MediaProjectionManagerService took to complete: 0ms
02-06 09:05:47.654   262   288 I SystemServerTimingAsync: ssm.onUnlockedUser-0_com.android.server.slice.SliceManagerService$Lifecycle
02-06 09:05:47.654   262   288 D SystemServerTimingAsync: ssm.onUnlockedUser-0_com.android.server.slice.SliceManagerService$Lifecycle took to complete: 0ms
02-06 09:05:47.654   262   288 I SystemServerTimingAsync: ssm.onUnlockedUser-0_com.android.server.camera.CameraServiceProxy
02-06 09:05:47.654   262   288 D SystemServerTimingAsync: ssm.onUnlockedUser-0_com.android.server.camera.CameraServiceProxy took to complete: 0ms
02-06 09:05:47.654   262   288 I SystemServerTimingAsync: ssm.onUnlockedUser-0_com.android.server.stats.StatsCompanion$Lifecycle
02-06 09:05:47.654   262   288 D SystemServerTimingAsync: ssm.onUnlockedUser-0_com.android.server.stats.StatsCompanion$Lifecycle took to complete: 0ms
02-06 09:05:47.654   262   288 I SystemServerTimingAsync: ssm.onUnlockedUser-0_com.android.server.stats.pull.StatsPullAtomService
02-06 09:05:47.654   262   288 D SystemServerTimingAsync: ssm.onUnlockedUser-0_com.android.server.stats.pull.StatsPullAtomService took to complete: 0ms
02-06 09:05:47.654   262   288 I SystemServerTimingAsync: ssm.onUnlockedUser-0_com.android.server.incident.IncidentCompanionService
02-06 09:05:47.654   262   288 D SystemServerTimingAsync: ssm.onUnlockedUser-0_com.android.server.incident.IncidentCompanionService took to complete: 0ms
02-06 09:05:47.654   262   288 I SystemServerTimingAsync: ssm.onUnlockedUser-0_com.android.server.MmsServiceBroker
02-06 09:05:47.654   262   288 D SystemServerTimingAsync: ssm.onUnlockedUser-0_com.android.server.MmsServiceBroker took to complete: 0ms
02-06 09:05:47.654   262   288 I SystemServerTimingAsync: ssm.onUnlockedUser-0_com.android.server.autofill.AutofillManagerService
02-06 09:05:47.654   262   288 D SystemServerTimingAsync: ssm.onUnlockedUser-0_com.android.server.autofill.AutofillManagerService took to complete: 0ms
02-06 09:05:47.654   262   288 I SystemServerTimingAsync: ssm.onUnlockedUser-0_com.android.server.clipboard.ClipboardService
02-06 09:05:47.654   262   288 D SystemServerTimingAsync: ssm.onUnlockedUser-0_com.android.server.clipboard.ClipboardService took to complete: 0ms
02-06 09:05:47.654   262   288 I SystemServerTimingAsync: ssm.onUnlockedUser-0_com.android.server.appbinding.AppBindingService$Lifecycle
02-06 09:05:47.654   262   288 D SystemServerTimingAsync: ssm.onUnlockedUser-0_com.android.server.appbinding.AppBindingService$Lifecycle took to complete: 0ms
02-06 09:05:47.654   262   288 I SystemServerTimingAsync: ssm.onUnlockedUser-0_org.lineageos.platform.internal.ProfileManagerService
02-06 09:05:47.654   262   288 D SystemServerTimingAsync: ssm.onUnlockedUser-0_org.lineageos.platform.internal.ProfileManagerService took to complete: 0ms
02-06 09:05:47.654   262   288 I SystemServerTimingAsync: ssm.onUnlockedUser-0_org.lineageos.platform.internal.LineageHardwareService
02-06 09:05:47.654   262   288 D SystemServerTimingAsync: ssm.onUnlockedUser-0_org.lineageos.platform.internal.LineageHardwareService took to complete: 0ms
02-06 09:05:47.654   262   288 I SystemServerTimingAsync: ssm.onUnlockedUser-0_org.lineageos.platform.internal.PerformanceManagerService
02-06 09:05:47.654   262   288 D SystemServerTimingAsync: ssm.onUnlockedUser-0_org.lineageos.platform.internal.PerformanceManagerService took to complete: 0ms
02-06 09:05:47.654   262   288 I SystemServerTimingAsync: ssm.onUnlockedUser-0_org.lineageos.platform.internal.display.LiveDisplayService
02-06 09:05:47.654   262   288 D SystemServerTimingAsync: ssm.onUnlockedUser-0_org.lineageos.platform.internal.display.LiveDisplayService took to complete: 0ms
02-06 09:05:47.654   262   288 I SystemServerTimingAsync: ssm.onUnlockedUser-0_org.lineageos.platform.internal.LineageAudioService
02-06 09:05:47.654   262   288 D SystemServerTimingAsync: ssm.onUnlockedUser-0_org.lineageos.platform.internal.LineageAudioService took to complete: 0ms
02-06 09:05:47.654   262   288 I SystemServerTimingAsync: ssm.onUnlockedUser-0_org.lineageos.platform.internal.LineageSettingsService
02-06 09:05:47.654   262   288 D SystemServerTimingAsync: ssm.onUnlockedUser-0_org.lineageos.platform.internal.LineageSettingsService took to complete: 0ms
02-06 09:05:47.654   262   288 I SystemServerTimingAsync: ssm.onUnlockedUser-0_org.lineageos.platform.internal.LineageGlobalActionsService
02-06 09:05:47.654   262   288 D SystemServerTimingAsync: ssm.onUnlockedUser-0_org.lineageos.platform.internal.LineageGlobalActionsService took to complete: 0ms
02-06 09:05:47.654   262   288 I SystemServerTimingAsync: ssm.onUnlockedUser-0_org.lineageos.platform.internal.WayDroidService
02-06 09:05:47.654   262   288 D SystemServerTimingAsync: ssm.onUnlockedUser-0_org.lineageos.platform.internal.WayDroidService took to complete: 0ms
02-06 09:05:47.654   262   288 I SystemServerTimingAsync: ssm.onUnlockedUser-0_com.android.server.policy.PermissionPolicyService
02-06 09:05:47.654   262   288 D SystemServerTimingAsync: ssm.onUnlockedUser-0_com.android.server.policy.PermissionPolicyService took to complete: 0ms
02-06 09:05:47.654   262   288 I SystemServerTimingAsync: ssm.onUnlockedUser-0_com.android.server.pm.StagingManager$Lifecycle
02-06 09:05:47.654   262   288 D SystemServerTimingAsync: ssm.onUnlockedUser-0_com.android.server.pm.StagingManager$Lifecycle took to complete: 0ms
02-06 09:05:47.654   262   288 D SystemServerTimingAsync: ssm.UnlockedUser-0 took to complete: 30ms
02-06 09:05:47.654   262   288 W ActivityManager: UserLifecycleEvent 6 received without an active userJourneySession.
02-06 09:05:47.655   262   262 V NotificationAssistants: 0 notification assistant service connected: ComponentInfo{android.ext.services/android.ext.services.notification.Assistant}
02-06 09:05:47.657     0     0 I init    : Service 'exec 13 (/bin/rm -rf /data/per_boot)' (pid 906) exited with status 0 waiting took 0.014000 seconds
02-06 09:05:47.657     0     0 I init    : Sending signal 9 to service 'exec 13 (/bin/rm -rf /data/per_boot)' (pid 906) process group...
02-06 09:05:47.657     0     0 I libprocessgroup: Successfully killed process cgroup uid 1000 pid 906 in 0ms
02-06 09:05:47.657   262   262 W NotificationHistory: Attempted to add notif for locked/gone/disabled user 0
02-06 09:05:47.659   262   289 I ActivityManager: Start proc 1194:org.torproject.android/u0a158 for service {org.torproject.android/org.torproject.android.service.OrbotService}
02-06 09:05:47.659   262   289 D CompatibilityChangeReporter: Compat change id reported: 143937733; UID 10142; state: ENABLED
02-06 09:05:47.665   262   289 I ActivityManager: Start proc 1220:com.android.smspush/u0a142 for service {com.android.smspush/com.android.smspush.WapPushManager}
02-06 09:05:47.666   262   289 D CompatibilityChangeReporter: Compat change id reported: 143937733; UID 10157; state: ENABLED
02-06 09:05:47.671   262   289 I ActivityManager: Start proc 1246:mydiary.journal.diary.diarywithlock.diaryjournal.secretdiary/u0a157 for service {mydiary.journal.diary.diarywithlock.diaryjournal.secretdiary/app.gulu.mydiary.alive.sync.SyncService}
02-06 09:05:47.682   262   575 E PackageDexUsage: Unsupported context?
02-06 09:05:47.686   262   277 E PackageDexUsage: Unsupported context?
02-06 09:05:47.731   262   651 W StorageManagerService: Reporting emulated;0 unmounted due to system locked
02-06 09:05:47.734   262  1151 W StorageManagerService: Reporting emulated;0 unmounted due to system locked
02-06 09:05:47.736   262   651 W StorageManagerService: Reporting emulated;0 unmounted due to system locked
02-06 09:05:47.738   262   277 W StorageManagerService: Reporting emulated;0 unmounted due to system locked
02-06 09:05:47.738   262   651 W StorageManagerService: Reporting emulated;0 unmounted due to system locked
02-06 09:05:47.739   262   277 W StorageManagerService: Reporting emulated;0 unmounted due to system locked
02-06 09:05:47.739   262   651 W StorageManagerService: Reporting emulated;0 unmounted due to system locked
02-06 09:05:47.740   262   277 W StorageManagerService: Reporting emulated;0 unmounted due to system locked
02-06 09:05:47.744   262   339 D ConnectivityService: NetReassign [no changes]
02-06 09:05:47.764     0     0 I binder_linux: 11926 RLIMIT_NICE not set
02-06 09:05:47.776     0     0 I chatty  : uid=0(root) logd identical 2 lines
02-06 09:05:47.776     0     0 I binder_linux: 11926 RLIMIT_NICE not set
02-06 09:05:47.777   262   651 D CompatibilityChangeReporter: Compat change id reported: 135634846; UID 10138; state: DISABLED
02-06 09:05:47.777   262   289 D CompatibilityChangeReporter: Compat change id reported: 143937733; UID 10138; state: ENABLED
02-06 09:05:47.782   262   289 I ActivityManager: Start proc 1359:org.protonaosp.deviceconfig/u0a138 for broadcast {org.protonaosp.deviceconfig/org.protonaosp.deviceconfig.BootReceiver}
02-06 09:05:47.800   262  1151 D CompatibilityChangeReporter: Compat change id reported: 136219221; UID 10158; state: ENABLED
02-06 09:05:47.801   262   262 D ConditionProviders.SCP: onReceive android.app.action.NEXT_ALARM_CLOCK_CHANGED
02-06 09:05:47.801   262   262 D ConditionProviders.SCP: evaluateSubscriptionLocked cal=ScheduleCalendar[mDays={1, 2, 3, 4, 5, 6, 7}, mSchedule=ScheduleInfo{days=[1, 2, 3, 4, 5, 6, 7], startHour=22, startMinute=0, endHour=7, endMinute=0, exitAtAlarm=true, nextAlarm=Thu Jan 01 00:00:00 GMT 1970 (0)}], now=Mon Feb 06 09:05:47 GMT 2023 (1675674347801), nextUserAlarmTime=Mon Feb 06 20:00:00 GMT 2023 (1675713600800)
02-06 09:05:47.801   262   262 D ConditionProviders.SCP: notifyCondition condition://android/schedule?days=1.2.3.4.5.6.7&start=22.0&end=7.0&exitAtAlarm=true STATE_FALSE reason=!meetsSchedule
02-06 09:05:47.801   262   262 D ConditionProviders.SCP: Scheduling evaluate for Mon Feb 06 22:00:00 GMT 2023 (1675720800000), in +12h54m12s199ms, now=Mon Feb 06 09:05:47 GMT 2023 (1675674347801)
02-06 09:05:47.828   262   582 W ActivityManager: Unable to start service Intent { act=com.android.launcher3.WINDOW_OVERLAY dat=app://com.android.launcher3:10132?v=9&cv=14 pkg=com.google.android.googlequicksearchbox } U=0: not found
02-06 09:05:47.829   262  1151 W ActivityManager: Unable to start service Intent { act=com.android.launcher3.WINDOW_OVERLAY dat=app://com.android.launcher3:10132?v=9&cv=14 pkg=com.google.android.googlequicksearchbox } U=0: not found
02-06 09:05:47.835   262   262 V NotificationListeners: 0 notification listener service connected: ComponentInfo{com.android.launcher3/com.android.launcher3.notification.NotificationListener}
02-06 09:05:47.844   262  1151 D PackageManager: Ignoring attempt to set enabled state of disabled component com.android.vending/com.google.android.finsky.systemupdateactivity.SystemUpdateActivity
02-06 09:05:47.844   262   582 D PackageManager: Ignoring attempt to set enabled state of disabled component com.android.vending/com.google.android.finsky.systemupdateactivity.SettingsSecurityEntryPoint
02-06 09:05:47.886   262   276 W NotificationService: Package mydiary.journal.diary.diarywithlock.diaryjournal.secretdiary: Use of fullScreenIntent requires the USE_FULL_SCREEN_INTENT permission
02-06 09:05:47.888   262   262 D ConditionProviders.SCP: onReceive android.app.action.NEXT_ALARM_CLOCK_CHANGED
02-06 09:05:47.888   262   262 D ConditionProviders.SCP: evaluateSubscriptionLocked cal=ScheduleCalendar[mDays={1, 2, 3, 4, 5, 6, 7}, mSchedule=ScheduleInfo{days=[1, 2, 3, 4, 5, 6, 7], startHour=22, startMinute=0, endHour=7, endMinute=0, exitAtAlarm=true, nextAlarm=Mon Feb 06 20:00:00 GMT 2023 (1675713600800)}], now=Mon Feb 06 09:05:47 GMT 2023 (1675674347888), nextUserAlarmTime=Thu Jan 01 00:00:00 GMT 1970 (0)
02-06 09:05:47.888   262   262 D ConditionProviders.SCP: notifyCondition condition://android/schedule?days=1.2.3.4.5.6.7&start=22.0&end=7.0&exitAtAlarm=true STATE_FALSE reason=!meetsSchedule
02-06 09:05:47.888   262   262 D ConditionProviders.SCP: Scheduling evaluate for Mon Feb 06 22:00:00 GMT 2023 (1675720800000), in +12h54m12s112ms, now=Mon Feb 06 09:05:47 GMT 2023 (1675674347888)
02-06 09:05:47.893   262   276 D CompatibilityChangeReporter: Compat change id reported: 135634846; UID 10109; state: DISABLED
02-06 09:05:47.893   262   289 D CompatibilityChangeReporter: Compat change id reported: 143937733; UID 10109; state: ENABLED
02-06 09:05:47.894   262   262 D ConditionProviders.SCP: onReceive android.app.action.NEXT_ALARM_CLOCK_CHANGED
02-06 09:05:47.894   262   262 D ConditionProviders.SCP: evaluateSubscriptionLocked cal=ScheduleCalendar[mDays={1, 2, 3, 4, 5, 6, 7}, mSchedule=ScheduleInfo{days=[1, 2, 3, 4, 5, 6, 7], startHour=22, startMinute=0, endHour=7, endMinute=0, exitAtAlarm=true, nextAlarm=Thu Jan 01 00:00:00 GMT 1970 (0)}], now=Mon Feb 06 09:05:47 GMT 2023 (1675674347894), nextUserAlarmTime=Mon Feb 06 19:00:00 GMT 2023 (1675710000889)
02-06 09:05:47.894   262   262 D ConditionProviders.SCP: notifyCondition condition://android/schedule?days=1.2.3.4.5.6.7&start=22.0&end=7.0&exitAtAlarm=true STATE_FALSE reason=!meetsSchedule
02-06 09:05:47.894   262   262 D ConditionProviders.SCP: Scheduling evaluate for Mon Feb 06 22:00:00 GMT 2023 (1675720800000), in +12h54m12s106ms, now=Mon Feb 06 09:05:47 GMT 2023 (1675674347894)
02-06 09:05:47.898   262   289 I ActivityManager: Start proc 1460:org.lineageos.eleven/u0a109 for broadcast {org.lineageos.eleven/org.lineageos.eleven.appwidgets.AppWidgetLarge}
02-06 09:05:47.906   262   262 V ConditionProviders: 0 condition provider service connected: ComponentInfo{com.google.android.gms/com.google.android.location.settings.DrivingConditionProvider}
02-06 09:05:47.909   262   276 D CompatibilityChangeReporter: Compat change id reported: 135634846; UID 10115; state: DISABLED
02-06 09:05:47.909   262   289 D CompatibilityChangeReporter: Compat change id reported: 143937733; UID 10115; state: ENABLED
02-06 09:05:47.914   262   289 I ActivityManager: Start proc 1498:com.google.process.gapps/u0a115 for content provider {com.google.android.gsf/com.google.android.gsf.settings.GoogleSettingsProvider}
02-06 09:05:47.915   262  1149 D CompatibilityChangeReporter: Compat change id reported: 135634846; UID 1000; state: DISABLED
02-06 09:05:47.920   262   289 I ActivityManager: Start proc 1518:org.lineageos.lineageparts/1000 for broadcast {org.lineageos.lineageparts/org.lineageos.lineageparts.BootReceiver}
02-06 09:05:47.980   262   287 V PackageManager: [Optimistic Bind] Binding to instant app resolver
02-06 09:05:47.980   262   262 I Telecom : DefaultDialerCache: Refreshing default dialer for user 0: now null: DDC.oR@ABA
02-06 09:05:47.980   262   262 I Telecom : MissedCallNotifierImpl: reloadAfterBootComplete: user=0: TSBCR.oR@ABE
02-06 09:05:47.981   262  1554 I DropBoxManagerService: add tag=SYSTEM_BOOT isTagEnabled=true flags=0x2
02-06 09:05:47.981   262   262 I Telecom : MissedCallNotifierImpl: reloadAfterBootComplete: user=0: TSBCR.oR@ABE
02-06 09:05:47.983   262   637 D CompatibilityChangeReporter: Compat change id reported: 135634846; UID 10137; state: DISABLED
02-06 09:05:47.983   262   289 D CompatibilityChangeReporter: Compat change id reported: 143937733; UID 10137; state: DISABLED
02-06 09:05:47.985   262  1554 W DropBoxManagerService: Dropping: SYSTEM_BOOT (345 > 0 bytes)
02-06 09:05:47.985   262  1554 I BootReceiver: Copying audit failures to DropBox
02-06 09:05:47.985   262  1554 I BootReceiver: Checking for fsck errors
02-06 09:05:47.988   262   289 I ActivityManager: Start proc 1560:com.android.camera2/u0a137 for broadcast {com.android.camera2/com.android.camera.SetActivitiesCameraReceiver}
02-06 09:05:47.992   262  1554 D CompatibilityChangeReporter: Compat change id reported: 135634846; UID 10077; state: DISABLED
02-06 09:05:47.992   262   289 D CompatibilityChangeReporter: Compat change id reported: 143937733; UID 10077; state: ENABLED
02-06 09:05:47.998   262   289 I ActivityManager: Start proc 1582:android.process.media/u0a77 for content provider {com.android.providers.downloads/com.android.providers.downloads.DownloadProvider}
02-06 09:05:48.004   262   582 D CompatibilityChangeReporter: Compat change id reported: 135634846; UID 10113; state: DISABLED
02-06 09:05:48.005   262   289 D CompatibilityChangeReporter: Compat change id reported: 143937733; UID 10113; state: DISABLED
02-06 09:05:48.006   262  1149 D ConditionProviders: Disabling component com.google.android.gms/com.google.android.location.settings.DrivingConditionProvider
02-06 09:05:48.011   262   289 I ActivityManager: Start proc 1607:com.android.contacts/u0a113 for broadcast {com.android.contacts/com.android.contacts.interactions.OnBootOrUpgradeReceiver}
02-06 09:05:48.035   262   637 D CompatibilityChangeReporter: Compat change id reported: 135634846; UID 1000; state: DISABLED
02-06 09:05:48.042   262   289 I ActivityManager: Start proc 1646:com.android.dynsystem/1000 for broadcast {com.android.dynsystem/com.android.dynsystem.BootCompletedReceiver}
02-06 09:05:48.052   262   276 D CompatibilityChangeReporter: Compat change id reported: 135634846; UID 10115; state: DISABLED
02-06 09:05:48.053   262   289 D CompatibilityChangeReporter: Compat change id reported: 143937733; UID 10115; state: ENABLED
02-06 09:05:48.058   262   289 I ActivityManager: Start proc 1671:com.google.android.gms.unstable/u0a115 for service {com.google.android.gms/com.google.android.gms.droidguard.DroidGuardService}
02-06 09:05:48.075   262   339 D ConnectivityService: NetReassign [no changes]
02-06 09:05:48.088   262   262 D NotificationService: 0|mydiary.journal.diary.diarywithlock.diaryjournal.secretdiary|7|null|10157: granting content://settings/system/notification_sound
02-06 09:05:48.088   262   262 I chatty  : uid=1000 system_server identical 2 lines
02-06 09:05:48.088   262   262 D NotificationService: 0|mydiary.journal.diary.diarywithlock.diaryjournal.secretdiary|7|null|10157: granting content://settings/system/notification_sound
02-06 09:05:48.089   262   262 W NotificationHistory: Attempted to add notif for locked/gone/disabled user 0
02-06 09:05:48.091   262   651 D CompatibilityChangeReporter: Compat change id reported: 135634846; UID 10080; state: DISABLED
02-06 09:05:48.091   262   289 D CompatibilityChangeReporter: Compat change id reported: 143937733; UID 10080; state: ENABLED
02-06 09:05:48.096   262   289 I ActivityManager: Start proc 1724:com.android.managedprovisioning/u0a80 for broadcast {com.android.managedprovisioning/com.android.managedprovisioning.BootReminder}
02-06 09:05:48.116   262   637 D CompatibilityChangeReporter: Compat change id reported: 135634846; UID 10111; state: DISABLED
02-06 09:05:48.116   262   289 D CompatibilityChangeReporter: Compat change id reported: 143937733; UID 10111; state: ENABLED
02-06 09:05:48.123   262   289 I ActivityManager: Start proc 1760:com.android.onetimeinitializer/u0a111 for broadcast {com.android.onetimeinitializer/com.android.onetimeinitializer.OneTimeInitializerReceiver}
02-06 09:05:48.133   262   276 D CompatibilityChangeReporter: Compat change id reported: 135634846; UID 10091; state: DISABLED
02-06 09:05:48.133   262   289 D CompatibilityChangeReporter: Compat change id reported: 143937733; UID 10091; state: ENABLED
02-06 09:05:48.138   262   289 I ActivityManager: Start proc 1786:com.android.packageinstaller/u0a91 for broadcast {com.android.packageinstaller/com.android.packageinstaller.TemporaryFileManager}
02-06 09:05:48.152   262   637 D CompatibilityChangeReporter: Compat change id reported: 135634846; UID 10145; state: DISABLED
02-06 09:05:48.152   262   289 D CompatibilityChangeReporter: Compat change id reported: 143937733; UID 10145; state: DISABLED
02-06 09:05:48.158   262   289 I ActivityManager: Start proc 1810:com.android.permissioncontroller/u0a145 for broadcast {com.android.permissioncontroller/com.android.permissioncontroller.permission.service.LocationAccessCheck$SetupPeriodicBackgroundLocationAccessCheck}
02-06 09:05:48.159   262   262 D PackageManager: Connected to instant app resolver
02-06 09:05:48.159   982  1709 E ActivityThread: Failed to find provider info for instantapp-dev-manager
02-06 09:05:48.159   262   287 I PackageManager: Optimistic bind succeeded.
02-06 09:05:48.162   262   651 W StorageManagerService: Reporting emulated;0 unmounted due to system locked
02-06 09:05:48.180   262   651 D CompatibilityChangeReporter: Compat change id reported: 135634846; UID 10089; state: DISABLED
02-06 09:05:48.180   262   289 D CompatibilityChangeReporter: Compat change id reported: 143937733; UID 10089; state: ENABLED
02-06 09:05:48.185   262   289 I ActivityManager: Start proc 1838:com.android.providers.calendar/u0a89 for broadcast {com.android.providers.calendar/com.android.providers.calendar.CalendarReceiver}
02-06 09:05:48.206   262   637 D CompatibilityChangeReporter: Compat change id reported: 135634846; UID 2000; state: DISABLED
02-06 09:05:48.212   262   289 I ActivityManager: Start proc 1865:com.android.shell/2000 for broadcast {com.android.shell/com.android.shell.HeapDumpReceiver}
02-06 09:05:48.225   262   276 D CompatibilityChangeReporter: Compat change id reported: 135634846; UID 10107; state: DISABLED
02-06 09:05:48.225   262   289 D CompatibilityChangeReporter: Compat change id reported: 143937733; UID 10107; state: DISABLED
02-06 09:05:48.231   262   289 I ActivityManager: Start proc 1891:com.android.traceur/u0a107 for broadcast {com.android.traceur/com.android.traceur.Receiver}
02-06 09:05:48.258   262   651 D CompatibilityChangeReporter: Compat change id reported: 135634846; UID 10121; state: DISABLED
02-06 09:05:48.258   262   289 D CompatibilityChangeReporter: Compat change id reported: 143937733; UID 10121; state: DISABLED
02-06 09:05:48.264   262   289 I ActivityManager: Start proc 1922:com.google.android.syncadapters.calendar/u0a121 for broadcast {com.google.android.syncadapters.calendar/com.google.android.libraries.internal.growth.growthkit.inject.GrowthKitBootCompletedBroadcastReceiver}
02-06 09:05:48.364   262   276 D CompatibilityChangeReporter: Compat change id reported: 135634846; UID 10119; state: DISABLED
02-06 09:05:48.364   262   289 D CompatibilityChangeReporter: Compat change id reported: 143937733; UID 10119; state: DISABLED
02-06 09:05:48.364   262   276 I ActivityManager: Killing 1154:com.android.keychain/1000 (adj 985): empty #17
02-06 09:05:48.370   262   289 I ActivityManager: Start proc 1959:com.google.android.syncadapters.contacts/u0a119 for broadcast {com.google.android.syncadapters.contacts/com.google.android.syncadapters.contacts.ContactsSyncAdapterBroadcastReceiver}
02-06 09:05:48.422   262   651 D CompatibilityChangeReporter: Compat change id reported: 135634846; UID 10115; state: DISABLED
02-06 09:05:48.422   262   289 D CompatibilityChangeReporter: Compat change id reported: 143937733; UID 10115; state: ENABLED
02-06 09:05:48.428   262   289 I ActivityManager: Start proc 2009:com.google.android.gms.ui/u0a115 for service {com.google.android.gms/com.google.android.gms.chimera.UiIntentOperationService}
02-06 09:05:48.447   262  1149 E BackupTransportManager: Transport com.google.android.gms/.backup.BackupTransportService not registered tried to change description
