02-06 09:05:48.449   262   637 D CompatibilityChangeReporter: Compat change id reported: 135634846; UID 10125; state: DISABLED
02-06 09:05:48.449   262   637 I ActivityManager: Killing 1359:org.protonaosp.deviceconfig/u0a138 (adj 985): empty #17
02-06 09:05:48.449   262   289 D CompatibilityChangeReporter: Compat change id reported: 143937733; UID 10125; state: ENABLED
02-06 09:05:48.454   262   289 I ActivityManager: Start proc 2043:org.calyxos.backup.contacts/u0a125 for broadcast {org.calyxos.backup.contacts/org.calyxos.backup.contacts.StartBroadcastReceiver}
02-06 09:05:48.473   262   651 D CompatibilityChangeReporter: Compat change id reported: 135634846; UID 10130; state: DISABLED
02-06 09:05:48.473   262   289 D CompatibilityChangeReporter: Compat change id reported: 143937733; UID 10130; state: ENABLED
02-06 09:05:48.473   262   651 I ActivityManager: Killing 1460:org.lineageos.eleven/u0a109 (adj 985): empty #17
02-06 09:05:48.479   262   289 I ActivityManager: Start proc 2076:org.lineageos.waydroidupdater/u0a130 for broadcast {org.lineageos.waydroidupdater/org.lineageos.waydroidupdater.BootReceiver}
02-06 09:05:48.498   262  1151 D CompatibilityChangeReporter: Compat change id reported: 135634846; UID 10154; state: DISABLED
02-06 09:05:48.498   262   289 D CompatibilityChangeReporter: Compat change id reported: 143937733; UID 10154; state: ENABLED
02-06 09:05:48.498   262  1151 I ActivityManager: Killing 1560:com.android.camera2/u0a137 (adj 985): empty #17
02-06 09:05:48.505   262   289 I ActivityManager: Start proc 2111:com.capigami.outofmilk/u0a154 for broadcast {com.capigami.outofmilk/com.capigami.outofmilk.receiver.StartupReceiver}
02-06 09:05:48.538   262   276 W StorageManagerService: Reporting emulated;0 unmounted due to system locked
02-06 09:05:48.539   262   637 W StorageManagerService: Reporting emulated;0 unmounted due to system locked
02-06 09:05:48.573   262   276 W ActivityManager: Unable to start service Intent { act=com.google.android.gms.nearby.discovery:ACTION_INIT_MESSAGES_PATH cmp=com.google.android.gms/.nearby.discovery.service.DiscoveryService } U=0: not found
02-06 09:05:48.622     0     0 I binder_linux: 12682: binder_alloc_buf size 1056768 failed, no address space
02-06 09:05:48.622     0     0 I binder_linux: allocated: 288 (num: 11 largest: 152), free: 1040096 (num: 4 largest: 1037048)
02-06 09:05:48.622     0     0 I binder_linux: 12794:13244 transaction failed 29201/-28, size 1056768-0 line 3164
02-06 09:05:48.643   262   276 I RescueParty: Starting to observe: [com.android.systemui], updated namespace: privacy
02-06 09:05:48.644   262   276 I PackageWatchdog: Updated health check state for package com.android.systemui: INACTIVE -> INACTIVE
02-06 09:05:48.644   262   287 I PackageWatchdog: Syncing state, reason: observing new packages
02-06 09:05:48.644   262   287 I PackageWatchdog: Not pruning observers, elapsed time: 0ms
02-06 09:05:48.644   262   287 I PackageWatchdog: Cancelling state sync, nothing to sync
02-06 09:05:48.644   262   287 D PackageWatchdog: rescue-party-observer added the following packages to monitor [com.android.systemui]
02-06 09:05:48.644   262   287 I PackageWatchdog: Syncing state, reason: updated observers
02-06 09:05:48.644   262   287 I PackageWatchdog: Not pruning observers, elapsed time: 0ms
02-06 09:05:48.644   262   287 I PackageWatchdog: Scheduling next state sync in 172800000ms
02-06 09:05:48.644   262   287 I PackageWatchdog: Saving observer state to file
02-06 09:05:48.648   262   262 D PackageWatchdog: Getting all observed packages pending health checks
02-06 09:05:48.648   262   262 I PackageWatchdog: Syncing health check requests for packages: {com.android.systemui}
02-06 09:05:48.648   262   262 I ExplicitHealthCheckController: Service not ready to get health check supported packages. Binding...
02-06 09:05:48.648   262   262 I ExplicitHealthCheckController: Explicit health check service is bound
02-06 09:05:48.649   262   262 I ExplicitHealthCheckController: Explicit health check service is connected ComponentInfo{android.ext.services/android.ext.services.watchdog.ExplicitHealthCheckServiceImpl}
02-06 09:05:48.649   262   262 I ExplicitHealthCheckController: Service initialized, syncing requests
02-06 09:05:48.649   262   262 D PackageWatchdog: Getting all observed packages pending health checks
02-06 09:05:48.649   262   262 I PackageWatchdog: Syncing health check requests for packages: {com.android.systemui}
02-06 09:05:48.649   262   262 D ExplicitHealthCheckController: Getting health check supported packages
02-06 09:05:48.649   262   277 I ExplicitHealthCheckController: Explicit health check supported packages [PackageConfig{com.android.networkstack, 86400000}]
02-06 09:05:48.649   262   277 D PackageWatchdog: Received supported packages [PackageConfig{com.android.networkstack, 86400000}]
02-06 09:05:48.649   262   277 I PackageWatchdog: Updated health check state for package com.android.systemui: INACTIVE -> PASSED
02-06 09:05:48.649   262   277 I PackageWatchdog: Syncing state, reason: updated health check supported packages [PackageConfig{com.android.networkstack, 86400000}]
02-06 09:05:48.649   262   277 I PackageWatchdog: Removing 5ms from all packages on all observers
02-06 09:05:48.649   262   277 I PackageWatchdog: Updated health check state for package com.android.systemui: PASSED -> PASSED
02-06 09:05:48.649   262   277 I PackageWatchdog: Discarding observer rollback-observer. All packages expired
02-06 09:05:48.649   262   277 I PackageWatchdog: Scheduling next state sync in 172799995ms
02-06 09:05:48.649   262   277 D ExplicitHealthCheckController: Getting health check requested packages
02-06 09:05:48.649   262   287 I PackageWatchdog: Saving observer state to file
02-06 09:05:48.649   262   262 D PackageWatchdog: Getting all observed packages pending health checks
02-06 09:05:48.649   262   262 I PackageWatchdog: Syncing health check requests for packages: {}
02-06 09:05:48.649   262   262 D ExplicitHealthCheckController: Getting health check supported packages
02-06 09:05:48.650   262   277 I ExplicitHealthCheckController: Explicit health check requested packages []
02-06 09:05:48.650   262   277 I ExplicitHealthCheckController: No more health check requests, unbinding...
02-06 09:05:48.650   262   650 I ExplicitHealthCheckController: Explicit health check supported packages [PackageConfig{com.android.networkstack, 86400000}]
02-06 09:05:48.650   262   277 I ExplicitHealthCheckController: Explicit health check service is unbound
02-06 09:05:48.653   262   650 D PackageWatchdog: Received supported packages [PackageConfig{com.android.networkstack, 86400000}]
02-06 09:05:48.653   262   650 I PackageWatchdog: Updated health check state for package com.android.systemui: PASSED -> PASSED
02-06 09:05:48.653   262   650 I ExplicitHealthCheckController: Service not ready to get health check requested packages. Binding...
02-06 09:05:48.654   262   650 I ExplicitHealthCheckController: Explicit health check service is bound
02-06 09:05:48.654   262   262 I ExplicitHealthCheckController: Explicit health check service is connected ComponentInfo{android.ext.services/android.ext.services.watchdog.ExplicitHealthCheckServiceImpl}
02-06 09:05:48.654   262   262 I ExplicitHealthCheckController: Service initialized, syncing requests
02-06 09:05:48.654   262   262 D PackageWatchdog: Getting all observed packages pending health checks
02-06 09:05:48.654   262   262 I PackageWatchdog: Syncing health check requests for packages: {}
02-06 09:05:48.654   262   262 D ExplicitHealthCheckController: Getting health check supported packages
02-06 09:05:48.655   262   650 I ExplicitHealthCheckController: Explicit health check supported packages [PackageConfig{com.android.networkstack, 86400000}]
02-06 09:05:48.655   262   650 D PackageWatchdog: Received supported packages [PackageConfig{com.android.networkstack, 86400000}]
02-06 09:05:48.655   262   650 I PackageWatchdog: Updated health check state for package com.android.systemui: PASSED -> PASSED
02-06 09:05:48.655   262   650 D ExplicitHealthCheckController: Getting health check requested packages
02-06 09:05:48.655   262   650 I ExplicitHealthCheckController: Explicit health check requested packages []
02-06 09:05:48.655   262   650 I ExplicitHealthCheckController: No more health check requests, unbinding...
02-06 09:05:48.655   262   650 I ExplicitHealthCheckController: Explicit health check service is unbound
02-06 09:05:48.692   262   277 D ConnectivityService: requestNetwork for uid/pid:10154/2111 NetworkRequest [ TRACK_DEFAULT id=24, [ Capabilities: INTERNET&NOT_RESTRICTED&TRUSTED Uid: 10154 AdministratorUids: [] RequestorUid: 10154 RequestorPackageName: com.capigami.outofmilk] ]
02-06 09:05:48.692   262   339 D ConnectivityService: NetReassign [24 : null  100]
02-06 09:05:48.694    29    29 I vold    : Bind mounting //data/media/0/Android/data on /mnt/user/0/emulated/0/Android/data
02-06 09:05:48.694    29    29 I vold    : Bind mounted //data/media/0/Android/data on /mnt/user/0/emulated/0/Android/data
02-06 09:05:48.694    29    29 I vold    : Bind mounting //data/media/0/Android/obb on /mnt/user/0/emulated/0/Android/obb
02-06 09:05:48.696    29    29 I vold    : Bind mounted //data/media/0/Android/obb on /mnt/user/0/emulated/0/Android/obb
02-06 09:05:48.696    29    29 I vold    : Configuring read_ahead of /mnt/user/0/emulated fuse filesystem to 256kb
02-06 09:05:48.697    29    29 E vold    : Failed to open /sys/class/bdi/0:96/read_ahead_kb: Read-only file system
02-06 09:05:48.697    29    29 I vold    : Configuring max_ratio of /mnt/user/0/emulated fuse filesystem to 40
02-06 09:05:48.697    29    29 E vold    : Failed to open /sys/class/bdi/0:96/max_ratio: Read-only file system
02-06 09:05:48.697   262   327 I StorageManagerService: Mounted volume VolumeInfo{emulated;0}:
02-06 09:05:48.697   262   327 I StorageManagerService:     type=EMULATED diskId=null partGuid= mountFlags=PRIMARY|VISIBLE 
02-06 09:05:48.697   262   327 I StorageManagerService:     mountUserId=0 state=MOUNTED 
02-06 09:05:48.697   262   327 I StorageManagerService:     fsType=null fsUuid=null fsLabel=null 
02-06 09:05:48.697   262   327 I StorageManagerService:     path=/storage/emulated internalPath=/data/media 
02-06 09:05:48.697   262   327 I StorageSessionController: Notifying volume state changed for session with id: emulated;0
02-06 09:05:48.702   262   262 W StorageManagerService: Reporting emulated;0 unmounted due to system locked
02-06 09:05:48.702   262   262 W StorageManagerService: Reporting emulated;0 unmounted due to system locked
02-06 09:05:48.702   262   650 W StorageManagerService: Reporting emulated;0 unmounted due to system locked
02-06 09:05:48.777   262   327 I StorageSessionController: Notifying volume state changed for session with id: emulated;0
02-06 09:05:48.780   262   327 I StorageSessionController: Notifying volume state changed for session with id: emulated;0
02-06 09:05:48.785   262   327 D StorageManagerService: Volume emulated;0 broadcasting mounted to UserHandle{0}
02-06 09:05:48.785   262   327 I chatty  : uid=1000(system) StorageManagerS identical 1 line
02-06 09:05:48.785   262   327 D StorageManagerService: Volume emulated;0 broadcasting mounted to UserHandle{0}
02-06 09:05:48.804   262   651 D ConnectivityService: requestNetwork for uid/pid:10154/2111 NetworkRequest [ TRACK_DEFAULT id=25, [ Capabilities: INTERNET&NOT_RESTRICTED&TRUSTED Uid: 10154 AdministratorUids: [] RequestorUid: 10154 RequestorPackageName: com.capigami.outofmilk] ]
02-06 09:05:48.804   262   339 D ConnectivityService: NetReassign [25 : null  100]
02-06 09:05:48.878   262   582 I RescueParty: Starting to observe: [com.android.systemui], updated namespace: privacy
02-06 09:05:48.878   262   582 I PackageWatchdog: Updated health check state for package com.android.systemui: INACTIVE -> INACTIVE
02-06 09:05:48.878   262   287 I PackageWatchdog: Syncing state, reason: observing new packages
02-06 09:05:48.878   262   287 I PackageWatchdog: Removing 229ms from all packages on all observers
02-06 09:05:48.878   262   287 I PackageWatchdog: Updated health check state for package com.android.systemui: PASSED -> PASSED
02-06 09:05:48.878   262   287 I PackageWatchdog: Scheduling next state sync in 172799766ms
02-06 09:05:48.878   262   287 D PackageWatchdog: rescue-party-observer added the following packages to monitor [com.android.systemui]
02-06 09:05:48.878   262   287 I PackageWatchdog: Syncing state, reason: updated observers
02-06 09:05:48.878   262   287 I PackageWatchdog: Not pruning observers, elapsed time: 0ms
02-06 09:05:48.878   262   287 I PackageWatchdog: Scheduling next state sync in 172800000ms
02-06 09:05:48.878   262   287 I PackageWatchdog: Saving observer state to file
02-06 09:05:48.883   262   262 D PackageWatchdog: Getting all observed packages pending health checks
02-06 09:05:48.883   262   262 I PackageWatchdog: Syncing health check requests for packages: {}
02-06 09:05:48.883   262   262 I ExplicitHealthCheckController: Service not ready to get health check supported packages. Binding...
02-06 09:05:48.883   262   262 I ExplicitHealthCheckController: Explicit health check service is bound
02-06 09:05:48.884   262   262 I ExplicitHealthCheckController: Explicit health check service is connected ComponentInfo{android.ext.services/android.ext.services.watchdog.ExplicitHealthCheckServiceImpl}
02-06 09:05:48.884   262   262 I ExplicitHealthCheckController: Service initialized, syncing requests
02-06 09:05:48.884   262   262 D PackageWatchdog: Getting all observed packages pending health checks
02-06 09:05:48.884   262   262 I PackageWatchdog: Syncing health check requests for packages: {}
02-06 09:05:48.884   262   262 D ExplicitHealthCheckController: Getting health check supported packages
02-06 09:05:48.885   262   582 I ExplicitHealthCheckController: Explicit health check supported packages [PackageConfig{com.android.networkstack, 86400000}]
02-06 09:05:48.885   262   582 D PackageWatchdog: Received supported packages [PackageConfig{com.android.networkstack, 86400000}]
02-06 09:05:48.885   262   582 I PackageWatchdog: Updated health check state for package com.android.systemui: PASSED -> PASSED
02-06 09:05:48.885   262   582 D ExplicitHealthCheckController: Getting health check requested packages
02-06 09:05:48.885   262   582 I ExplicitHealthCheckController: Explicit health check requested packages []
02-06 09:05:48.885   262   582 I ExplicitHealthCheckController: No more health check requests, unbinding...
02-06 09:05:48.885   262   582 I ExplicitHealthCheckController: Explicit health check service is unbound
02-06 09:05:48.896   262  1151 W ActivityManager: Foreground service started from background can not have location/camera/microphone access: service com.capigami.outofmilk/.service.ToDoReminderService
02-06 09:05:48.904   262   651 D CompatibilityChangeReporter: Compat change id reported: 135634846; UID 10156; state: DISABLED
02-06 09:05:48.904   262   289 D CompatibilityChangeReporter: Compat change id reported: 143937733; UID 10156; state: ENABLED
02-06 09:05:48.909   262   289 I ActivityManager: Start proc 2315:com.google.android.youtube/u0a156 for broadcast {com.google.android.youtube/com.google.android.libraries.notifications.entrypoints.restart.RestartReceiver}
02-06 09:05:49.070   262   582 D ConnectivityService: requestNetwork for uid/pid:10156/2315 NetworkRequest [ TRACK_DEFAULT id=26, [ Capabilities: INTERNET&NOT_RESTRICTED&TRUSTED Uid: 10156 AdministratorUids: [] RequestorUid: 10156 RequestorPackageName: com.google.android.youtube] ]
02-06 09:05:49.070   262   339 D ConnectivityService: NetReassign [26 : null  100]
02-06 09:05:49.079   262   651 D ConnectivityService: requestNetwork for uid/pid:10156/2315 NetworkRequest [ TRACK_DEFAULT id=27, [ Capabilities: INTERNET&NOT_RESTRICTED&TRUSTED Uid: 10156 AdministratorUids: [] RequestorUid: 10156 RequestorPackageName: com.google.android.youtube] ]
02-06 09:05:49.079   262   339 D ConnectivityService: NetReassign [27 : null  100]
02-06 09:05:49.079   262   339 D ConnectivityService: NetReassign [no changes]
02-06 09:05:49.083   982  1752 V PackageManager: [75cfe295-3d0e-4795-8bb2-83b27fd4d632] Phase1 called; posting
02-06 09:05:49.083   982   982 D PackageManager: [75cfe295-3d0e-4795-8bb2-83b27fd4d632] Phase1 request; prefix: [-2130968576, -1943453696, -1552310272, -1407844352, -1255018496, -1049649152, -930144256, -164548608, -39698432, 15183872, 941768704, 1721004032, 1749975040, 2020298752], userId: 0
02-06 09:05:49.086   982  1752 V PackageManager: [d0f92437-a504-4c20-8c29-d2096f1ea39c] Phase1 called; posting
02-06 09:05:49.086   982   982 D PackageManager: [d0f92437-a504-4c20-8c29-d2096f1ea39c] Phase1 request; prefix: [-2130968576, -1969774592, -1886797824, -1768976384, -1552310272, -1397747712, -765911040, -698527744, -592150528, -43450368, 542756864, 622751744, 681762816, 1119707136, 1390923776, 1546383360], userId: 0
02-06 09:05:49.087   982  1752 V PackageManager: [de3f6706-d80a-4e63-8d1e-4f2607607062] Phase1 called; posting
02-06 09:05:49.087   982   982 D PackageManager: [de3f6706-d80a-4e63-8d1e-4f2607607062] Phase1 request; prefix: [-2130968576, -1936658432, -1552310272, -1437605888, -1020993536, -846376960, -671313920, -515022848, -10956800, 103211008, 721211392, 1117798400, 1398038528, 1939931136], userId: 0
02-06 09:05:49.098   262   262 D NotificationService: 0|com.capigami.outofmilk|5983475|null|10154: granting content://settings/system/notification_sound
02-06 09:05:49.098   262   262 I chatty  : uid=1000 system_server identical 2 lines
02-06 09:05:49.098   262   262 D NotificationService: 0|com.capigami.outofmilk|5983475|null|10154: granting content://settings/system/notification_sound
02-06 09:05:49.099   262   262 W NotificationHistory: Attempted to add notif for locked/gone/disabled user 0
02-06 09:05:49.144   262   651 D ConnectivityService: requestNetwork for uid/pid:10156/2315 NetworkRequest [ TRACK_DEFAULT id=29, [ Capabilities: INTERNET&NOT_RESTRICTED&TRUSTED Uid: 10156 AdministratorUids: [] RequestorUid: 10156 RequestorPackageName: com.google.android.youtube] ]
02-06 09:05:49.145   262   339 D ConnectivityService: NetReassign [29 : null  100]
02-06 09:05:49.154   262   582 D ConnectivityService: requestNetwork for uid/pid:10156/2315 NetworkRequest [ TRACK_DEFAULT id=30, [ Capabilities: INTERNET&NOT_RESTRICTED&TRUSTED Uid: 10156 AdministratorUids: [] RequestorUid: 10156 RequestorPackageName: com.google.android.youtube] ]
02-06 09:05:49.154   262   339 D ConnectivityService: NetReassign [30 : null  100]
02-06 09:05:49.155   262   575 D CompatibilityChangeReporter: Compat change id reported: 135634846; UID 10153; state: DISABLED
02-06 09:05:49.155   262   289 D CompatibilityChangeReporter: Compat change id reported: 143937733; UID 10153; state: ENABLED
02-06 09:05:49.155   262   575 I ActivityManager: Killing 1607:com.android.contacts/u0a113 (adj 985): empty #17
02-06 09:05:49.162   262   289 I ActivityManager: Start proc 2431:com.twitter.android/u0a153 for broadcast {com.twitter.android/androidx.work.impl.background.systemalarm.RescheduleReceiver}
02-06 09:05:49.486   262   582 D ConnectivityService: requestNetwork for uid/pid:10153/2431 NetworkRequest [ TRACK_DEFAULT id=31, [ Capabilities: INTERNET&NOT_RESTRICTED&TRUSTED Uid: 10153 AdministratorUids: [] RequestorUid: 10153 RequestorPackageName: com.twitter.android] ]
02-06 09:05:49.486   262   339 D ConnectivityService: NetReassign [31 : null  100]
02-06 09:05:49.506   262   582 I ActivityManager: Killing 912:com.android.deskclock/u0a128 (adj 985): empty #17
02-06 09:05:49.506   262   582 D CompatibilityChangeReporter: Compat change id reported: 135634846; UID 10150; state: DISABLED
02-06 09:05:49.506   262   289 D CompatibilityChangeReporter: Compat change id reported: 143937733; UID 10150; state: DISABLED
02-06 09:05:49.513   262   289 I ActivityManager: Start proc 2550:org.fdroid.fdroid/u0a150 for broadcast {org.fdroid.fdroid/org.fdroid.fdroid.receiver.StartupReceiver}
02-06 09:05:49.598   262  2396 E NotificationService: No vibration for canceled notification : 0|com.capigami.outofmilk|5983475|null|10154
02-06 09:05:49.658   262   650 D ConnectivityService: requestNetwork for uid/pid:10150/2550 NetworkRequest [ TRACK_DEFAULT id=32, [ Capabilities: INTERNET&NOT_RESTRICTED&TRUSTED Uid: 10150 AdministratorUids: [] RequestorUid: 10150 RequestorPackageName: org.fdroid.fdroid] ]
02-06 09:05:49.658   262   339 D ConnectivityService: NetReassign [32 : null  100]
02-06 09:05:49.658   262   650 D CompatibilityChangeReporter: Compat change id reported: 135634846; UID 10149; state: DISABLED
02-06 09:05:49.658   262   289 D CompatibilityChangeReporter: Compat change id reported: 143937733; UID 10149; state: ENABLED
02-06 09:05:49.659   262   650 I ActivityManager: Killing 1646:com.android.dynsystem/1000 (adj 985): empty #17
02-06 09:05:49.664   262   289 I ActivityManager: Start proc 2607:org.mozilla.firefox/u0a149 for broadcast {org.mozilla.firefox/androidx.work.impl.background.systemalarm.RescheduleReceiver}
02-06 09:05:49.852   982  1389 V PackageManager: [57e55b73-578a-4cae-9d46-5a61c3c44892] Phase1 called; posting
02-06 09:05:49.852   982   982 D PackageManager: [57e55b73-578a-4cae-9d46-5a61c3c44892] Phase1 request; prefix: [-1006505984, -682139648, -561950720, -223207424, -145055744, 293437440, 491741184, 683167744, 981864448, 1128624128, 1137790976, 1810690048, 1954791424], userId: 0
02-06 09:05:49.855   982  1389 V PackageManager: [c46de1a0-890b-4e36-8380-ae0ead5f92a7] Phase1 called; posting
02-06 09:05:49.855   982   982 D PackageManager: [c46de1a0-890b-4e36-8380-ae0ead5f92a7] Phase1 request; prefix: [-1657511936, -1233715200, -973701120, -880812032, -758124544, -583077888, -540971008, -13099008, 49065984, 136708096, 163028992, 163090432, 252649472, 293437440, 337162240, 346124288, 1756221440, 1810690048, 1874911232, 2078597120, 2099593216], userId: 0
02-06 09:05:49.888   262   582 D ConnectivityService: requestNetwork for uid/pid:10149/2607 NetworkRequest [ TRACK_DEFAULT id=33, [ Capabilities: INTERNET&NOT_RESTRICTED&TRUSTED Uid: 10149 AdministratorUids: [] RequestorUid: 10149 RequestorPackageName: org.mozilla.firefox] ]
02-06 09:05:49.888   262   339 D ConnectivityService: NetReassign [33 : null  100]
02-06 09:05:49.910   262   582 I ActivityManager: Killing 1724:com.android.managedprovisioning/u0a80 (adj 985): empty #17
02-06 09:05:49.912   262   582 D CompatibilityChangeReporter: Compat change id reported: 135634846; UID 10151; state: DISABLED
02-06 09:05:49.912   262   289 D CompatibilityChangeReporter: Compat change id reported: 143937733; UID 10151; state: ENABLED
02-06 09:05:49.917   262   289 I ActivityManager: Start proc 2698:org.torproject.torbrowser/u0a151 for broadcast {org.torproject.torbrowser/androidx.work.impl.background.systemalarm.RescheduleReceiver}
02-06 09:05:50.014   982  1389 V PackageManager: [4632ed5f-55a5-4cc0-b887-7a2d13f5fe67] Phase1 called; posting
02-06 09:05:50.014   982   982 D PackageManager: [4632ed5f-55a5-4cc0-b887-7a2d13f5fe67] Phase1 request; prefix: [-1984303104, -1897746432, -1278816256, -1106862080, -601546752, -413429760, -107573248, -52613120, 293437440, 572248064, 642072576, 683941888, 890179584, 1305034752, 1711464448, 1810690048, 1942564864], userId: 0
02-06 09:05:50.017   982  1389 V PackageManager: [20008f35-5ad9-4f42-afbe-b109bea126f2] Phase1 called; posting
02-06 09:05:50.017   982   982 D PackageManager: [20008f35-5ad9-4f42-afbe-b109bea126f2] Phase1 request; prefix: [-1917915136, -1027719168, 184758272, 293437440, 413306880, 542453760, 871636992, 1079721984, 1479020544, 1614430208, 1680568320, 1810690048], userId: 0
02-06 09:05:50.083   262   575 D ConnectivityService: requestNetwork for uid/pid:10151/2698 NetworkRequest [ TRACK_DEFAULT id=34, [ Capabilities: INTERNET&NOT_RESTRICTED&TRUSTED Uid: 10151 AdministratorUids: [] RequestorUid: 10151 RequestorPackageName: org.torproject.torbrowser] ]
02-06 09:05:50.083   262   339 D ConnectivityService: NetReassign [34 : null  100]
02-06 09:05:50.086   262   575 I ActivityManager: Finished processing BOOT_COMPLETED for u0
02-06 09:05:50.087   262   575 D CompatibilityChangeReporter: Compat change id reported: 135634846; UID 10128; state: DISABLED
02-06 09:05:50.087   262   289 D CompatibilityChangeReporter: Compat change id reported: 143937733; UID 10128; state: DISABLED
02-06 09:05:50.087   262   575 I ActivityManager: Killing 1760:com.android.onetimeinitializer/u0a111 (adj 985): empty #17
02-06 09:05:50.092   262   289 I ActivityManager: Start proc 2766:com.android.deskclock/u0a128 for broadcast {com.android.deskclock/com.android.alarmclock.DigitalAppWidgetProvider}
02-06 09:05:50.131   262   575 D CompatibilityChangeReporter: Compat change id reported: 135634846; UID 10151; state: DISABLED
02-06 09:05:50.131   262   289 D CompatibilityChangeReporter: Compat change id reported: 143937733; UID 10151; state: ENABLED
02-06 09:05:50.135   262   289 I ActivityManager: Start proc 2792:org.torproject.torbrowser:tab13/u0a151 for service {org.torproject.torbrowser/org.mozilla.gecko.process.GeckoChildProcessServices$tab13}
02-06 09:05:50.166   262   575 I ActivityManager: Killing 1810:com.android.permissioncontroller/u0a145 (adj 985): empty #17
02-06 09:05:50.167   262   575 I ActivityManager: Killing 1786:com.android.packageinstaller/u0a91 (adj 985): empty #18
02-06 09:05:50.170   262   575 W NotificationService: Package mydiary.journal.diary.diarywithlock.diaryjournal.secretdiary: Use of fullScreenIntent requires the USE_FULL_SCREEN_INTENT permission
02-06 09:05:50.177   262   650 W BroadcastQueue: Background execution not allowed: receiving Intent { act=android.intent.action.DROPBOX_ENTRY_ADDED flg=0x10 (has extras) } to com.google.android.gms/.stats.service.DropBoxEntryAddedReceiver
02-06 09:05:50.178   262   288 W BroadcastQueue: Background execution not allowed: receiving Intent { act=android.intent.action.DROPBOX_ENTRY_ADDED flg=0x10 (has extras) } to com.google.android.gms/.chimera.GmsIntentOperationService$PersistentTrustedReceiver
02-06 09:05:50.216   262   652 D CompatibilityChangeReporter: Compat change id reported: 135634846; UID 10082; state: DISABLED
02-06 09:05:50.216   262   289 D CompatibilityChangeReporter: Compat change id reported: 143937733; UID 10082; state: ENABLED
02-06 09:05:50.222   262   289 I ActivityManager: Start proc 2843:com.android.externalstorage/u0a82 for broadcast {com.android.externalstorage/com.android.externalstorage.MountReceiver}
02-06 09:05:50.233   262   319 W ActivityManager: Unable to start service Intent { act=com.google.android.gms.drive.ApiService.RESET_AFTER_BOOT flg=0x4 cmp=com.google.android.gms/.drive.api.ApiService (has extras) } U=0: not found
02-06 09:05:50.263   262   277 I ActivityManager: Killing 1838:com.android.providers.calendar/u0a89 (adj 985): empty #17
02-06 09:05:50.283   262   652 D CompatibilityChangeReporter: Compat change id reported: 149924527; UID 10146; state: ENABLED
02-06 09:05:50.283   262   652 D CompatibilityChangeReporter: Compat change id reported: 132649864; UID 10146; state: DISABLED
02-06 09:05:50.372   262   262 D NotificationService: 0|mydiary.journal.diary.diarywithlock.diaryjournal.secretdiary|8|null|10157: granting content://settings/system/notification_sound
02-06 09:05:50.372   262   262 I chatty  : uid=1000 system_server identical 2 lines
02-06 09:05:50.372   262   262 D NotificationService: 0|mydiary.journal.diary.diarywithlock.diaryjournal.secretdiary|8|null|10157: granting content://settings/system/notification_sound
02-06 09:05:50.372   262   262 W NotificationHistory: Attempted to add notif for locked/gone/disabled user 0
02-06 09:05:50.398     0     0 I binder_linux: 14556 RLIMIT_NICE not set
02-06 09:05:50.399     0     0 I binder_linux: 14556 RLIMIT_NICE not set
02-06 09:05:50.594   262   941 D CompatibilityChangeReporter: Compat change id reported: 135634846; UID 1000; state: DISABLED
02-06 09:05:50.599   262   289 I ActivityManager: Start proc 2883:com.android.localtransport/1000 for service {com.android.localtransport/com.android.localtransport.LocalTransportService}
02-06 09:05:50.611   262   262 I TransportClient: LocalTransportService#0: Notifying [TransportManager.registerTransport()] transport = IBackupTransport
02-06 09:05:50.611   262   941 D BackupTransportManager: Transport com.android.localtransport/.LocalTransportService registered
02-06 09:05:50.611   262   941 D BackupManagerService: [UserID:0] Transport com.android.localtransport/.LocalTransport registered 3088ms after first request (delay = 3000ms)
02-06 09:05:50.644   262   277 I ActivityManager: Killing 683:com.android.settings/1000 (adj 975): empty #17
02-06 09:05:50.647   262   262 I TransportClient: D2dTransportService#1: Notifying [TransportManager.registerTransport()] transport = IBackupTransport
02-06 09:05:50.649   262   941 D BackupTransportManager: Transport com.google.android.gms/.backup.component.D2dTransportService registered
02-06 09:05:50.649   262   941 D BackupManagerService: [UserID:0] Transport com.google.android.gms/.backup.migrate.service.D2dTransport registered 3126ms after first request (delay = 3000ms)
02-06 09:05:50.653   262   282 W ActivityManager: setHasOverlayUi called on unknown pid: 683
02-06 09:05:50.653   262  1153 I DropBoxManagerService: add tag=event_log isTagEnabled=true flags=0x2
02-06 09:05:50.655   262   262 I TransportClient: BackupTransportService#2: Notifying [TransportManager.registerTransport()] transport = IBackupTransport
02-06 09:05:50.656   262  1153 W DropBoxManagerService: Dropping: event_log (34 > 0 bytes)
02-06 09:05:50.656   262  1153 I DropBoxManagerService: add tag=event_data isTagEnabled=true flags=0x2
02-06 09:05:50.657   262   288 W BroadcastQueue: Background execution not allowed: receiving Intent { act=android.intent.action.DROPBOX_ENTRY_ADDED flg=0x10 (has extras) } to com.google.android.gms/.stats.service.DropBoxEntryAddedReceiver
02-06 09:05:50.657   262   288 W BroadcastQueue: Background execution not allowed: receiving Intent { act=android.intent.action.DROPBOX_ENTRY_ADDED flg=0x10 (has extras) } to com.google.android.gms/.chimera.GmsIntentOperationService$PersistentTrustedReceiver
02-06 09:05:50.657   262   941 D BackupTransportManager: Transport com.google.android.gms/.backup.BackupTransportService registered
02-06 09:05:50.657   262   941 D BackupManagerService: [UserID:0] Transport com.google.android.gms/.backup.BackupTransportService registered 3134ms after first request (delay = 3000ms)
02-06 09:05:50.658   262   941 D CompatibilityChangeReporter: Compat change id reported: 135634846; UID 10078; state: DISABLED
02-06 09:05:50.659   262   289 D CompatibilityChangeReporter: Compat change id reported: 143937733; UID 10078; state: ENABLED
02-06 09:05:50.660   262  1153 W DropBoxManagerService: Dropping: event_data (63 > 0 bytes)
02-06 09:05:50.660   262   288 W BroadcastQueue: Background execution not allowed: receiving Intent { act=android.intent.action.DROPBOX_ENTRY_ADDED flg=0x10 (has extras) } to com.google.android.gms/.stats.service.DropBoxEntryAddedReceiver
02-06 09:05:50.660   262   288 W BroadcastQueue: Background execution not allowed: receiving Intent { act=android.intent.action.DROPBOX_ENTRY_ADDED flg=0x10 (has extras) } to com.google.android.gms/.chimera.GmsIntentOperationService$PersistentTrustedReceiver
02-06 09:05:50.663   262   289 I ActivityManager: Start proc 2913:com.stevesoltys.seedvault/u0a78 for service {com.stevesoltys.seedvault/com.stevesoltys.seedvault.transport.ConfigurableBackupTransportService}
02-06 09:05:50.679   262   262 I TransportClient: ConfigurableBackupTransportService#3: Notifying [TransportManager.registerTransport()] transport = IBackupTransport
02-06 09:05:50.680   262   941 D BackupTransportManager: Transport com.stevesoltys.seedvault/.transport.ConfigurableBackupTransportService registered
02-06 09:05:50.680   262   941 D BackupManagerService: [UserID:0] Transport com.stevesoltys.seedvault.transport.ConfigurableBackupTransport registered 3157ms after first request (delay = 3000ms)
02-06 09:05:50.681   262   941 I BackupManagerService: [UserID:0] Found stale backup journal, scheduling
02-06 09:05:50.704   262   941 I chatty  : uid=1000(system) backup-0 identical 519 lines
02-06 09:05:50.704   262   941 I BackupManagerService: [UserID:0] Found stale backup journal, scheduling
02-06 09:05:50.712   262  2551 I ActivityManager: Killing 1865:com.android.shell/2000 (adj 985): empty #17
02-06 09:05:50.815     0     0 D logd    : logdr: UID=10115 GID=10115 PID=1094 n tail=0 logMask=4 pid=0 start=0ns timeout=0ns
02-06 09:05:50.900     0     0 I binder_linux: 14556 RLIMIT_NICE not set
02-06 09:05:51.189   982  1986 V PackageManager: [79f38682-0fe7-4f1b-ab52-937778f447ae] Phase1 called; posting
02-06 09:05:51.189   982   982 D PackageManager: [79f38682-0fe7-4f1b-ab52-937778f447ae] Phase1 request; prefix: [-2130968576, -1776529408, -1552310272, -1497092096, -1419784192, -1269690368, -589881344, -431038464, 387547136, 705867776, 894111744, 1377091584, 1635037184, 1753657344], userId: 0
02-06 09:05:51.190   982  1986 V PackageManager: [e69d6a87-daea-4a97-bed6-9a769a3e45e2] Phase1 called; posting
02-06 09:05:51.190   982   982 D PackageManager: [e69d6a87-daea-4a97-bed6-9a769a3e45e2] Phase1 request; prefix: [-2130968576, -1910411264, -1639202816, -1552310272, -1466851328, -1296715776, -825143296, -808755200, -189034496, -144093184, 27979776, 380891136, 979136512, 1205420032, 1256673280, 1413353472, 2117206016], userId: 0
02-06 09:05:51.191   982  1986 V PackageManager: [df6364c5-f7b7-416a-a45b-d715ad71a560] Phase1 called; posting
02-06 09:05:51.191   982   982 D PackageManager: [df6364c5-f7b7-416a-a45b-d715ad71a560] Phase1 request; prefix: [-2130968576, -1894256640, -1778933760, -1552310272, -503590912, -315293696, 107995136, 215515136, 629354496, 786952192, 838615040, 1796497408], userId: 0
02-06 09:05:51.234   262  2911 W OverlayManager: service 'idmap' died
02-06 09:05:51.397     0     0 I init    : Sending signal 9 to service 'idmap2d' (pid 136) process group...
02-06 09:05:51.402     0     0 I libprocessgroup: Successfully killed process cgroup uid 1000 pid 136 in 5ms
02-06 09:05:51.408     0     0 I init    : Control message: Processed ctl.stop for 'idmap2d' from pid: 262 (system_server)
02-06 09:05:51.408     0     0 I init    : Service 'idmap2d' (pid 136) received signal 9
02-06 09:05:51.931   415   415 D ViewRootImpl[NavigationBar0]: updatePointerIcon called with position out of bounds
02-06 09:05:52.631   262   262 I ActivityManager: Killing 1891:com.android.traceur/u0a107 (adj 985): empty #17
02-06 09:05:52.656   262   326 I ActivityManager: Killing 1922:com.google.android.syncadapters.calendar/u0a121 (adj 975): empty #17
02-06 09:05:53.201   262   288 D CompatibilityChangeReporter: Compat change id reported: 135634846; UID 10089; state: DISABLED
02-06 09:05:53.201   262   289 D CompatibilityChangeReporter: Compat change id reported: 143937733; UID 10089; state: ENABLED
02-06 09:05:53.206   262   289 I ActivityManager: Start proc 2985:com.android.providers.calendar/u0a89 for broadcast {com.android.providers.calendar/com.android.providers.calendar.CalendarProviderBroadcastReceiver}
02-06 09:05:53.274   262  2551 I ActivityManager: Killing 2043:org.calyxos.backup.contacts/u0a125 (adj 985): empty #17
02-06 09:05:55.451   415   415 D ViewRootImpl[NavigationBar0]: updatePointerIcon called with position out of bounds
02-06 09:05:55.747   262   276 I ActivityManager: Killing 2009:com.google.android.gms.ui/u0a115 (adj 985): empty #17
02-06 09:05:55.931   415   415 D ViewRootImpl[NavigationBar0]: updatePointerIcon called with position out of bounds
02-06 09:05:58.122   262  1153 D CompatibilityChangeReporter: Compat change id reported: 135634846; UID 10114; state: DISABLED
02-06 09:05:58.122   262   289 D CompatibilityChangeReporter: Compat change id reported: 143937733; UID 10114; state: DISABLED
02-06 09:05:58.127   262   289 I ActivityManager: Start proc 3037:com.android.vending:download_service/u0a114 for service {com.android.vending/com.google.android.finsky.downloadservice.DownloadService}
02-06 09:05:58.150   262  1153 D ConnectivityService: requestNetwork for uid/pid:10114/3037 NetworkRequest [ TRACK_DEFAULT id=35, [ Capabilities: INTERNET&NOT_RESTRICTED&TRUSTED Uid: 10114 AdministratorUids: [] RequestorUid: 10114 RequestorPackageName: com.android.vending] ]
02-06 09:05:58.150   262   339 D ConnectivityService: NetReassign [35 : null  100]
02-06 09:05:58.155   262  1151 I ActivityManager: Killing 1518:org.lineageos.lineageparts/1000 (adj 975): empty #17
02-06 09:05:58.503   262   262 I Telecom : DefaultDialerCache: Refreshing default dialer for user 0: now null: DDC.oR@ABg
02-06 09:05:58.505   262   279 D CompatibilityChangeReporter: Compat change id reported: 135634846; UID 10145; state: DISABLED
02-06 09:05:58.506   262   289 D CompatibilityChangeReporter: Compat change id reported: 143937733; UID 10145; state: DISABLED
02-06 09:05:58.512   262   289 I ActivityManager: Start proc 3086:com.android.permissioncontroller/u0a145 for service {com.android.permissioncontroller/com.android.permissioncontroller.permission.service.PermissionControllerServiceImpl}
02-06 09:05:59.218   262  2911 I ActivityTaskManager: START u0 {act=android.intent.action.MAIN cat=[android.intent.category.LAUNCHER] flg=0x10200000 cmp=com.beemdevelopment.aegis/.ui.MainActivity bnds=[7,115][388,272]} from uid 10132
02-06 09:05:59.220   262  2911 D BoringdroidConfig: Found overlay windowing mode 0, for package com.beemdevelopment.aegis
02-06 09:05:59.220   262  2911 D BoringdroidConfig: Found overlay windowing mode 0, for package com.beemdevelopment.aegis
02-06 09:05:59.220   262  2911 D BoringdroidConfig: Found windowing mode 5, for package com.beemdevelopment.aegis
02-06 09:05:59.222   262   282 D CompatibilityChangeReporter: Compat change id reported: 135634846; UID 10152; state: DISABLED
02-06 09:05:59.222   262   289 D CompatibilityChangeReporter: Compat change id reported: 143937733; UID 10152; state: ENABLED
02-06 09:05:59.229   262   289 I ActivityManager: Start proc 3132:com.beemdevelopment.aegis/u0a152 for top-activity {com.beemdevelopment.aegis/com.beemdevelopment.aegis.ui.MainActivity}
02-06 09:05:59.875  3132  3132 D ViewRootImpl[MainActivity]: updatePointerIcon called with position out of bounds
02-06 09:05:59.933  3132  3132 I chatty  : uid=10152(com.beemdevelopment.aegis) identical 4 lines
02-06 09:05:59.949  3132  3132 D ViewRootImpl[MainActivity]: updatePointerIcon called with position out of bounds
02-06 09:05:59.955   262  1151 D CompatibilityChangeReporter: Compat change id reported: 135634846; UID 10149; state: DISABLED
02-06 09:05:59.955   262   289 D CompatibilityChangeReporter: Compat change id reported: 143937733; UID 10149; state: ENABLED
02-06 09:05:59.962   262   289 I ActivityManager: Start proc 3190:org.mozilla.firefox:tab35/u0a149 for service {org.mozilla.firefox/org.mozilla.gecko.process.GeckoChildProcessServices$tab35}
02-06 09:06:00.050  3132  3132 D ViewRootImpl[MainActivity]: updatePointerIcon called with position out of bounds
02-06 09:06:00.066  3132  3132 D ViewRootImpl[MainActivity]: updatePointerIcon called with position out of bounds
02-06 09:06:00.152   262  1153 D CompatibilityChangeReporter: Compat change id reported: 135634846; UID 10149; state: DISABLED
02-06 09:06:00.152   262   289 D CompatibilityChangeReporter: Compat change id reported: 143937733; UID 10149; state: ENABLED
02-06 09:06:00.156   262   289 I ActivityManager: Start proc 3239:org.mozilla.firefox:gpu/u0a149 for service {org.mozilla.firefox/org.mozilla.gecko.process.GeckoChildProcessServices$gpu}
02-06 09:06:00.261   262  1151 I ActivityManager: Killing 1959:com.google.android.syncadapters.contacts/u0a119 (adj 985): empty #17
02-06 09:06:00.261   262  1151 I ActivityManager: Killing 2076:org.lineageos.waydroidupdater/u0a130 (adj 985): empty #18
02-06 09:06:04.091   262   339 D ConnectivityService: [100 ETHERNET] validation failed
02-06 09:06:07.813   262  1153 I ActivityManager: Killing 2431:com.twitter.android/u0a153 (adj 915): empty #17
02-06 09:06:07.820   262  2911 D ConnectivityService: ConnectivityService NetworkRequestInfo binderDied(NetworkRequest [ TRACK_DEFAULT id=31, [ Capabilities: INTERNET&NOT_RESTRICTED&TRUSTED Uid: 10153 AdministratorUids: [] RequestorUid: 10153 RequestorPackageName: com.twitter.android] ], android.os.BinderProxy@a9ccc2b)
02-06 09:06:07.820   262   339 D ConnectivityService: releasing NetworkRequest [ TRACK_DEFAULT id=31, [ Capabilities: INTERNET&NOT_RESTRICTED&TRUSTED Uid: 10153 AdministratorUids: [] RequestorUid: 10153 RequestorPackageName: com.twitter.android] ] (release request)
02-06 09:06:08.205   262   276 I ActivityManager: Killing 2607:org.mozilla.firefox/u0a149 (adj 975): empty #17
02-06 09:06:08.214   262  1153 D ConnectivityService: ConnectivityService NetworkRequestInfo binderDied(NetworkRequest [ TRACK_DEFAULT id=33, [ Capabilities: INTERNET&NOT_RESTRICTED&TRUSTED Uid: 10149 AdministratorUids: [] RequestorUid: 10149 RequestorPackageName: org.mozilla.firefox] ], android.os.BinderProxy@36f282a)
02-06 09:06:08.215   262   339 D ConnectivityService: releasing NetworkRequest [ TRACK_DEFAULT id=33, [ Capabilities: INTERNET&NOT_RESTRICTED&TRUSTED Uid: 10149 AdministratorUids: [] RequestorUid: 10149 RequestorPackageName: org.mozilla.firefox] ] (release request)
02-06 09:06:08.221   262   575 I ActivityManager: Process org.mozilla.firefox:tab35 (pid 3190) has died: fg  SVC 
02-06 09:06:08.222   262   575 I ActivityManager: Process org.mozilla.firefox:gpu (pid 3239) has died: fg  SVC 
02-06 09:06:08.245   262   288 W BroadcastQueue: Permission Denial: broadcasting Intent { act=com.google.android.checkin.CHECKIN_COMPLETE flg=0x1000010 (has extras) } from com.google.android.gms (pid=1094, uid=10115) is not exported from uid 10114 due to receiver com.android.vending/com.google.android.finsky.checkin.CheckinReceiver
02-06 09:06:08.309   262   288 W BroadcastQueue: Permission Denial: broadcasting Intent { act=com.google.android.checkin.CHECKIN_COMPLETE flg=0x1000010 (has extras) } from com.google.android.gms (pid=1094, uid=10115) is not exported from uid 10114 due to receiver com.android.vending/com.google.android.finsky.checkin.CheckinReceiver
02-06 09:06:08.312   262   637 W ActivityManager: stopServiceToken startId 2 is last, but have 1 remaining args
02-06 09:06:08.386     0     0 I binder_linux: undelivered transaction 132234, process died.
02-06 09:06:08.386     0     0 I binder_linux: undelivered transaction 132235, process died.
02-06 09:06:08.386     0     0 I binder_linux: undelivered transaction 132233, process died.
02-06 09:06:09.564    60  2580 W SocketClient: write error (Broken pipe)
02-06 09:06:09.564    60  2578 W SocketClient: write error (Broken pipe)
02-06 09:06:09.564    60  2582 W SocketClient: write error (Broken pipe)
02-06 09:06:10.184    60  3252 W SocketClient: write error (Broken pipe)
02-06 09:06:10.184    60  3255 W SocketClient: write error (Broken pipe)
02-06 09:06:10.184    60  3254 W SocketClient: write error (Broken pipe)
02-06 09:06:13.268   262   326 I ActivityManager: Killing 975:android.process.acore/u0a79 (adj 975): empty #17
02-06 09:06:13.272   262   326 D CountryDetector: No listener is left
02-06 09:06:20.864   262   637 D CompatibilityChangeReporter: Compat change id reported: 149924527; UID 10115; state: ENABLED
02-06 09:06:20.864   262   637 D CompatibilityChangeReporter: Compat change id reported: 132649864; UID 10115; state: DISABLED
02-06 09:06:25.113   262   339 D ConnectivityService: [100 ETHERNET] validation failed
02-06 09:06:25.274  3132  3132 D ViewRootImpl[MainActivity]: updatePointerIcon called with position out of bounds
02-06 09:06:27.833  3132  3132 I chatty  : uid=10152(com.beemdevelopment.aegis) identical 28 lines
02-06 09:06:27.849  3132  3132 D ViewRootImpl[MainActivity]: updatePointerIcon called with position out of bounds
02-06 09:06:27.901   262   652 I ActivityManager: Killing 2698:org.torproject.torbrowser/u0a151 (adj 975): empty #17
02-06 09:06:27.908   262   575 D ConnectivityService: ConnectivityService NetworkRequestInfo binderDied(NetworkRequest [ TRACK_DEFAULT id=34, [ Capabilities: INTERNET&NOT_RESTRICTED&TRUSTED Uid: 10151 AdministratorUids: [] RequestorUid: 10151 RequestorPackageName: org.torproject.torbrowser] ], android.os.BinderProxy@850069a)
02-06 09:06:27.908   262   339 D ConnectivityService: releasing NetworkRequest [ TRACK_DEFAULT id=34, [ Capabilities: INTERNET&NOT_RESTRICTED&TRUSTED Uid: 10151 AdministratorUids: [] RequestorUid: 10151 RequestorPackageName: org.torproject.torbrowser] ] (release request)
02-06 09:06:27.933  3132  3132 D ViewRootImpl[MainActivity]: updatePointerIcon called with position out of bounds
02-06 09:06:27.936   262   276 I ActivityManager: Process org.torproject.torbrowser:tab13 (pid 2792) has died: fg  SVC 
02-06 09:06:27.949  3132  3132 D ViewRootImpl[MainActivity]: updatePointerIcon called with position out of bounds
02-06 09:06:29.354  3132  3132 I chatty  : uid=10152(com.beemdevelopment.aegis) identical 22 lines
02-06 09:06:29.450  3132  3132 D ViewRootImpl[MainActivity]: updatePointerIcon called with position out of bounds
02-06 09:06:29.455  3132  3132 D ViewRootImpl[MainActivity]: updatePointerIcon called after view was removed
02-06 09:06:29.455  3132  3132 W ViewRootImpl[MainActivity]: Dropping event due to root view being removed: MotionEvent { action=ACTION_HOVER_ENTER, actionButton=0, id[0]=0, x[0]=501.0, y[0]=-229.0, toolType[0]=TOOL_TYPE_MOUSE, buttonState=0, classification=NONE, metaState=0, flags=0x0, edgeFlags=0x0, pointerCount=1, historySize=0, eventTime=1878206, downTime=1878110, deviceId=3, source=0x2002, displayId=0 }
02-06 09:06:29.455  3132  3132 W ViewRootImpl[MainActivity]: Dropping event due to root view being removed: MotionEvent { action=ACTION_HOVER_MOVE, actionButton=0, id[0]=0, x[0]=501.0, y[0]=-229.0, toolType[0]=TOOL_TYPE_MOUSE, buttonState=0, classification=NONE, metaState=0, flags=0x0, edgeFlags=0x0, pointerCount=1, historySize=0, eventTime=1878206, downTime=1878110, deviceId=3, source=0x2002, displayId=0 }
02-06 09:06:39.938   262   282 W ActivityTaskManager: Launch timeout has expired, giving up wake lock!
02-06 09:06:47.138   262   339 D ConnectivityService: [100 ETHERNET] validation failed
02-06 09:06:47.645   262  3421 W DexManager: Skipping dexopt for system server path loaded with variable class loader context: /system/framework/com.android.location.provider.jar
02-06 09:07:14.231   262   288 W BroadcastQueue: Permission Denial: broadcasting Intent { act=com.google.android.checkin.CHECKIN_COMPLETE flg=0x1000010 (has extras) } from com.google.android.gms (pid=1094, uid=10115) is not exported from uid 10114 due to receiver com.android.vending/com.google.android.finsky.checkin.CheckinReceiver
02-06 09:07:17.653   262   339 D ConnectivityService: [100 ETHERNET] validation failed
02-06 09:07:23.917   262   296 V DisplayPowerController: Brightness [0.05] reason changing to: 'manual [ dim ]', previous reason: 'manual'.
02-06 09:07:45.677   262   339 D ConnectivityService: [100 ETHERNET] validation failed
02-06 09:07:46.288   262   296 V DisplayPowerController: Brightness [0.39763778] reason changing to: 'manual', previous reason: 'manual [ dim ]'.
02-06 09:08:21.704   262   339 D ConnectivityService: [100 ETHERNET] validation failed
02-06 09:08:40.845   262   296 V DisplayPowerController: Brightness [0.05] reason changing to: 'manual [ dim ]', previous reason: 'manual'.
02-06 09:08:58.331   262   287 I ActivityManager: Killing 2766:com.android.deskclock/u0a128 (adj 985): empty #17
02-06 09:09:13.758   262   339 D ConnectivityService: [100 ETHERNET] validation failed
02-06 09:10:23.714   262   296 V DisplayPowerController: Brightness [0.39763778] reason changing to: 'manual', previous reason: 'manual [ dim ]'.
02-06 09:10:24.851   262  1153 I ActivityTaskManager: START u0 {act=android.intent.action.MAIN cat=[android.intent.category.LAUNCHER] flg=0x10200000 cmp=com.beemdevelopment.aegis/.ui.MainActivity bnds=[7,115][388,272]} from uid 10132
02-06 09:10:24.852   262  1153 D BoringdroidConfig: Found overlay windowing mode 0, for package com.beemdevelopment.aegis
02-06 09:10:24.852   262  1153 D BoringdroidConfig: Found overlay windowing mode 0, for package com.beemdevelopment.aegis
02-06 09:10:24.852   262  1153 D BoringdroidConfig: Found windowing mode 5, for package com.beemdevelopment.aegis
02-06 09:10:24.853   262  1153 W ActivityTaskManager: Tried to set launchTime (0) < mLastActivityLaunchTime (1848060)
02-06 09:10:25.657  3132  3132 D ViewRootImpl[MainActivity]: updatePointerIcon called with position out of bounds
02-06 09:10:25.666  3132  3132 D ViewRootImpl[MainActivity]: updatePointerIcon called with position out of bounds
02-06 09:10:27.954   262   652 I ActivityTaskManager: START u0 {cmp=com.beemdevelopment.aegis/.ui.PreferencesActivity (has extras)} from uid 10152
02-06 09:10:27.955   262   652 D BoringdroidConfig: Found overlay windowing mode 0, for package com.beemdevelopment.aegis
02-06 09:10:27.955   262   652 D BoringdroidConfig: Found overlay windowing mode 0, for package com.beemdevelopment.aegis
02-06 09:10:27.955   262   652 D BoringdroidConfig: Found windowing mode 5, for package com.beemdevelopment.aegis
02-06 09:10:27.971   262   652 W ActivityTaskManager: Tried to set launchTime (0) < mLastActivityLaunchTime (2113609)
02-06 09:10:37.793   262   339 D ConnectivityService: [100 ETHERNET] validation failed
