02-06 09:05:40.867   262   262 D ConditionProviders.SCP: Scheduling evaluate for Mon Feb 06 22:00:00 GMT 2023 (1675720800000), in +12h54m19s140ms, now=Mon Feb 06 09:05:40 GMT 2023 (1675674340860)
02-06 09:05:40.868   262   262 I ConnectivityModuleConnector: Networking module service connected
02-06 09:05:40.870   146   146 E wificond: Failed to get wiphy index
02-06 09:05:40.871   415   415 D SystemUIBootTiming: StartServicescom.android.systemui.util.NotificationChannels took to complete: 0ms
02-06 09:05:40.885   262   262 D BluetoothManagerService: Trying to bind to profile: 1, while Bluetooth was disabled
02-06 09:05:40.885   262   749 I Telecom : BluetoothRouteManager: getBluetoothAudioConnectedDevice: no service available.
02-06 09:05:40.886   262   262 I Telecom : SystemStateHelper: Registering car mode receiver: android.content.IntentFilter@da95f2: TS.init@AAA
02-06 09:05:40.891   262   753 I Telecom : Logging.Events: Non-call EVENT: AUDIO_ROUTE, Entering state QuiescentSpeakerRoute
02-06 09:05:40.891   262   753 I Telecom : BluetoothRouteManager: getBluetoothAudioConnectedDevice: no service available.
02-06 09:05:40.892   262   754 I Telecom : CallAudioModeStateMachine: Message received: null.: TS.init->CAMSM.pM_1@AAA
02-06 09:05:40.893   262   262 I Telecom : MissedCallNotifierImpl: reloadFromDatabase: Boot not yet complete -- call log db may not be available. Deferring loading until boot complete for user 0: TS.init@AAA
02-06 09:05:40.893   262   262 I Telecom : MissedCallNotifierImpl: reloadFromDatabase: Boot not yet complete -- call log db may not be available. Deferring loading until boot complete for user 0: TS.init@AAA
02-06 09:05:40.893   262   262 D BluetoothManagerService: Trying to bind to profile: 1, while Bluetooth was disabled
02-06 09:05:40.894   262   262 I Telecom : Class: TelecomSystem.INSTANCE being set
02-06 09:05:40.894   262   262 W ContextImpl: Calling a method in the system process without a qualified user: android.app.ContextImpl.startService:1669 android.content.ContextWrapper.startService:720 com.android.server.telecom.components.TelecomService.initializeTelecomSystem:213 com.android.server.telecom.components.TelecomService$1.createTelecomService:81 com.android.server.telecom.TelecomLoaderService$TelecomServiceConnection.onServiceConnected:62 
02-06 09:05:40.895   262   262 D AutofillManagerService: Restriction did not change for user 0
02-06 09:05:40.895   262   262 I ConnectivityModuleConnector: Networking module service connected
02-06 09:05:40.901   415   415 D SystemUIBootTiming: StartServicescom.android.systemui.keyguard.KeyguardViewMediator took to complete: 29ms
02-06 09:05:40.910   262   637 D CompatibilityChangeReporter: Compat change id reported: 135634846; UID 10132; state: DISABLED
02-06 09:05:40.910   262   289 D CompatibilityChangeReporter: Compat change id reported: 143937733; UID 10132; state: ENABLED
02-06 09:05:40.910   415   415 D SystemUIBootTiming: StartServicescom.android.systemui.recents.Recents took to complete: 9ms
02-06 09:05:40.914   262   289 I ActivityManager: Start proc 777:com.android.launcher3/u0a132 for service {com.android.launcher3/com.android.quickstep.TouchInteractionService}
02-06 09:05:40.925   262   262 W NotificationHistory: Attempted to add notif for locked/gone/disabled user 0
02-06 09:05:40.926   262   262 I ExplicitHealthCheckController: Explicit health check service is connected ComponentInfo{android.ext.services/android.ext.services.watchdog.ExplicitHealthCheckServiceImpl}
02-06 09:05:40.926   262   262 I ExplicitHealthCheckController: Service initialized, syncing requests
02-06 09:05:40.926   262   262 V NotificationAssistants: 0 notification assistant service connected: ComponentInfo{android.ext.services/android.ext.services.notification.Assistant}
02-06 09:05:40.926   262   575 D CompatibilityChangeReporter: Compat change id reported: 124107808; UID 1001; state: ENABLED
02-06 09:05:40.926   262   262 I Telecom : WiredHeadsetManager: ACTION_HEADSET_PLUG event, plugged in: false, : WHC.oADA@AAE
02-06 09:05:40.927   262   262 W Looper  : Drained
02-06 09:05:40.928   262   262 D PackageWatchdog: Getting all observed packages pending health checks
02-06 09:05:40.928   262   262 I PackageWatchdog: Syncing health check requests for packages: {}
02-06 09:05:40.928   262   262 D ExplicitHealthCheckController: Getting health check supported packages
02-06 09:05:40.928   262   575 I ExplicitHealthCheckController: Explicit health check supported packages [PackageConfig{com.android.networkstack, 86400000}]
02-06 09:05:40.928   262   575 D PackageWatchdog: Received supported packages [PackageConfig{com.android.networkstack, 86400000}]
02-06 09:05:40.928   262   575 D ExplicitHealthCheckController: Getting health check requested packages
02-06 09:05:40.929   262   575 I ExplicitHealthCheckController: Explicit health check requested packages []
02-06 09:05:40.929   262   575 I ExplicitHealthCheckController: No more health check requests, unbinding...
02-06 09:05:40.929   262   575 I ExplicitHealthCheckController: Explicit health check service is unbound
02-06 09:05:40.929   262   339 D ConnectivityService: NetReassign [no changes]
02-06 09:05:40.935   415   415 D SystemUIBootTiming: StartServicescom.android.systemui.volume.VolumeUI took to complete: 25ms
02-06 09:05:40.935   415   415 D SystemUIBootTiming: StartServicescom.android.systemui.stackdivider.Divider took to complete: 0ms
02-06 09:05:40.938   262   339 D ConnectivityService: Got NetworkProvider Messenger for PhoneSwitcherNetworkRequstListener
02-06 09:05:40.941   262   339 D ConnectivityService: Got NetworkProvider Messenger for TelephonyNetworkFactory[0]
02-06 09:05:40.943   262   582 D BluetoothManagerService: Trying to bind to profile: 1, while Bluetooth was disabled
02-06 09:05:40.952   262   287 D CountryDetector: Using custom country detector class: com.android.server.location.ComprehensiveCountryDetector
02-06 09:05:40.960   262   339 D ConnectivityService: NetReassign [no changes]
02-06 09:05:40.961   262   277 D ConnectivityService: requestNetwork for uid/pid:10135/415 NetworkRequest [ TRACK_DEFAULT id=15, [ Capabilities: INTERNET&NOT_RESTRICTED&TRUSTED Uid: 10135 AdministratorUids: [] RequestorUid: 10135 RequestorPackageName: com.android.systemui] ]
02-06 09:05:40.961   262   339 D ConnectivityService: NetReassign [no changes]
02-06 09:05:40.961   262   575 D ConnectivityService: requestNetwork for uid/pid:10135/415 NetworkRequest [ TRACK_DEFAULT id=16, [ Capabilities: INTERNET&NOT_RESTRICTED&TRUSTED Uid: 10135 AdministratorUids: [] RequestorUid: 10135 RequestorPackageName: com.android.systemui] ]
02-06 09:05:40.961   262   339 D ConnectivityService: NetReassign [no changes]
02-06 09:05:40.973   262   277 I StatusBarManagerService: registerStatusBar bar=com.android.internal.statusbar.IStatusBar$Stub$Proxy@328ca99
02-06 09:05:40.989   262   326 D ConnectivityService: requestNetwork for uid/pid:1001/654 NetworkRequest [ TRACK_DEFAULT id=17, [ Capabilities: INTERNET&NOT_RESTRICTED&TRUSTED Uid: 1001 AdministratorUids: [] RequestorUid: 1001 RequestorPackageName: com.android.phone] ]
02-06 09:05:40.989   262   339 D ConnectivityService: NetReassign [no changes]
02-06 09:05:40.993   262   326 I Telecom : PhoneAccountRegistrar: Modify account: [ComponentInfo{com.android.phone/com.android.services.telephony.TelephonyConnectionService}, ***, UserHandle{0}]: TSI.rPA@AAU
02-06 09:05:40.993   262   326 I Telecom : CallsManager: handlePhoneAccountChanged: phoneAccount=[[X] PhoneAccount: ComponentInfo{com.android.phone/com.android.services.telephony.TelephonyConnectionService}, ***, UserHandle{0} Capabilities: CallProvider MultiUser PlaceEmerg SimSub  Audio Routes: BESW Schemes: tel voicemail  Extras: Bundle[{android.telecom.extra.SUPPORTS_VIDEO_CALLING_FALLBACK=true}] GroupId: ***]: TSI.rPA@AAU
02-06 09:05:40.998   262   276 I Telecom : PhoneAccountRegistrar: Modify account: [ComponentInfo{com.android.phone/com.android.services.telephony.TelephonyConnectionService}, ***, UserHandle{0}]: TSI.rPA@AAc
02-06 09:05:40.999   262   276 I Telecom : CallsManager: handlePhoneAccountChanged: phoneAccount=[[X] PhoneAccount: ComponentInfo{com.android.phone/com.android.services.telephony.TelephonyConnectionService}, ***, UserHandle{0} Capabilities: CallProvider MultiUser PlaceEmerg SimSub  Audio Routes: BESW Schemes: tel voicemail  Extras: Bundle[{android.telecom.extra.SUPPORTS_VIDEO_CALLING_FALLBACK=true}] GroupId: ***]: TSI.rPA@AAc
02-06 09:05:41.016   262   283 V WindowManager: Orientation start waiting for draw, mDrawState=DRAW_PENDING in Window{529df3f u0 com.android.settings/com.android.settings.FallbackHome}, surfaceController TID:2#com.android.settings/com.android.settings.FallbackHome
02-06 09:05:41.024   262   339 D ConnectivityService: NetReassign [no changes]
02-06 09:05:41.025   415   415 V FODCircleViewImpl: *** register callback for com.android.systemui.statusbar.phone.StatusBar$5@e406eb4
02-06 09:05:41.025   415   415 V FODCircleViewImpl: *** unregister callback for null
02-06 09:05:41.025   415   415 D SystemUIBootTiming: StartServicescom.android.systemui.statusbar.phone.StatusBar took to complete: 90ms
02-06 09:05:41.025   415   821 W ActivityThread: Failed to find provider info for com.android.contacts (user not unlocked)
02-06 09:05:41.026   415   415 D SystemUIBootTiming: StartServicescom.android.systemui.usb.StorageNotification took to complete: 1ms
02-06 09:05:41.028   415   415 D SystemUIBootTiming: StartServicescom.android.systemui.power.PowerUI took to complete: 2ms
02-06 09:05:41.028   415   415 D SystemUIBootTiming: StartServicescom.android.systemui.media.RingtonePlayer took to complete: 0ms
02-06 09:05:41.028   415   415 D SystemUIBootTiming: StartServicescom.android.systemui.keyboard.KeyboardUI took to complete: 0ms
02-06 09:05:41.028   415   415 D SystemUIBootTiming: StartServicescom.android.systemui.pip.PipUI took to complete: 0ms
02-06 09:05:41.028   415   415 D SystemUIBootTiming: StartServicescom.android.systemui.shortcut.ShortcutKeyDispatcher took to complete: 0ms
02-06 09:05:41.028   415   415 D SystemUIBootTiming: StartServicescom.android.systemui.VendorServices took to complete: 0ms
02-06 09:05:41.028   415   415 D SystemUIBootTiming: StartServicescom.android.systemui.util.leak.GarbageMonitor$Service took to complete: 0ms
02-06 09:05:41.028   415   415 D SystemUIBootTiming: StartServicescom.android.systemui.LatencyTester took to complete: 0ms
02-06 09:05:41.029   415   415 D SystemUIBootTiming: StartServicescom.android.systemui.globalactions.GlobalActionsComponent took to complete: 1ms
02-06 09:05:41.029   415   415 D SystemUIBootTiming: StartServicescom.android.systemui.ScreenDecorations took to complete: 0ms
02-06 09:05:41.029   415   415 D SystemUIBootTiming: StartServicescom.android.systemui.biometrics.AuthController took to complete: 0ms
02-06 09:05:41.029   415   415 D SystemUIBootTiming: StartServicescom.android.systemui.biometrics.FODCircleViewImpl took to complete: 0ms
02-06 09:05:41.029   415   415 D SystemUIBootTiming: StartServicescom.android.systemui.SliceBroadcastRelayHandler took to complete: 0ms
02-06 09:05:41.029   415   415 D SystemUIBootTiming: StartServicescom.android.systemui.SizeCompatModeActivityController took to complete: 0ms
02-06 09:05:41.029   415   415 D SystemUIBootTiming: StartServicescom.android.systemui.statusbar.notification.InstantAppNotifier took to complete: 0ms
02-06 09:05:41.032   415   415 D SystemUIBootTiming: StartServicescom.android.systemui.theme.ThemeOverlayController took to complete: 3ms
02-06 09:05:41.032   415   415 D SystemUIBootTiming: StartServicescom.android.systemui.accessibility.WindowMagnification took to complete: 0ms
02-06 09:05:41.033   262   277 V WindowManager: Orientation start waiting for draw, mDrawState=DRAW_PENDING in Window{529df3f u0 com.android.settings/com.android.settings.FallbackHome}, surfaceController TID:2#com.android.settings/com.android.settings.FallbackHome
02-06 09:05:41.034   415   415 D SystemUIBootTiming: StartServicescom.android.systemui.accessibility.SystemActions took to complete: 2ms
02-06 09:05:41.034   415   415 D SystemUIBootTiming: StartServicescom.android.systemui.toast.ToastUI took to complete: 0ms
02-06 09:05:41.036   415   415 D SystemUIBootTiming: StartServices took to complete: 165ms
02-06 09:05:41.050   262   282 I ActivityManagerTiming: FinishBooting
02-06 09:05:41.078   262   339 D ConnectivityService: NetReassign [no changes]
02-06 09:05:41.084   262   276 E WindowManager: Window Session Crash
02-06 09:05:41.084   262   276 E WindowManager: java.lang.IllegalArgumentException: Requested window null does not exist
02-06 09:05:41.084   262   276 E WindowManager: 	at com.android.server.wm.WindowManagerService.windowForClientLocked(WindowManagerService.java:5458)
02-06 09:05:41.084   262   276 E WindowManager: 	at com.android.server.wm.Session.actionOnWallpaper(Session.java:356)
02-06 09:05:41.084   262   276 E WindowManager: 	at com.android.server.wm.Session.setWallpaperZoomOut(Session.java:382)
02-06 09:05:41.084   262   276 E WindowManager: 	at android.view.IWindowSession$Stub.onTransact(IWindowSession.java:1154)
02-06 09:05:41.084   262   276 E WindowManager: 	at com.android.server.wm.Session.onTransact(Session.java:139)
02-06 09:05:41.084   262   276 E WindowManager: 	at android.os.Binder.execTransactInternal(Binder.java:1159)
02-06 09:05:41.084   262   276 E WindowManager: 	at android.os.Binder.execTransact(Binder.java:1123)
02-06 09:05:41.161   415   732 W ActivityThread: Failed to find provider info for com.android.contacts (user not unlocked)
02-06 09:05:41.161   415   821 W ActivityThread: Failed to find provider info for com.android.contacts (user not unlocked)
02-06 09:05:41.212   262   288 W BroadcastQueue: Background execution not allowed: receiving Intent { act=android.intent.action.USER_PRESENT flg=0x24200010 } to com.google.android.gms/.chimera.GmsIntentOperationService$PersistentTrustedReceiver
02-06 09:05:41.329   262   288 W BroadcastQueue: Background execution not allowed: receiving Intent { act=android.intent.action.USER_PRESENT flg=0x24200010 } to com.google.android.gms/.chimera.GmsIntentOperationService$PersistentTrustedReceiver
02-06 09:05:43.515   262   324 I WatchlistLoggingHandler: Milliseconds spent on tryAggregateRecords(): 3155
02-06 09:05:43.987   262   371 D ConnectivityService: registerNetworkAgent NetworkAgentInfo{ ni{[type: Ethernet[], state: UNKNOWN/IDLE, reason: (unspecified), extra: , failover: false, available: true, roaming: false]}  network{100}  nethandle{432902426637}  lp{{InterfaceName: eth0 LinkAddresses: [ fe80::8a9a:86e6:36b2:b45b/64,192.168.240.112/24 ] DnsAddresses: [ /192.168.240.1 ] Domains: null MTU: 0 ServerAddress: /192.168.240.1 TcpBufferSizes: 524288,1048576,3145728,524288,1048576,2097152 Routes: [ fe80::/64 -> :: eth0 mtu 0,192.168.240.0/24 -> 0.0.0.0 eth0 mtu 0,0.0.0.0/0 -> 192.168.240.1 eth0 mtu 0 ]}}  nc{[ Transports: ETHERNET Capabilities: NOT_METERED&INTERNET&NOT_RESTRICTED&TRUSTED&NOT_VPN&NOT_ROAMING&FOREGROUND&NOT_CONGESTED&NOT_SUSPENDED LinkUpBandwidth>=100000Kbps LinkDnBandwidth>=100000Kbps AdministratorUids: [] RequestorUid: -1 RequestorPackageName: null]}  Score{30}  everValidated{false}  lastValidated{false}  created{false} lingering{false} explicitlySelected{false} acceptUnvalidated{false} everCaptivePortalDetected{false} lastCaptivePortalDetected{false} partialConnectivity{false} acceptPartialConnectivity{false} clat{mBaseIface: null, mIface: null, mState: IDLE} }
02-06 09:05:43.993   262   339 D ConnectivityService: [100 ETHERNET] EVENT_NETWORK_INFO_CHANGED, going from UNKNOWN to UNKNOWN
02-06 09:05:43.993   262   339 D ConnectivityService: [100 ETHERNET] EVENT_NETWORK_INFO_CHANGED, going from UNKNOWN to CONNECTED
02-06 09:05:43.993   262   339 W DnsManager: updatePrivateDns(100, PrivateDnsConfig{true:/[]})
02-06 09:05:43.994   262   339 D ConnectivityService: Setting DNS servers for network 100 to [/192.168.240.1]
02-06 09:05:43.994   262   339 D DnsManager: sendDnsConfigurationForNetwork(100, [192.168.240.1], [], 1800, 25, 8, 64, 0, 0, , [192.168.240.1])
02-06 09:05:43.994   262   339 D ConnectivityService: Adding iface eth0 to network 100
02-06 09:05:44.001   262   339 D ConnectivityService: Setting DNS servers for network 100 to [/192.168.240.1]
02-06 09:05:44.001   262   339 D DnsManager: sendDnsConfigurationForNetwork(100, [192.168.240.1], [], 1800, 25, 8, 64, 0, 0, , [192.168.240.1])
02-06 09:05:44.031   262   339 D ConnectivityService: NetReassign [1 : null  100, 10 : null  100, 9 : null  100, 17 : null  100, 15 : null  100, 12 : null  100, 16 : null  100]
02-06 09:05:44.031   262   339 D ConnectivityService: Switching to new default network: NetworkAgentInfo{ ni{[type: Ethernet[], state: CONNECTED/CONNECTED, reason: (unspecified), extra: 00:16:3e:f9:d3:03, failover: false, available: true, roaming: false]}  network{100}  nethandle{432902426637}  lp{{InterfaceName: eth0 LinkAddresses: [ fe80::8a9a:86e6:36b2:b45b/64,192.168.240.112/24 ] DnsAddresses: [ /192.168.240.1 ] Domains: null MTU: 0 ServerAddress: /192.168.240.1 TcpBufferSizes: 524288,1048576,3145728,524288,1048576,2097152 Routes: [ fe80::/64 -> :: eth0 mtu 0,192.168.240.0/24 -> 0.0.0.0 eth0 mtu 0,0.0.0.0/0 -> 192.168.240.1 eth0 mtu 0 ]}}  nc{[ Transports: ETHERNET Capabilities: NOT_METERED&INTERNET&NOT_RESTRICTED&TRUSTED&NOT_VPN&NOT_ROAMING&FOREGROUND&NOT_CONGESTED&NOT_SUSPENDED LinkUpBandwidth>=100000Kbps LinkDnBandwidth>=100000Kbps AdministratorUids: [] RequestorUid: -1 RequestorPackageName: null]}  Score{30}  everValidated{false}  lastValidated{false}  created{true} lingering{false} explicitlySelected{false} acceptUnvalidated{false} everCaptivePortalDetected{false} lastCaptivePortalDetected{false} partialConnectivity{false} acceptPartialConnectivity{false} clat{mBaseIface: null, mIface: null, mState: IDLE} }
02-06 09:05:44.072   262   339 D ConnectivityService: Sending CONNECTED broadcast for type 9 [100 ETHERNET] isDefaultNetwork=true
02-06 09:05:44.072   262   339 D ConnectivityService: [100 ETHERNET] EVENT_NETWORK_INFO_CHANGED, going from CONNECTED to CONNECTED
02-06 09:05:44.073   262   262 I SyncManager: Loaded persisted syncs: 1 periodic syncs, 0 oneshot syncs, 15 total system server jobs, JobStats: FirstLoad: 11/6/1 LastSave: -1/-1/-1
02-06 09:05:44.196     0     0 I init    : processing action (sys.sysctl.tcp_def_init_rwnd=*) from (/system/etc/init/hw/init.rc:999)
02-06 09:05:45.990   262   339 D ConnectivityService: releasing NetworkRequest [ TRACK_DEFAULT id=17, [ Capabilities: INTERNET&NOT_RESTRICTED&TRUSTED Uid: 1001 AdministratorUids: [] RequestorUid: 1001 RequestorPackageName: com.android.phone] ] (release request)
02-06 09:05:47.424   262   282 I WindowManager: ******* TELLING SURFACE FLINGER WE ARE BOOTED!
02-06 09:05:47.425   262   282 I ActivityManagerTiming: FinishBooting
02-06 09:05:47.425   262   282 I ActivityManager: About to commit checkpoint
02-06 09:05:47.425   262   282 I SystemServiceManager: Starting phase 1000
02-06 09:05:47.425   262   282 I ActivityManagerTiming: OnBootPhase_1000
02-06 09:05:47.425   262   282 I ActivityManagerTiming: OnBootPhase_1000_com.android.server.security.FileIntegrityService
02-06 09:05:47.425   262   282 D ActivityManagerTiming: OnBootPhase_1000_com.android.server.security.FileIntegrityService took to complete: 0ms
02-06 09:05:47.425   262   282 I ActivityManagerTiming: OnBootPhase_1000_com.android.server.pm.Installer
02-06 09:05:47.425   262   282 D ActivityManagerTiming: OnBootPhase_1000_com.android.server.pm.Installer took to complete: 0ms
02-06 09:05:47.425   262   282 I ActivityManagerTiming: OnBootPhase_1000_com.android.server.os.DeviceIdentifiersPolicyService
02-06 09:05:47.425   262   282 D ActivityManagerTiming: OnBootPhase_1000_com.android.server.os.DeviceIdentifiersPolicyService took to complete: 0ms
02-06 09:05:47.425   262   282 I ActivityManagerTiming: OnBootPhase_1000_com.android.server.uri.UriGrantsManagerService$Lifecycle
02-06 09:05:47.425   262   282 D ActivityManagerTiming: OnBootPhase_1000_com.android.server.uri.UriGrantsManagerService$Lifecycle took to complete: 0ms
02-06 09:05:47.425   262   282 I ActivityManagerTiming: OnBootPhase_1000_com.android.server.wm.ActivityTaskManagerService$Lifecycle
02-06 09:05:47.425   262   282 D ActivityManagerTiming: OnBootPhase_1000_com.android.server.wm.ActivityTaskManagerService$Lifecycle took to complete: 0ms
02-06 09:05:47.425   262   282 I ActivityManagerTiming: OnBootPhase_1000_com.android.server.am.ActivityManagerService$Lifecycle
02-06 09:05:47.425   262   282 D ActivityManagerTiming: OnBootPhase_1000_com.android.server.am.ActivityManagerService$Lifecycle took to complete: 0ms
02-06 09:05:47.425   262   282 I ActivityManagerTiming: OnBootPhase_1000_com.android.server.pm.DataLoaderManagerService
02-06 09:05:47.425   262   282 D ActivityManagerTiming: OnBootPhase_1000_com.android.server.pm.DataLoaderManagerService took to complete: 0ms
02-06 09:05:47.425   262   282 I ActivityManagerTiming: OnBootPhase_1000_com.android.server.power.PowerManagerService
02-06 09:05:47.426   262   282 D ActivityManagerTiming: OnBootPhase_1000_com.android.server.power.PowerManagerService took to complete: 0ms
02-06 09:05:47.426   262   282 I ActivityManagerTiming: OnBootPhase_1000_com.android.server.power.ThermalManagerService
02-06 09:05:47.426   262   282 D ActivityManagerTiming: OnBootPhase_1000_com.android.server.power.ThermalManagerService took to complete: 0ms
02-06 09:05:47.426   262   282 I ActivityManagerTiming: OnBootPhase_1000_com.android.server.recoverysystem.RecoverySystemService$Lifecycle
02-06 09:05:47.426   262   296 V DisplayPowerController: Brightness [0.39763778] reason changing to: 'manual', previous reason: 'override'.
02-06 09:05:47.426   262   282 D ActivityManagerTiming: OnBootPhase_1000_com.android.server.recoverysystem.RecoverySystemService$Lifecycle took to complete: 0ms
02-06 09:05:47.426   262   282 I ActivityManagerTiming: OnBootPhase_1000_com.android.server.lights.LightsService
02-06 09:05:47.426   262   282 D ActivityManagerTiming: OnBootPhase_1000_com.android.server.lights.LightsService took to complete: 0ms
02-06 09:05:47.426   262   282 I ActivityManagerTiming: OnBootPhase_1000_com.android.server.display.DisplayManagerService
02-06 09:05:47.426   262   282 D ActivityManagerTiming: OnBootPhase_1000_com.android.server.display.DisplayManagerService took to complete: 0ms
02-06 09:05:47.426   262   282 I ActivityManagerTiming: OnBootPhase_1000_com.android.server.pm.UserManagerService$LifeCycle
02-06 09:05:47.426   262   282 D ActivityManagerTiming: OnBootPhase_1000_com.android.server.pm.UserManagerService$LifeCycle took to complete: 0ms
02-06 09:05:47.426   262   282 I ActivityManagerTiming: OnBootPhase_1000_com.android.server.om.OverlayManagerService
02-06 09:05:47.426   262   282 D ActivityManagerTiming: OnBootPhase_1000_com.android.server.om.OverlayManagerService took to complete: 0ms
02-06 09:05:47.426   262   282 I ActivityManagerTiming: OnBootPhase_1000_com.android.server.SensorPrivacyService
02-06 09:05:47.426   262   282 D ActivityManagerTiming: OnBootPhase_1000_com.android.server.SensorPrivacyService took to complete: 0ms
02-06 09:05:47.426   262   282 I ActivityManagerTiming: OnBootPhase_1000_com.android.server.SystemConfigService
02-06 09:05:47.426   262   282 D ActivityManagerTiming: OnBootPhase_1000_com.android.server.SystemConfigService took to complete: 0ms
02-06 09:05:47.426   262   282 I ActivityManagerTiming: OnBootPhase_1000_com.android.server.BatteryService
02-06 09:05:47.461   262   276 D CompatibilityChangeReporter: Compat change id reported: 135634846; UID 10126; state: DISABLED
02-06 09:05:47.461   262   289 D CompatibilityChangeReporter: Compat change id reported: 143937733; UID 10126; state: DISABLED
02-06 09:05:47.461   262   282 D ActivityManagerTiming: OnBootPhase_1000_com.android.server.BatteryService took to complete: 35ms
02-06 09:05:47.461   262   282 I ActivityManagerTiming: OnBootPhase_1000_com.android.server.usage.UsageStatsService
02-06 09:05:47.461   262   282 D ActivityManagerTiming: OnBootPhase_1000_com.android.server.usage.UsageStatsService took to complete: 0ms
02-06 09:05:47.461   262   282 I ActivityManagerTiming: OnBootPhase_1000_com.android.server.webkit.WebViewUpdateService
02-06 09:05:47.461   262   282 D ActivityManagerTiming: OnBootPhase_1000_com.android.server.webkit.WebViewUpdateService took to complete: 0ms
02-06 09:05:47.461   262   282 I ActivityManagerTiming: OnBootPhase_1000_com.android.server.CachedDeviceStateService
02-06 09:05:47.461   262   282 D ActivityManagerTiming: OnBootPhase_1000_com.android.server.CachedDeviceStateService took to complete: 0ms
02-06 09:05:47.461   262   282 I ActivityManagerTiming: OnBootPhase_1000_com.android.server.BinderCallsStatsService$LifeCycle
02-06 09:05:47.461   262   282 D ActivityManagerTiming: OnBootPhase_1000_com.android.server.BinderCallsStatsService$LifeCycle took to complete: 0ms
02-06 09:05:47.461   262   282 I ActivityManagerTiming: OnBootPhase_1000_com.android.server.LooperStatsService$Lifecycle
02-06 09:05:47.462   262   282 D ActivityManagerTiming: OnBootPhase_1000_com.android.server.LooperStatsService$Lifecycle took to complete: 0ms
02-06 09:05:47.462   262   282 I ActivityManagerTiming: OnBootPhase_1000_com.android.server.rollback.RollbackManagerService
02-06 09:05:47.462   262   282 D ActivityManagerTiming: OnBootPhase_1000_com.android.server.rollback.RollbackManagerService took to complete: 1ms
02-06 09:05:47.462   262   282 I ActivityManagerTiming: OnBootPhase_1000_com.android.server.os.BugreportManagerService
02-06 09:05:47.462   262   282 D ActivityManagerTiming: OnBootPhase_1000_com.android.server.os.BugreportManagerService took to complete: 0ms
02-06 09:05:47.462   262   282 I ActivityManagerTiming: OnBootPhase_1000_com.android.server.gpu.GpuService
02-06 09:05:47.462   262   282 D ActivityManagerTiming: OnBootPhase_1000_com.android.server.gpu.GpuService took to complete: 0ms
02-06 09:05:47.462   262   282 I ActivityManagerTiming: OnBootPhase_1000_com.android.server.security.KeyChainSystemService
02-06 09:05:47.462   262   282 D ActivityManagerTiming: OnBootPhase_1000_com.android.server.security.KeyChainSystemService took to complete: 0ms
02-06 09:05:47.462   262   282 I ActivityManagerTiming: OnBootPhase_1000_com.android.server.telecom.TelecomLoaderService
02-06 09:05:47.462   262   282 D ActivityManagerTiming: OnBootPhase_1000_com.android.server.telecom.TelecomLoaderService took to complete: 0ms
02-06 09:05:47.462   262   282 I ActivityManagerTiming: OnBootPhase_1000_com.android.server.accounts.AccountManagerService$Lifecycle
02-06 09:05:47.462   262   312 D RollbackManager: mRollbackLifetimeDurationInMillis=1209600000
02-06 09:05:47.462   262   282 D ActivityManagerTiming: OnBootPhase_1000_com.android.server.accounts.AccountManagerService$Lifecycle took to complete: 0ms
02-06 09:05:47.462   262   282 I ActivityManagerTiming: OnBootPhase_1000_com.android.server.content.ContentService$Lifecycle
02-06 09:05:47.462   262   282 D ActivityManagerTiming: OnBootPhase_1000_com.android.server.content.ContentService$Lifecycle took to complete: 0ms
02-06 09:05:47.462   262   282 I ActivityManagerTiming: OnBootPhase_1000_com.android.server.DropBoxManagerService
02-06 09:05:47.462   262   282 D ActivityManagerTiming: OnBootPhase_1000_com.android.server.DropBoxManagerService took to complete: 0ms
02-06 09:05:47.462   262   287 D AppStandbyController: Loading headless system app cache. appIdleEnabled=true
02-06 09:05:47.462   262   282 I ActivityManagerTiming: OnBootPhase_1000_com.android.server.AlarmManagerService
02-06 09:05:47.462   262   282 D ActivityManagerTiming: OnBootPhase_1000_com.android.server.AlarmManagerService took to complete: 0ms
02-06 09:05:47.462   262   282 I ActivityManagerTiming: OnBootPhase_1000_com.android.server.BluetoothService
02-06 09:05:47.462   262   282 D ActivityManagerTiming: OnBootPhase_1000_com.android.server.BluetoothService took to complete: 0ms
02-06 09:05:47.462   262   282 I ActivityManagerTiming: OnBootPhase_1000_com.android.server.connectivity.IpConnectivityMetrics
02-06 09:05:47.462   262   282 D ActivityManagerTiming: OnBootPhase_1000_com.android.server.connectivity.IpConnectivityMetrics took to complete: 0ms
02-06 09:05:47.462   262   282 I ActivityManagerTiming: OnBootPhase_1000_com.android.server.net.watchlist.NetworkWatchlistService$Lifecycle
02-06 09:05:47.462   262   282 D ActivityManagerTiming: OnBootPhase_1000_com.android.server.net.watchlist.NetworkWatchlistService$Lifecycle took to complete: 0ms
02-06 09:05:47.462   262   282 I ActivityManagerTiming: OnBootPhase_1000_com.android.server.PinnerService
02-06 09:05:47.462   262   282 D ActivityManagerTiming: OnBootPhase_1000_com.android.server.PinnerService took to complete: 0ms
02-06 09:05:47.462   262   282 I ActivityManagerTiming: OnBootPhase_1000_com.google.android.startop.iorap.IorapForwardingService
02-06 09:05:47.462   262   282 D ActivityManagerTiming: OnBootPhase_1000_com.google.android.startop.iorap.IorapForwardingService took to complete: 0ms
02-06 09:05:47.462   262   282 I ActivityManagerTiming: OnBootPhase_1000_com.android.server.integrity.AppIntegrityManagerService
02-06 09:05:47.462   262   282 D ActivityManagerTiming: OnBootPhase_1000_com.android.server.integrity.AppIntegrityManagerService took to complete: 0ms
02-06 09:05:47.462   262   282 I ActivityManagerTiming: OnBootPhase_1000_com.android.server.inputmethod.InputMethodManagerService$Lifecycle
02-06 09:05:47.462   262   282 D ActivityManagerTiming: OnBootPhase_1000_com.android.server.inputmethod.InputMethodManagerService$Lifecycle took to complete: 0ms
02-06 09:05:47.462   262   282 I ActivityManagerTiming: OnBootPhase_1000_com.android.server.accessibility.AccessibilityManagerService$Lifecycle
02-06 09:05:47.462   262   282 D ActivityManagerTiming: OnBootPhase_1000_com.android.server.accessibility.AccessibilityManagerService$Lifecycle took to complete: 0ms
02-06 09:05:47.462   262   282 I ActivityManagerTiming: OnBootPhase_1000_com.android.server.StorageManagerService$Lifecycle
02-06 09:05:47.462   262   282 D StorageManagerService: FUSE flags. Settings: true. Default: true
02-06 09:05:47.462   262   282 D ActivityManagerTiming: OnBootPhase_1000_com.android.server.StorageManagerService$Lifecycle took to complete: 0ms
02-06 09:05:47.462   262   282 I ActivityManagerTiming: OnBootPhase_1000_com.android.server.usage.StorageStatsService$Lifecycle
02-06 09:05:47.462   262   282 D ActivityManagerTiming: OnBootPhase_1000_com.android.server.usage.StorageStatsService$Lifecycle took to complete: 0ms
02-06 09:05:47.462   262   282 I ActivityManagerTiming: OnBootPhase_1000_com.android.server.UiModeManagerService
02-06 09:05:47.462   262   327 D StorageManagerService: Thinking about init, mBootCompleted=true, mDaemonConnected=true
02-06 09:05:47.462   262   282 D ActivityManagerTiming: OnBootPhase_1000_com.android.server.UiModeManagerService took to complete: 0ms
02-06 09:05:47.462   262   327 D StorageManagerService: Setting up emulation state, initlocked=false
02-06 09:05:47.462   262   282 I ActivityManagerTiming: OnBootPhase_1000_com.android.server.locksettings.LockSettingsService$Lifecycle
02-06 09:05:47.462   262   282 D ActivityManagerTiming: OnBootPhase_1000_com.android.server.locksettings.LockSettingsService$Lifecycle took to complete: 0ms
02-06 09:05:47.462   262   282 I ActivityManagerTiming: OnBootPhase_1000_com.android.server.testharness.TestHarnessModeService
02-06 09:05:47.462   262   282 D TestHarnessModeService: Completing Test Harness Mode setup.
02-06 09:05:47.462   262   282 D TestHarnessModeService: Getting PersistentDataBlockManagerInternal from LocalServices
02-06 09:05:47.462   262   282 E TestHarnessModeService: Failed to start Test Harness Mode; no implementation of PersistentDataBlockManagerInternal was bound!
02-06 09:05:47.462   262   282 D ActivityManagerTiming: OnBootPhase_1000_com.android.server.testharness.TestHarnessModeService took to complete: 0ms
02-06 09:05:47.462   262   282 I ActivityManagerTiming: OnBootPhase_1000_com.android.server.DeviceIdleController
02-06 09:05:47.462   262   282 D ActivityManagerTiming: OnBootPhase_1000_com.android.server.DeviceIdleController took to complete: 0ms
02-06 09:05:47.462   262   282 I ActivityManagerTiming: OnBootPhase_1000_com.android.server.devicepolicy.DevicePolicyManagerService$Lifecycle
02-06 09:05:47.462   262   282 D ActivityManagerTiming: OnBootPhase_1000_com.android.server.devicepolicy.DevicePolicyManagerService$Lifecycle took to complete: 0ms
02-06 09:05:47.462   262   282 I ActivityManagerTiming: OnBootPhase_1000_com.android.server.textservices.TextServicesManagerService$Lifecycle
02-06 09:05:47.462   262   282 D ActivityManagerTiming: OnBootPhase_1000_com.android.server.textservices.TextServicesManagerService$Lifecycle took to complete: 0ms
02-06 09:05:47.462    29    29 D vold    : fscrypt_unlock_user_key 0 serial=0 token_present=0
02-06 09:05:47.462   262   282 I ActivityManagerTiming: OnBootPhase_1000_com.android.server.textclassifier.TextClassificationManagerService$Lifecycle
02-06 09:05:47.462   262   282 D ActivityManagerTiming: OnBootPhase_1000_com.android.server.textclassifier.TextClassificationManagerService$Lifecycle took to complete: 0ms
02-06 09:05:47.462   262   282 I ActivityManagerTiming: OnBootPhase_1000_com.android.server.NetworkScoreService$Lifecycle
02-06 09:05:47.462   262   282 D ActivityManagerTiming: OnBootPhase_1000_com.android.server.NetworkScoreService$Lifecycle took to complete: 0ms
02-06 09:05:47.462   262   282 I ActivityManagerTiming: OnBootPhase_1000_com.android.server.wifi.WifiService
02-06 09:05:47.462   262   282 D ActivityManagerTiming: OnBootPhase_1000_com.android.server.wifi.WifiService took to complete: 0ms
02-06 09:05:47.462   262   282 I ActivityManagerTiming: OnBootPhase_1000_com.android.server.wifi.scanner.WifiScanningService
02-06 09:05:47.462   262   282 D ActivityManagerTiming: OnBootPhase_1000_com.android.server.wifi.scanner.WifiScanningService took to complete: 0ms
02-06 09:05:47.462   262   282 I ActivityManagerTiming: OnBootPhase_1000_com.android.server.ethernet.EthernetService
02-06 09:05:47.462   262   282 D ActivityManagerTiming: OnBootPhase_1000_com.android.server.ethernet.EthernetService took to complete: 0ms
02-06 09:05:47.462   262   327 D StorageManagerService: Thinking about reset, mBootCompleted=true, mDaemonConnected=true
02-06 09:05:47.462   262   282 I ActivityManagerTiming: OnBootPhase_1000_com.android.server.notification.NotificationManagerService
02-06 09:05:47.462   262   282 D ActivityManagerTiming: OnBootPhase_1000_com.android.server.notification.NotificationManagerService took to complete: 0ms
02-06 09:05:47.462   262   282 I ActivityManagerTiming: OnBootPhase_1000_com.android.server.storage.DeviceStorageMonitorService
02-06 09:05:47.462   262   282 D ActivityManagerTiming: OnBootPhase_1000_com.android.server.storage.DeviceStorageMonitorService took to complete: 0ms
02-06 09:05:47.462   262   282 I ActivityManagerTiming: OnBootPhase_1000_com.android.server.location.LocationManagerService$Lifecycle
02-06 09:05:47.462   262   282 D ActivityManagerTiming: OnBootPhase_1000_com.android.server.location.LocationManagerService$Lifecycle took to complete: 0ms
02-06 09:05:47.462   262   327 I StorageSessionController: Started resetting external storage service...
02-06 09:05:47.462   262   282 I ActivityManagerTiming: OnBootPhase_1000_com.android.server.timedetector.TimeDetectorService$Lifecycle
02-06 09:05:47.462   262   327 I StorageSessionController: Finished resetting external storage service
02-06 09:05:47.462   262   282 D ActivityManagerTiming: OnBootPhase_1000_com.android.server.timedetector.TimeDetectorService$Lifecycle took to complete: 0ms
02-06 09:05:47.462   262   327 I StorageManagerService: Resetting vold...
02-06 09:05:47.462   262   282 I ActivityManagerTiming: OnBootPhase_1000_com.android.server.timezonedetector.TimeZoneDetectorService$Lifecycle
02-06 09:05:47.462   262   282 D ActivityManagerTiming: OnBootPhase_1000_com.android.server.timezonedetector.TimeZoneDetectorService$Lifecycle took to complete: 0ms
02-06 09:05:47.462   262   282 I ActivityManagerTiming: OnBootPhase_1000_com.android.server.search.SearchManagerService$Lifecycle
02-06 09:05:47.462   262   282 D ActivityManagerTiming: OnBootPhase_1000_com.android.server.search.SearchManagerService$Lifecycle took to complete: 0ms
02-06 09:05:47.462   262   282 I ActivityManagerTiming: OnBootPhase_1000_com.android.server.wallpaper.WallpaperManagerService$Lifecycle
02-06 09:05:47.462   262   282 D ActivityManagerTiming: OnBootPhase_1000_com.android.server.wallpaper.WallpaperManagerService$Lifecycle took to complete: 0ms
02-06 09:05:47.462   262   282 I ActivityManagerTiming: OnBootPhase_1000_com.android.server.audio.AudioService$Lifecycle
02-06 09:05:47.462   262   282 D ActivityManagerTiming: OnBootPhase_1000_com.android.server.audio.AudioService$Lifecycle took to complete: 0ms
02-06 09:05:47.462   262   282 I ActivityManagerTiming: OnBootPhase_1000_com.android.server.soundtrigger_middleware.SoundTriggerMiddlewareService$Lifecycle
02-06 09:05:47.462   262   282 D ActivityManagerTiming: OnBootPhase_1000_com.android.server.soundtrigger_middleware.SoundTriggerMiddlewareService$Lifecycle took to complete: 0ms
02-06 09:05:47.462   262   282 I ActivityManagerTiming: OnBootPhase_1000_com.android.server.DockObserver
02-06 09:05:47.462   262   327 I StorageManagerService: Reset vold
02-06 09:05:47.462   262   282 D ActivityManagerTiming: OnBootPhase_1000_com.android.server.DockObserver took to complete: 0ms
02-06 09:05:47.462   262   282 I ActivityManagerTiming: OnBootPhase_1000_com.android.server.adb.AdbService$Lifecycle
02-06 09:05:47.462    29    29 I vold    : onUserAdded: 0
02-06 09:05:47.462   262   282 D ActivityManagerTiming: OnBootPhase_1000_com.android.server.adb.AdbService$Lifecycle took to complete: 0ms
02-06 09:05:47.462   262   282 I ActivityManagerTiming: OnBootPhase_1000_com.android.server.usb.UsbService$Lifecycle
02-06 09:05:47.462   262   282 D ActivityManagerTiming: OnBootPhase_1000_com.android.server.usb.UsbService$Lifecycle took to complete: 0ms
02-06 09:05:47.462   262   282 I ActivityManagerTiming: OnBootPhase_1000_com.android.server.twilight.TwilightService
02-06 09:05:47.462   262   282 D ActivityManagerTiming: OnBootPhase_1000_com.android.server.twilight.TwilightService took to complete: 0ms
02-06 09:05:47.462   262   282 I ActivityManagerTiming: OnBootPhase_1000_com.android.server.display.color.ColorDisplayService
02-06 09:05:47.462   262   282 D ActivityManagerTiming: OnBootPhase_1000_com.android.server.display.color.ColorDisplayService took to complete: 0ms
02-06 09:05:47.462   262   282 I ActivityManagerTiming: OnBootPhase_1000_com.android.server.job.JobSchedulerService
02-06 09:05:47.462   262   282 D ActivityManagerTiming: OnBootPhase_1000_com.android.server.job.JobSchedulerService took to complete: 0ms
02-06 09:05:47.462   262   282 I ActivityManagerTiming: OnBootPhase_1000_com.android.server.soundtrigger.SoundTriggerService
02-06 09:05:47.462   262   282 D SoundTriggerService: onBootPhase: 1000 : false
02-06 09:05:47.462   262   282 D ActivityManagerTiming: OnBootPhase_1000_com.android.server.soundtrigger.SoundTriggerService took to complete: 0ms
02-06 09:05:47.462   262   282 I ActivityManagerTiming: OnBootPhase_1000_com.android.server.trust.TrustManagerService
02-06 09:05:47.462   262   282 D ActivityManagerTiming: OnBootPhase_1000_com.android.server.trust.TrustManagerService took to complete: 0ms
02-06 09:05:47.462   262   282 I ActivityManagerTiming: OnBootPhase_1000_com.android.server.backup.BackupManagerService$Lifecycle
02-06 09:05:47.462   262   282 D ActivityManagerTiming: OnBootPhase_1000_com.android.server.backup.BackupManagerService$Lifecycle took to complete: 0ms
02-06 09:05:47.462   262   282 I ActivityManagerTiming: OnBootPhase_1000_com.android.server.appwidget.AppWidgetService
02-06 09:05:47.462   262   282 D ActivityManagerTiming: OnBootPhase_1000_com.android.server.appwidget.AppWidgetService took to complete: 0ms
02-06 09:05:47.462   262   282 I ActivityManagerTiming: OnBootPhase_1000_com.android.server.role.RoleManagerService
02-06 09:05:47.462   262   282 D ActivityManagerTiming: OnBootPhase_1000_com.android.server.role.RoleManagerService took to complete: 0ms
02-06 09:05:47.462   262   282 I ActivityManagerTiming: OnBootPhase_1000_com.android.server.voiceinteraction.VoiceInteractionManagerService
02-06 09:05:47.462   262   282 D ActivityManagerTiming: OnBootPhase_1000_com.android.server.voiceinteraction.VoiceInteractionManagerService took to complete: 0ms
02-06 09:05:47.462   262   282 I ActivityManagerTiming: OnBootPhase_1000_com.android.server.GestureLauncherService
02-06 09:05:47.462   262   282 D ActivityManagerTiming: OnBootPhase_1000_com.android.server.GestureLauncherService took to complete: 0ms
02-06 09:05:47.462   262   282 I ActivityManagerTiming: OnBootPhase_1000_com.android.server.SensorNotificationService
02-06 09:05:47.464   262   339 D ConnectivityService: Got NetworkProvider Messenger for WifiNetworkFactory
02-06 09:05:47.464   262   339 D ConnectivityService: Got NetworkProvider Messenger for UntrustedWifiNetworkFactory
02-06 09:05:47.473   262   289 I ActivityManager: Start proc 882:com.android.inputmethod.latin/u0a126 for service {com.android.inputmethod.latin/com.android.inputmethod.latin.LatinIME}
02-06 09:05:47.474   262   282 D ActivityManagerTiming: OnBootPhase_1000_com.android.server.SensorNotificationService took to complete: 12ms
02-06 09:05:47.474   262   282 I ActivityManagerTiming: OnBootPhase_1000_com.android.server.emergency.EmergencyAffordanceService
02-06 09:05:47.474   262   282 D ActivityManagerTiming: OnBootPhase_1000_com.android.server.emergency.EmergencyAffordanceService took to complete: 0ms
02-06 09:05:47.474   262   282 I ActivityManagerTiming: OnBootPhase_1000_com.android.server.dreams.DreamManagerService
02-06 09:05:47.474   262   282 D ActivityManagerTiming: OnBootPhase_1000_com.android.server.dreams.DreamManagerService took to complete: 0ms
02-06 09:05:47.474   262   282 I ActivityManagerTiming: OnBootPhase_1000_com.android.server.print.PrintManagerService
02-06 09:05:47.474   262   282 D ActivityManagerTiming: OnBootPhase_1000_com.android.server.print.PrintManagerService took to complete: 0ms
02-06 09:05:47.474   262   282 I ActivityManagerTiming: OnBootPhase_1000_com.android.server.companion.CompanionDeviceManagerService
02-06 09:05:47.474   262   282 D ActivityManagerTiming: OnBootPhase_1000_com.android.server.companion.CompanionDeviceManagerService took to complete: 0ms
02-06 09:05:47.474   262   282 I ActivityManagerTiming: OnBootPhase_1000_com.android.server.restrictions.RestrictionsManagerService
02-06 09:05:47.474   262   282 D ActivityManagerTiming: OnBootPhase_1000_com.android.server.restrictions.RestrictionsManagerService took to complete: 0ms
02-06 09:05:47.474   262   282 I ActivityManagerTiming: OnBootPhase_1000_com.android.server.media.MediaSessionService
02-06 09:05:47.474   262   282 D ActivityManagerTiming: OnBootPhase_1000_com.android.server.media.MediaSessionService took to complete: 0ms
02-06 09:05:47.474   262   282 I ActivityManagerTiming: OnBootPhase_1000_com.android.server.media.MediaResourceMonitorService
02-06 09:05:47.474   262   282 D ActivityManagerTiming: OnBootPhase_1000_com.android.server.media.MediaResourceMonitorService took to complete: 0ms
02-06 09:05:47.474   262   282 I ActivityManagerTiming: OnBootPhase_1000_com.android.server.biometrics.BiometricService
02-06 09:05:47.474   262   282 D ActivityManagerTiming: OnBootPhase_1000_com.android.server.biometrics.BiometricService took to complete: 0ms
02-06 09:05:47.474   262   282 I ActivityManagerTiming: OnBootPhase_1000_com.android.server.biometrics.AuthService
02-06 09:05:47.474   262   282 D ActivityManagerTiming: OnBootPhase_1000_com.android.server.biometrics.AuthService took to complete: 0ms
02-06 09:05:47.474   262   282 I ActivityManagerTiming: OnBootPhase_1000_com.android.server.blob.BlobStoreManagerService
02-06 09:05:47.474   262   282 D ActivityManagerTiming: OnBootPhase_1000_com.android.server.blob.BlobStoreManagerService took to complete: 0ms
02-06 09:05:47.474   262   282 I ActivityManagerTiming: OnBootPhase_1000_com.android.server.pm.ShortcutService$Lifecycle
02-06 09:05:47.474   262   282 D ActivityManagerTiming: OnBootPhase_1000_com.android.server.pm.ShortcutService$Lifecycle took to complete: 0ms
02-06 09:05:47.474   262   282 I ActivityManagerTiming: OnBootPhase_1000_com.android.server.pm.LauncherAppsService
02-06 09:05:47.474   262   282 D ActivityManagerTiming: OnBootPhase_1000_com.android.server.pm.LauncherAppsService took to complete: 0ms
02-06 09:05:47.474   262   282 I ActivityManagerTiming: OnBootPhase_1000_com.android.server.pm.CrossProfileAppsService
02-06 09:05:47.474   262   282 D ActivityManagerTiming: OnBootPhase_1000_com.android.server.pm.CrossProfileAppsService took to complete: 0ms
02-06 09:05:47.474   262   282 I ActivityManagerTiming: OnBootPhase_1000_com.android.server.people.PeopleService
02-06 09:05:47.474   262   282 D ActivityManagerTiming: OnBootPhase_1000_com.android.server.people.PeopleService took to complete: 0ms
02-06 09:05:47.474   262   282 I ActivityManagerTiming: OnBootPhase_1000_com.android.server.media.projection.MediaProjectionManagerService
02-06 09:05:47.474   262   282 D ActivityManagerTiming: OnBootPhase_1000_com.android.server.media.projection.MediaProjectionManagerService took to complete: 0ms
02-06 09:05:47.474   262   282 I ActivityManagerTiming: OnBootPhase_1000_com.android.server.slice.SliceManagerService$Lifecycle
02-06 09:05:47.474   262   282 D ActivityManagerTiming: OnBootPhase_1000_com.android.server.slice.SliceManagerService$Lifecycle took to complete: 0ms
02-06 09:05:47.474   262   282 I ActivityManagerTiming: OnBootPhase_1000_com.android.server.camera.CameraServiceProxy
02-06 09:05:47.474   262   282 D ActivityManagerTiming: OnBootPhase_1000_com.android.server.camera.CameraServiceProxy took to complete: 0ms
02-06 09:05:47.474   262   282 I ActivityManagerTiming: OnBootPhase_1000_com.android.server.stats.StatsCompanion$Lifecycle
02-06 09:05:47.474   262   282 D ActivityManagerTiming: OnBootPhase_1000_com.android.server.stats.StatsCompanion$Lifecycle took to complete: 0ms
02-06 09:05:47.474   262   282 I ActivityManagerTiming: OnBootPhase_1000_com.android.server.stats.pull.StatsPullAtomService
02-06 09:05:47.474   262   282 D ActivityManagerTiming: OnBootPhase_1000_com.android.server.stats.pull.StatsPullAtomService took to complete: 0ms
02-06 09:05:47.474   262   282 I ActivityManagerTiming: OnBootPhase_1000_com.android.server.incident.IncidentCompanionService
02-06 09:05:47.474   262   282 D ActivityManagerTiming: OnBootPhase_1000_com.android.server.incident.IncidentCompanionService took to complete: 0ms
02-06 09:05:47.474   262   282 I ActivityManagerTiming: OnBootPhase_1000_com.android.server.MmsServiceBroker
02-06 09:05:47.474   262   282 D ActivityManagerTiming: OnBootPhase_1000_com.android.server.MmsServiceBroker took to complete: 0ms
02-06 09:05:47.474   262   282 I ActivityManagerTiming: OnBootPhase_1000_com.android.server.autofill.AutofillManagerService
02-06 09:05:47.474   262   282 D ActivityManagerTiming: OnBootPhase_1000_com.android.server.autofill.AutofillManagerService took to complete: 0ms
02-06 09:05:47.474   262   282 I ActivityManagerTiming: OnBootPhase_1000_com.android.server.clipboard.ClipboardService
02-06 09:05:47.474   262   282 D ActivityManagerTiming: OnBootPhase_1000_com.android.server.clipboard.ClipboardService took to complete: 0ms
02-06 09:05:47.474   262   282 I ActivityManagerTiming: OnBootPhase_1000_com.android.server.appbinding.AppBindingService$Lifecycle
02-06 09:05:47.474   262   282 D ActivityManagerTiming: OnBootPhase_1000_com.android.server.appbinding.AppBindingService$Lifecycle took to complete: 0ms
02-06 09:05:47.474   262   282 I ActivityManagerTiming: OnBootPhase_1000_org.lineageos.platform.internal.ProfileManagerService
02-06 09:05:47.475   262   282 D ActivityManagerTiming: OnBootPhase_1000_org.lineageos.platform.internal.ProfileManagerService took to complete: 0ms
02-06 09:05:47.475   262   282 I ActivityManagerTiming: OnBootPhase_1000_org.lineageos.platform.internal.LineageHardwareService
02-06 09:05:47.475   262   282 D ActivityManagerTiming: OnBootPhase_1000_org.lineageos.platform.internal.LineageHardwareService took to complete: 1ms
02-06 09:05:47.475   262   282 I ActivityManagerTiming: OnBootPhase_1000_org.lineageos.platform.internal.PerformanceManagerService
02-06 09:05:47.475   262   282 D ActivityManagerTiming: OnBootPhase_1000_org.lineageos.platform.internal.PerformanceManagerService took to complete: 0ms
02-06 09:05:47.475   262   282 I ActivityManagerTiming: OnBootPhase_1000_org.lineageos.platform.internal.display.LiveDisplayService
02-06 09:05:47.476   262   282 D ActivityManagerTiming: OnBootPhase_1000_org.lineageos.platform.internal.display.LiveDisplayService took to complete: 1ms
02-06 09:05:47.476   262   282 I ActivityManagerTiming: OnBootPhase_1000_org.lineageos.platform.internal.LineageAudioService
02-06 09:05:47.476   262   282 D ActivityManagerTiming: OnBootPhase_1000_org.lineageos.platform.internal.LineageAudioService took to complete: 0ms
02-06 09:05:47.476   262   282 I ActivityManagerTiming: OnBootPhase_1000_org.lineageos.platform.internal.LineageSettingsService
02-06 09:05:47.476   262   282 D ActivityManagerTiming: OnBootPhase_1000_org.lineageos.platform.internal.LineageSettingsService took to complete: 0ms
